test (3.11)	Set up job	锘?026-02-15T14:57:26.5603266Z Current runner version: '2.331.0'
test (3.11)	Set up job	2026-02-15T14:57:26.5625766Z ##[group]Runner Image Provisioner
test (3.11)	Set up job	2026-02-15T14:57:26.5626663Z Hosted Compute Agent
test (3.11)	Set up job	2026-02-15T14:57:26.5627213Z Version: 20260123.484
test (3.11)	Set up job	2026-02-15T14:57:26.5627854Z Commit: 6bd6555ca37d84114959e1c76d2c01448ff61c5d
test (3.11)	Set up job	2026-02-15T14:57:26.5628496Z Build Date: 2026-01-23T19:41:17Z
test (3.11)	Set up job	2026-02-15T14:57:26.5629069Z Worker ID: {e7bc08c2-3d4a-4372-8608-6d9459be9c8b}
test (3.11)	Set up job	2026-02-15T14:57:26.5629673Z Azure Region: westus3
test (3.11)	Set up job	2026-02-15T14:57:26.5630183Z ##[endgroup]
test (3.11)	Set up job	2026-02-15T14:57:26.5631428Z ##[group]Operating System
test (3.11)	Set up job	2026-02-15T14:57:26.5631947Z Ubuntu
test (3.11)	Set up job	2026-02-15T14:57:26.5632386Z 24.04.3
test (3.11)	Set up job	2026-02-15T14:57:26.5632770Z LTS
test (3.11)	Set up job	2026-02-15T14:57:26.5633183Z ##[endgroup]
test (3.11)	Set up job	2026-02-15T14:57:26.5633572Z ##[group]Runner Image
test (3.11)	Set up job	2026-02-15T14:57:26.5634115Z Image: ubuntu-24.04
test (3.11)	Set up job	2026-02-15T14:57:26.5634571Z Version: 20260209.23.1
test (3.11)	Set up job	2026-02-15T14:57:26.5635403Z Included Software: https://github.com/actions/runner-images/blob/ubuntu24/20260209.23/images/ubuntu/Ubuntu2404-Readme.md
test (3.11)	Set up job	2026-02-15T14:57:26.5636853Z Image Release: https://github.com/actions/runner-images/releases/tag/ubuntu24%2F20260209.23
test (3.11)	Set up job	2026-02-15T14:57:26.5637789Z ##[endgroup]
test (3.11)	Set up job	2026-02-15T14:57:26.5638792Z ##[group]GITHUB_TOKEN Permissions
test (3.11)	Set up job	2026-02-15T14:57:26.5640520Z Contents: read
test (3.11)	Set up job	2026-02-15T14:57:26.5641064Z Metadata: read
test (3.11)	Set up job	2026-02-15T14:57:26.5641479Z Packages: read
test (3.11)	Set up job	2026-02-15T14:57:26.5641938Z ##[endgroup]
test (3.11)	Set up job	2026-02-15T14:57:26.5643832Z Secret source: Actions
test (3.11)	Set up job	2026-02-15T14:57:26.5644436Z Prepare workflow directory
test (3.11)	Set up job	2026-02-15T14:57:26.6116672Z Prepare all required actions
test (3.11)	Set up job	2026-02-15T14:57:26.6153957Z Getting action download info
test (3.11)	Set up job	2026-02-15T14:57:26.9784055Z Download action repository 'actions/checkout@v4' (SHA:34e114876b0b11c390a56381ad16ebd13914f8d5)
test (3.11)	Set up job	2026-02-15T14:57:27.1277228Z Download action repository 'actions/setup-python@v4' (SHA:7f4fc3e22c37d6ff65e88745f38bd3157c663f7c)
test (3.11)	Set up job	2026-02-15T14:57:27.2708935Z Complete job name: test (3.11)
test (3.11)	Checkout	锘?026-02-15T14:57:27.3277378Z ##[group]Run actions/checkout@v4
test (3.11)	Checkout	2026-02-15T14:57:27.3278660Z with:
test (3.11)	Checkout	2026-02-15T14:57:27.3279120Z   repository: liumem1976/Apartment
test (3.11)	Checkout	2026-02-15T14:57:27.3385601Z   token: ***
test (3.11)	Checkout	2026-02-15T14:57:27.3386015Z   ssh-strict: true
test (3.11)	Checkout	2026-02-15T14:57:27.3386433Z   ssh-user: git
test (3.11)	Checkout	2026-02-15T14:57:27.3386791Z   persist-credentials: true
test (3.11)	Checkout	2026-02-15T14:57:27.3387193Z   clean: true
test (3.11)	Checkout	2026-02-15T14:57:27.3387660Z   sparse-checkout-cone-mode: true
test (3.11)	Checkout	2026-02-15T14:57:27.3388091Z   fetch-depth: 1
test (3.11)	Checkout	2026-02-15T14:57:27.3388426Z   fetch-tags: false
test (3.11)	Checkout	2026-02-15T14:57:27.3388778Z   show-progress: true
test (3.11)	Checkout	2026-02-15T14:57:27.3389134Z   lfs: false
test (3.11)	Checkout	2026-02-15T14:57:27.3389451Z   submodules: false
test (3.11)	Checkout	2026-02-15T14:57:27.3389805Z   set-safe-directory: true
test (3.11)	Checkout	2026-02-15T14:57:27.3390725Z env:
test (3.11)	Checkout	2026-02-15T14:57:27.3391063Z   DATABASE_URL: sqlite:///./data/app.db
test (3.11)	Checkout	2026-02-15T14:57:27.3391584Z   PYTHONPATH: /home/runner/work/Apartment/Apartment
test (3.11)	Checkout	2026-02-15T14:57:27.3392543Z   CI_READ_TOKEN: ***
test (3.11)	Checkout	2026-02-15T14:57:27.3392889Z ##[endgroup]
test (3.11)	Checkout	2026-02-15T14:57:27.4421789Z Syncing repository: liumem1976/Apartment
test (3.11)	Checkout	2026-02-15T14:57:27.4423413Z ##[group]Getting Git version info
test (3.11)	Checkout	2026-02-15T14:57:27.4424026Z Working directory is '/home/runner/work/Apartment/Apartment'
test (3.11)	Checkout	2026-02-15T14:57:27.4424910Z [command]/usr/bin/git version
test (3.11)	Checkout	2026-02-15T14:57:27.4431928Z git version 2.52.0
test (3.11)	Checkout	2026-02-15T14:57:27.4452241Z ##[endgroup]
test (3.11)	Checkout	2026-02-15T14:57:27.4464578Z Temporarily overriding HOME='/home/runner/work/_temp/7748fc2d-c397-43c7-aed4-41866cce4744' before making global git config changes
test (3.11)	Checkout	2026-02-15T14:57:27.4466221Z Adding repository directory to the temporary git global config as a safe directory
test (3.11)	Checkout	2026-02-15T14:57:27.4469007Z [command]/usr/bin/git config --global --add safe.directory /home/runner/work/Apartment/Apartment
test (3.11)	Checkout	2026-02-15T14:57:27.4502743Z Deleting the contents of '/home/runner/work/Apartment/Apartment'
test (3.11)	Checkout	2026-02-15T14:57:27.4505651Z ##[group]Initializing the repository
test (3.11)	Checkout	2026-02-15T14:57:27.4509325Z [command]/usr/bin/git init /home/runner/work/Apartment/Apartment
test (3.11)	Checkout	2026-02-15T14:57:27.4585015Z hint: Using 'master' as the name for the initial branch. This default branch name
test (3.11)	Checkout	2026-02-15T14:57:27.4586775Z hint: will change to "main" in Git 3.0. To configure the initial branch name
test (3.11)	Checkout	2026-02-15T14:57:27.4588273Z hint: to use in all of your new repositories, which will suppress this warning,
test (3.11)	Checkout	2026-02-15T14:57:27.4589407Z hint: call:
test (3.11)	Checkout	2026-02-15T14:57:27.4590002Z hint:
test (3.11)	Checkout	2026-02-15T14:57:27.4590662Z hint: 	git config --global init.defaultBranch <name>
test (3.11)	Checkout	2026-02-15T14:57:27.4591165Z hint:
test (3.11)	Checkout	2026-02-15T14:57:27.4591637Z hint: Names commonly chosen instead of 'master' are 'main', 'trunk' and
test (3.11)	Checkout	2026-02-15T14:57:27.4592402Z hint: 'development'. The just-created branch can be renamed via this command:
test (3.11)	Checkout	2026-02-15T14:57:27.4592996Z hint:
test (3.11)	Checkout	2026-02-15T14:57:27.4593316Z hint: 	git branch -m <name>
test (3.11)	Checkout	2026-02-15T14:57:27.4593687Z hint:
test (3.11)	Checkout	2026-02-15T14:57:27.4594269Z hint: Disable this message with "git config set advice.defaultBranchName false"
test (3.11)	Checkout	2026-02-15T14:57:27.4595490Z Initialized empty Git repository in /home/runner/work/Apartment/Apartment/.git/
test (3.11)	Checkout	2026-02-15T14:57:27.4600765Z [command]/usr/bin/git remote add origin https://github.com/liumem1976/Apartment
test (3.11)	Checkout	2026-02-15T14:57:27.4626970Z ##[endgroup]
test (3.11)	Checkout	2026-02-15T14:57:27.4627900Z ##[group]Disabling automatic garbage collection
test (3.11)	Checkout	2026-02-15T14:57:27.4630876Z [command]/usr/bin/git config --local gc.auto 0
test (3.11)	Checkout	2026-02-15T14:57:27.4652543Z ##[endgroup]
test (3.11)	Checkout	2026-02-15T14:57:27.4653159Z ##[group]Setting up auth
test (3.11)	Checkout	2026-02-15T14:57:27.4659150Z [command]/usr/bin/git config --local --name-only --get-regexp core\.sshCommand
test (3.11)	Checkout	2026-02-15T14:57:27.4685105Z [command]/usr/bin/git submodule foreach --recursive sh -c "git config --local --name-only --get-regexp 'core\.sshCommand' && git config --local --unset-all 'core.sshCommand' || :"
test (3.11)	Checkout	2026-02-15T14:57:27.4963017Z [command]/usr/bin/git config --local --name-only --get-regexp http\.https\:\/\/github\.com\/\.extraheader
test (3.11)	Checkout	2026-02-15T14:57:27.4985781Z [command]/usr/bin/git submodule foreach --recursive sh -c "git config --local --name-only --get-regexp 'http\.https\:\/\/github\.com\/\.extraheader' && git config --local --unset-all 'http.https://github.com/.extraheader' || :"
test (3.11)	Checkout	2026-02-15T14:57:27.5156770Z [command]/usr/bin/git config --local --name-only --get-regexp ^includeIf\.gitdir:
test (3.11)	Checkout	2026-02-15T14:57:27.5183474Z [command]/usr/bin/git submodule foreach --recursive git config --local --show-origin --name-only --get-regexp remote.origin.url
test (3.11)	Checkout	2026-02-15T14:57:27.5359406Z [command]/usr/bin/git config --local http.https://github.com/.extraheader AUTHORIZATION: basic ***
test (3.11)	Checkout	2026-02-15T14:57:27.5388653Z ##[endgroup]
test (3.11)	Checkout	2026-02-15T14:57:27.5389928Z ##[group]Fetching the repository
test (3.11)	Checkout	2026-02-15T14:57:27.5397945Z [command]/usr/bin/git -c protocol.version=2 fetch --no-tags --prune --no-recurse-submodules --depth=1 origin +742c8228de41b226c4e47ddebe1fdd084d518459:refs/remotes/pull/4/merge
test (3.11)	Checkout	2026-02-15T14:57:28.1574744Z From https://github.com/liumem1976/Apartment
test (3.11)	Checkout	2026-02-15T14:57:28.1575592Z  * [new ref]         742c8228de41b226c4e47ddebe1fdd084d518459 -> pull/4/merge
test (3.11)	Checkout	2026-02-15T14:57:28.1601134Z ##[endgroup]
test (3.11)	Checkout	2026-02-15T14:57:28.1601862Z ##[group]Determining the checkout info
test (3.11)	Checkout	2026-02-15T14:57:28.1602739Z ##[endgroup]
test (3.11)	Checkout	2026-02-15T14:57:28.1607072Z [command]/usr/bin/git sparse-checkout disable
test (3.11)	Checkout	2026-02-15T14:57:28.1701135Z [command]/usr/bin/git config --local --unset-all extensions.worktreeConfig
test (3.11)	Checkout	2026-02-15T14:57:28.1704989Z ##[group]Checking out the ref
test (3.11)	Checkout	2026-02-15T14:57:28.1706598Z [command]/usr/bin/git checkout --progress --force refs/remotes/pull/4/merge
test (3.11)	Checkout	2026-02-15T14:57:28.1915630Z Note: switching to 'refs/remotes/pull/4/merge'.
test (3.11)	Checkout	2026-02-15T14:57:28.1917168Z 
test (3.11)	Checkout	2026-02-15T14:57:28.1918066Z You are in 'detached HEAD' state. You can look around, make experimental
test (3.11)	Checkout	2026-02-15T14:57:28.1919885Z changes and commit them, and you can discard any commits you make in this
test (3.11)	Checkout	2026-02-15T14:57:28.1921621Z state without impacting any branches by switching back to a branch.
test (3.11)	Checkout	2026-02-15T14:57:28.1922594Z 
test (3.11)	Checkout	2026-02-15T14:57:28.1923171Z If you want to create a new branch to retain commits you create, you may
test (3.11)	Checkout	2026-02-15T14:57:28.1924774Z do so (now or later) by using -c with the switch command. Example:
test (3.11)	Checkout	2026-02-15T14:57:28.1925916Z 
test (3.11)	Checkout	2026-02-15T14:57:28.1926231Z   git switch -c <new-branch-name>
test (3.11)	Checkout	2026-02-15T14:57:28.1926815Z 
test (3.11)	Checkout	2026-02-15T14:57:28.1927115Z Or undo this operation with:
test (3.11)	Checkout	2026-02-15T14:57:28.1927790Z 
test (3.11)	Checkout	2026-02-15T14:57:28.1928065Z   git switch -
test (3.11)	Checkout	2026-02-15T14:57:28.1928423Z 
test (3.11)	Checkout	2026-02-15T14:57:28.1929108Z Turn off this advice by setting config variable advice.detachedHead to false
test (3.11)	Checkout	2026-02-15T14:57:28.1930354Z 
test (3.11)	Checkout	2026-02-15T14:57:28.1931624Z HEAD is now at 742c822 Merge 57950d885565aeafb9761197c8db1f56bff28177 into 21cadbdb645008ccf6c7f1434bed1e218b2e2eff
test (3.11)	Checkout	2026-02-15T14:57:28.1935105Z ##[endgroup]
test (3.11)	Checkout	2026-02-15T14:57:28.1954241Z [command]/usr/bin/git log -1 --format=%H
test (3.11)	Checkout	2026-02-15T14:57:28.1973302Z 742c8228de41b226c4e47ddebe1fdd084d518459
test (3.11)	Set up Python	锘?026-02-15T14:57:28.2243729Z ##[group]Run actions/setup-python@v4
test (3.11)	Set up Python	2026-02-15T14:57:28.2244751Z with:
test (3.11)	Set up Python	2026-02-15T14:57:28.2245444Z   python-version: 3.11
test (3.11)	Set up Python	2026-02-15T14:57:28.2246252Z   check-latest: false
test (3.11)	Set up Python	2026-02-15T14:57:28.2247309Z   token: ***
test (3.11)	Set up Python	2026-02-15T14:57:28.2248182Z   update-environment: true
test (3.11)	Set up Python	2026-02-15T14:57:28.2249099Z   allow-prereleases: false
test (3.11)	Set up Python	2026-02-15T14:57:28.2249944Z env:
test (3.11)	Set up Python	2026-02-15T14:57:28.2250646Z   DATABASE_URL: sqlite:///./data/app.db
test (3.11)	Set up Python	2026-02-15T14:57:28.2251792Z   PYTHONPATH: /home/runner/work/Apartment/Apartment
test (3.11)	Set up Python	2026-02-15T14:57:28.2254008Z   CI_READ_TOKEN: ***
test (3.11)	Set up Python	2026-02-15T14:57:28.2254765Z ##[endgroup]
test (3.11)	Set up Python	2026-02-15T14:57:28.3829123Z ##[group]Installed versions
test (3.11)	Set up Python	2026-02-15T14:57:28.3922769Z Successfully set up CPython (3.11.14)
test (3.11)	Set up Python	2026-02-15T14:57:28.3925272Z ##[endgroup]
test (3.11)	Install dependencies	锘?026-02-15T14:57:28.4045135Z ##[group]Run python -m pip install --upgrade pip
test (3.11)	Install dependencies	2026-02-15T14:57:28.4046465Z [36;1mpython -m pip install --upgrade pip[0m
test (3.11)	Install dependencies	2026-02-15T14:57:28.4048034Z [36;1mif [ -f requirements.txt ]; then pip install -r requirements.txt; fi[0m
test (3.11)	Install dependencies	2026-02-15T14:57:28.4090187Z shell: /usr/bin/bash -e {0}
test (3.11)	Install dependencies	2026-02-15T14:57:28.4091016Z env:
test (3.11)	Install dependencies	2026-02-15T14:57:28.4091661Z   DATABASE_URL: sqlite:///./data/app.db
test (3.11)	Install dependencies	2026-02-15T14:57:28.4092716Z   PYTHONPATH: /home/runner/work/Apartment/Apartment
test (3.11)	Install dependencies	2026-02-15T14:57:28.4094879Z   CI_READ_TOKEN: ***
test (3.11)	Install dependencies	2026-02-15T14:57:28.4095797Z   pythonLocation: /opt/hostedtoolcache/Python/3.11.14/x64
test (3.11)	Install dependencies	2026-02-15T14:57:28.4097260Z   PKG_CONFIG_PATH: /opt/hostedtoolcache/Python/3.11.14/x64/lib/pkgconfig
test (3.11)	Install dependencies	2026-02-15T14:57:28.4098959Z   Python_ROOT_DIR: /opt/hostedtoolcache/Python/3.11.14/x64
test (3.11)	Install dependencies	2026-02-15T14:57:28.4100290Z   Python2_ROOT_DIR: /opt/hostedtoolcache/Python/3.11.14/x64
test (3.11)	Install dependencies	2026-02-15T14:57:28.4101617Z   Python3_ROOT_DIR: /opt/hostedtoolcache/Python/3.11.14/x64
test (3.11)	Install dependencies	2026-02-15T14:57:28.4102976Z   LD_LIBRARY_PATH: /opt/hostedtoolcache/Python/3.11.14/x64/lib
test (3.11)	Install dependencies	2026-02-15T14:57:28.4104123Z ##[endgroup]
test (3.11)	Install dependencies	2026-02-15T14:57:29.0654310Z Requirement already satisfied: pip in /opt/hostedtoolcache/Python/3.11.14/x64/lib/python3.11/site-packages (26.0.1)
test (3.11)	Install dependencies	2026-02-15T14:57:29.7190672Z Collecting fastapi>=0.100.0 (from -r requirements.txt (line 1))
test (3.11)	Install dependencies	2026-02-15T14:57:29.7974001Z   Downloading fastapi-0.129.0-py3-none-any.whl.metadata (30 kB)
test (3.11)	Install dependencies	2026-02-15T14:57:29.8399211Z Collecting uvicorn>=0.22.0 (from uvicorn[standard]>=0.22.0->-r requirements.txt (line 2))
test (3.11)	Install dependencies	2026-02-15T14:57:29.8508757Z   Downloading uvicorn-0.40.0-py3-none-any.whl.metadata (6.7 kB)
test (3.11)	Install dependencies	2026-02-15T14:57:29.8732021Z Collecting sqlmodel==0.0.32 (from -r requirements.txt (line 3))
test (3.11)	Install dependencies	2026-02-15T14:57:29.8850330Z   Downloading sqlmodel-0.0.32-py3-none-any.whl.metadata (10 kB)
test (3.11)	Install dependencies	2026-02-15T14:57:30.0172841Z Collecting pydantic>=2.0 (from -r requirements.txt (line 4))
test (3.11)	Install dependencies	2026-02-15T14:57:30.0277040Z   Downloading pydantic-2.12.5-py3-none-any.whl.metadata (90 kB)
test (3.11)	Install dependencies	2026-02-15T14:57:30.0637980Z Collecting jinja2>=3.1.0 (from -r requirements.txt (line 5))
test (3.11)	Install dependencies	2026-02-15T14:57:30.0737835Z   Downloading jinja2-3.1.6-py3-none-any.whl.metadata (2.9 kB)
test (3.11)	Install dependencies	2026-02-15T14:57:30.0976208Z Collecting apscheduler>=3.10.0 (from -r requirements.txt (line 6))
test (3.11)	Install dependencies	2026-02-15T14:57:30.1076795Z   Downloading apscheduler-3.11.2-py3-none-any.whl.metadata (6.4 kB)
test (3.11)	Install dependencies	2026-02-15T14:57:30.1359004Z Collecting alembic>=1.11.0 (from -r requirements.txt (line 7))
test (3.11)	Install dependencies	2026-02-15T14:57:30.1460853Z   Downloading alembic-1.18.4-py3-none-any.whl.metadata (7.2 kB)
test (3.11)	Install dependencies	2026-02-15T14:57:30.1672764Z Collecting openpyxl>=3.1.0 (from -r requirements.txt (line 8))
test (3.11)	Install dependencies	2026-02-15T14:57:30.1778671Z   Downloading openpyxl-3.1.5-py2.py3-none-any.whl.metadata (2.5 kB)
test (3.11)	Install dependencies	2026-02-15T14:57:30.1954915Z Collecting python-multipart>=0.0.6 (from -r requirements.txt (line 9))
test (3.11)	Install dependencies	2026-02-15T14:57:30.2054594Z   Downloading python_multipart-0.0.22-py3-none-any.whl.metadata (1.8 kB)
test (3.11)	Install dependencies	2026-02-15T14:57:30.2276016Z Collecting httpx>=0.24.0 (from -r requirements.txt (line 10))
test (3.11)	Install dependencies	2026-02-15T14:57:30.2374910Z   Downloading httpx-0.28.1-py3-none-any.whl.metadata (7.1 kB)
test (3.11)	Install dependencies	2026-02-15T14:57:30.2709455Z Collecting pytest>=7.4.0 (from -r requirements.txt (line 11))
test (3.11)	Install dependencies	2026-02-15T14:57:30.2808210Z   Downloading pytest-9.0.2-py3-none-any.whl.metadata (7.6 kB)
test (3.11)	Install dependencies	2026-02-15T14:57:30.3017793Z Collecting python-dotenv>=1.2.0 (from -r requirements.txt (line 12))
test (3.11)	Install dependencies	2026-02-15T14:57:30.3116707Z   Downloading python_dotenv-1.2.1-py3-none-any.whl.metadata (25 kB)
test (3.11)	Install dependencies	2026-02-15T14:57:30.3373938Z Collecting passlib>=1.7.0 (from passlib[bcrypt]>=1.7.0->-r requirements.txt (line 13))
test (3.11)	Install dependencies	2026-02-15T14:57:30.3480987Z   Downloading passlib-1.7.4-py2.py3-none-any.whl.metadata (1.7 kB)
test (3.11)	Install dependencies	2026-02-15T14:57:30.3672562Z Collecting python-jose>=3.3.0 (from python-jose[cryptography]>=3.3.0->-r requirements.txt (line 14))
test (3.11)	Install dependencies	2026-02-15T14:57:30.3771606Z   Downloading python_jose-3.5.0-py2.py3-none-any.whl.metadata (5.5 kB)
test (3.11)	Install dependencies	2026-02-15T14:57:30.6387439Z Collecting SQLAlchemy<2.1.0,>=2.0.14 (from sqlmodel==0.0.32->-r requirements.txt (line 3))
test (3.11)	Install dependencies	2026-02-15T14:57:30.6490916Z   Downloading sqlalchemy-2.0.46-cp311-cp311-manylinux2014_x86_64.manylinux_2_17_x86_64.manylinux_2_28_x86_64.whl.metadata (9.5 kB)
test (3.11)	Install dependencies	2026-02-15T14:57:30.7719609Z Collecting greenlet>=1 (from SQLAlchemy<2.1.0,>=2.0.14->sqlmodel==0.0.32->-r requirements.txt (line 3))
test (3.11)	Install dependencies	2026-02-15T14:57:30.7824270Z   Downloading greenlet-3.3.1-cp311-cp311-manylinux_2_24_x86_64.manylinux_2_28_x86_64.whl.metadata (3.7 kB)
test (3.11)	Install dependencies	2026-02-15T14:57:30.8049456Z Collecting typing-extensions>=4.6.0 (from SQLAlchemy<2.1.0,>=2.0.14->sqlmodel==0.0.32->-r requirements.txt (line 3))
test (3.11)	Install dependencies	2026-02-15T14:57:30.8157815Z   Downloading typing_extensions-4.15.0-py3-none-any.whl.metadata (3.3 kB)
test (3.11)	Install dependencies	2026-02-15T14:57:30.8422736Z Collecting starlette<1.0.0,>=0.40.0 (from fastapi>=0.100.0->-r requirements.txt (line 1))
test (3.11)	Install dependencies	2026-02-15T14:57:30.8530883Z   Downloading starlette-0.52.1-py3-none-any.whl.metadata (6.3 kB)
test (3.11)	Install dependencies	2026-02-15T14:57:30.8753942Z Collecting typing-inspection>=0.4.2 (from fastapi>=0.100.0->-r requirements.txt (line 1))
test (3.11)	Install dependencies	2026-02-15T14:57:30.8853262Z   Downloading typing_inspection-0.4.2-py3-none-any.whl.metadata (2.6 kB)
test (3.11)	Install dependencies	2026-02-15T14:57:30.9015003Z Collecting annotated-doc>=0.0.2 (from fastapi>=0.100.0->-r requirements.txt (line 1))
test (3.11)	Install dependencies	2026-02-15T14:57:30.9111949Z   Downloading annotated_doc-0.0.4-py3-none-any.whl.metadata (6.6 kB)
test (3.11)	Install dependencies	2026-02-15T14:57:30.9381493Z Collecting anyio<5,>=3.6.2 (from starlette<1.0.0,>=0.40.0->fastapi>=0.100.0->-r requirements.txt (line 1))
test (3.11)	Install dependencies	2026-02-15T14:57:30.9481819Z   Downloading anyio-4.12.1-py3-none-any.whl.metadata (4.3 kB)
test (3.11)	Install dependencies	2026-02-15T14:57:30.9693802Z Collecting idna>=2.8 (from anyio<5,>=3.6.2->starlette<1.0.0,>=0.40.0->fastapi>=0.100.0->-r requirements.txt (line 1))
test (3.11)	Install dependencies	2026-02-15T14:57:30.9795012Z   Downloading idna-3.11-py3-none-any.whl.metadata (8.4 kB)
test (3.11)	Install dependencies	2026-02-15T14:57:31.0033582Z Collecting click>=7.0 (from uvicorn>=0.22.0->uvicorn[standard]>=0.22.0->-r requirements.txt (line 2))
test (3.11)	Install dependencies	2026-02-15T14:57:31.0131122Z   Downloading click-8.3.1-py3-none-any.whl.metadata (2.6 kB)
test (3.11)	Install dependencies	2026-02-15T14:57:31.0306722Z Collecting h11>=0.8 (from uvicorn>=0.22.0->uvicorn[standard]>=0.22.0->-r requirements.txt (line 2))
test (3.11)	Install dependencies	2026-02-15T14:57:31.0406061Z   Downloading h11-0.16.0-py3-none-any.whl.metadata (8.3 kB)
test (3.11)	Install dependencies	2026-02-15T14:57:31.0581979Z Collecting annotated-types>=0.6.0 (from pydantic>=2.0->-r requirements.txt (line 4))
test (3.11)	Install dependencies	2026-02-15T14:57:31.0691208Z   Downloading annotated_types-0.7.0-py3-none-any.whl.metadata (15 kB)
test (3.11)	Install dependencies	2026-02-15T14:57:31.6651531Z Collecting pydantic-core==2.41.5 (from pydantic>=2.0->-r requirements.txt (line 4))
test (3.11)	Install dependencies	2026-02-15T14:57:31.6752852Z   Downloading pydantic_core-2.41.5-cp311-cp311-manylinux_2_17_x86_64.manylinux2014_x86_64.whl.metadata (7.3 kB)
test (3.11)	Install dependencies	2026-02-15T14:57:31.7251376Z Collecting MarkupSafe>=2.0 (from jinja2>=3.1.0->-r requirements.txt (line 5))
test (3.11)	Install dependencies	2026-02-15T14:57:31.7351948Z   Downloading markupsafe-3.0.3-cp311-cp311-manylinux2014_x86_64.manylinux_2_17_x86_64.manylinux_2_28_x86_64.whl.metadata (2.7 kB)
test (3.11)	Install dependencies	2026-02-15T14:57:31.7549012Z Collecting tzlocal>=3.0 (from apscheduler>=3.10.0->-r requirements.txt (line 6))
test (3.11)	Install dependencies	2026-02-15T14:57:31.7647323Z   Downloading tzlocal-5.3.1-py3-none-any.whl.metadata (7.6 kB)
test (3.11)	Install dependencies	2026-02-15T14:57:31.7914018Z Collecting Mako (from alembic>=1.11.0->-r requirements.txt (line 7))
test (3.11)	Install dependencies	2026-02-15T14:57:31.8013319Z   Downloading mako-1.3.10-py3-none-any.whl.metadata (2.9 kB)
test (3.11)	Install dependencies	2026-02-15T14:57:31.8198773Z Collecting et-xmlfile (from openpyxl>=3.1.0->-r requirements.txt (line 8))
test (3.11)	Install dependencies	2026-02-15T14:57:31.8296592Z   Downloading et_xmlfile-2.0.0-py3-none-any.whl.metadata (2.7 kB)
test (3.11)	Install dependencies	2026-02-15T14:57:31.8538407Z Collecting certifi (from httpx>=0.24.0->-r requirements.txt (line 10))
test (3.11)	Install dependencies	2026-02-15T14:57:31.8636897Z   Downloading certifi-2026.1.4-py3-none-any.whl.metadata (2.5 kB)
test (3.11)	Install dependencies	2026-02-15T14:57:31.8867200Z Collecting httpcore==1.* (from httpx>=0.24.0->-r requirements.txt (line 10))
test (3.11)	Install dependencies	2026-02-15T14:57:31.8965941Z   Downloading httpcore-1.0.9-py3-none-any.whl.metadata (21 kB)
test (3.11)	Install dependencies	2026-02-15T14:57:31.9176805Z Collecting iniconfig>=1.0.1 (from pytest>=7.4.0->-r requirements.txt (line 11))
test (3.11)	Install dependencies	2026-02-15T14:57:31.9275566Z   Downloading iniconfig-2.3.0-py3-none-any.whl.metadata (2.5 kB)
test (3.11)	Install dependencies	2026-02-15T14:57:31.9489802Z Collecting packaging>=22 (from pytest>=7.4.0->-r requirements.txt (line 11))
test (3.11)	Install dependencies	2026-02-15T14:57:31.9597360Z   Downloading packaging-26.0-py3-none-any.whl.metadata (3.3 kB)
test (3.11)	Install dependencies	2026-02-15T14:57:31.9793041Z Collecting pluggy<2,>=1.5 (from pytest>=7.4.0->-r requirements.txt (line 11))
test (3.11)	Install dependencies	2026-02-15T14:57:31.9893121Z   Downloading pluggy-1.6.0-py3-none-any.whl.metadata (4.8 kB)
test (3.11)	Install dependencies	2026-02-15T14:57:32.0123488Z Collecting pygments>=2.7.2 (from pytest>=7.4.0->-r requirements.txt (line 11))
test (3.11)	Install dependencies	2026-02-15T14:57:32.0220946Z   Downloading pygments-2.19.2-py3-none-any.whl.metadata (2.5 kB)
test (3.11)	Install dependencies	2026-02-15T14:57:32.0421179Z Collecting ecdsa!=0.15 (from python-jose>=3.3.0->python-jose[cryptography]>=3.3.0->-r requirements.txt (line 14))
test (3.11)	Install dependencies	2026-02-15T14:57:32.0518536Z   Downloading ecdsa-0.19.1-py2.py3-none-any.whl.metadata (29 kB)
test (3.11)	Install dependencies	2026-02-15T14:57:32.0757059Z Collecting rsa!=4.1.1,!=4.4,<5.0,>=4.0 (from python-jose>=3.3.0->python-jose[cryptography]>=3.3.0->-r requirements.txt (line 14))
test (3.11)	Install dependencies	2026-02-15T14:57:32.0854799Z   Downloading rsa-4.9.1-py3-none-any.whl.metadata (5.6 kB)
test (3.11)	Install dependencies	2026-02-15T14:57:32.1104089Z Collecting pyasn1>=0.5.0 (from python-jose>=3.3.0->python-jose[cryptography]>=3.3.0->-r requirements.txt (line 14))
test (3.11)	Install dependencies	2026-02-15T14:57:32.1203499Z   Downloading pyasn1-0.6.2-py3-none-any.whl.metadata (8.4 kB)
test (3.11)	Install dependencies	2026-02-15T14:57:32.1423691Z Collecting six>=1.9.0 (from ecdsa!=0.15->python-jose>=3.3.0->python-jose[cryptography]>=3.3.0->-r requirements.txt (line 14))
test (3.11)	Install dependencies	2026-02-15T14:57:32.1524820Z   Downloading six-1.17.0-py2.py3-none-any.whl.metadata (1.7 kB)
test (3.11)	Install dependencies	2026-02-15T14:57:32.1951433Z Collecting bcrypt>=3.1.0 (from passlib[bcrypt]>=1.7.0->-r requirements.txt (line 13))
test (3.11)	Install dependencies	2026-02-15T14:57:32.2051343Z   Downloading bcrypt-5.0.0-cp39-abi3-manylinux_2_34_x86_64.whl.metadata (10 kB)
test (3.11)	Install dependencies	2026-02-15T14:57:32.3591494Z Collecting cryptography>=3.4.0 (from python-jose[cryptography]>=3.3.0->-r requirements.txt (line 14))
test (3.11)	Install dependencies	2026-02-15T14:57:32.3702631Z   Downloading cryptography-46.0.5-cp311-abi3-manylinux_2_34_x86_64.whl.metadata (5.7 kB)
test (3.11)	Install dependencies	2026-02-15T14:57:32.4630782Z Collecting cffi>=2.0.0 (from cryptography>=3.4.0->python-jose[cryptography]>=3.3.0->-r requirements.txt (line 14))
test (3.11)	Install dependencies	2026-02-15T14:57:32.4732499Z   Downloading cffi-2.0.0-cp311-cp311-manylinux2014_x86_64.manylinux_2_17_x86_64.whl.metadata (2.6 kB)
test (3.11)	Install dependencies	2026-02-15T14:57:32.4914682Z Collecting pycparser (from cffi>=2.0.0->cryptography>=3.4.0->python-jose[cryptography]>=3.3.0->-r requirements.txt (line 14))
test (3.11)	Install dependencies	2026-02-15T14:57:32.5012956Z   Downloading pycparser-3.0-py3-none-any.whl.metadata (8.2 kB)
test (3.11)	Install dependencies	2026-02-15T14:57:32.5909122Z Collecting httptools>=0.6.3 (from uvicorn[standard]>=0.22.0->-r requirements.txt (line 2))
test (3.11)	Install dependencies	2026-02-15T14:57:32.6011933Z   Downloading httptools-0.7.1-cp311-cp311-manylinux1_x86_64.manylinux_2_28_x86_64.manylinux_2_5_x86_64.whl.metadata (3.5 kB)
test (3.11)	Install dependencies	2026-02-15T14:57:32.6399847Z Collecting pyyaml>=5.1 (from uvicorn[standard]>=0.22.0->-r requirements.txt (line 2))
test (3.11)	Install dependencies	2026-02-15T14:57:32.6500951Z   Downloading pyyaml-6.0.3-cp311-cp311-manylinux2014_x86_64.manylinux_2_17_x86_64.manylinux_2_28_x86_64.whl.metadata (2.4 kB)
test (3.11)	Install dependencies	2026-02-15T14:57:32.6892114Z Collecting uvloop>=0.15.1 (from uvicorn[standard]>=0.22.0->-r requirements.txt (line 2))
test (3.11)	Install dependencies	2026-02-15T14:57:32.6995024Z   Downloading uvloop-0.22.1-cp311-cp311-manylinux2014_x86_64.manylinux_2_17_x86_64.manylinux_2_28_x86_64.whl.metadata (4.9 kB)
test (3.11)	Install dependencies	2026-02-15T14:57:32.7660285Z Collecting watchfiles>=0.13 (from uvicorn[standard]>=0.22.0->-r requirements.txt (line 2))
test (3.11)	Install dependencies	2026-02-15T14:57:32.7761363Z   Downloading watchfiles-1.1.1-cp311-cp311-manylinux_2_17_x86_64.manylinux2014_x86_64.whl.metadata (4.9 kB)
test (3.11)	Install dependencies	2026-02-15T14:57:32.8548841Z Collecting websockets>=10.4 (from uvicorn[standard]>=0.22.0->-r requirements.txt (line 2))
test (3.11)	Install dependencies	2026-02-15T14:57:32.8653187Z   Downloading websockets-16.0-cp311-cp311-manylinux1_x86_64.manylinux_2_28_x86_64.manylinux_2_5_x86_64.whl.metadata (6.8 kB)
test (3.11)	Install dependencies	2026-02-15T14:57:32.8917188Z Downloading sqlmodel-0.0.32-py3-none-any.whl (27 kB)
test (3.11)	Install dependencies	2026-02-15T14:57:32.9059790Z Downloading sqlalchemy-2.0.46-cp311-cp311-manylinux2014_x86_64.manylinux_2_17_x86_64.manylinux_2_28_x86_64.whl (3.3 MB)
test (3.11)	Install dependencies	2026-02-15T14:57:33.1358591Z    鈹佲攣鈹佲攣鈹佲攣鈹佲攣鈹佲攣鈹佲攣鈹佲攣鈹佲攣鈹佲攣鈹佲攣鈹佲攣鈹佲攣鈹佲攣鈹佲攣鈹佲攣鈹佲攣鈹佲攣鈹佲攣鈹佲攣鈹佲攣 3.3/3.3 MB 15.7 MB/s  0:00:00
test (3.11)	Install dependencies	2026-02-15T14:57:33.1461422Z Downloading fastapi-0.129.0-py3-none-any.whl (102 kB)
test (3.11)	Install dependencies	2026-02-15T14:57:33.1605359Z Downloading starlette-0.52.1-py3-none-any.whl (74 kB)
test (3.11)	Install dependencies	2026-02-15T14:57:33.1736836Z Downloading anyio-4.12.1-py3-none-any.whl (113 kB)
test (3.11)	Install dependencies	2026-02-15T14:57:33.1889164Z Downloading uvicorn-0.40.0-py3-none-any.whl (68 kB)
test (3.11)	Install dependencies	2026-02-15T14:57:33.2031608Z Downloading pydantic-2.12.5-py3-none-any.whl (463 kB)
test (3.11)	Install dependencies	2026-02-15T14:57:33.2317176Z Downloading pydantic_core-2.41.5-cp311-cp311-manylinux_2_17_x86_64.manylinux2014_x86_64.whl (2.1 MB)
test (3.11)	Install dependencies	2026-02-15T14:57:33.2966436Z    鈹佲攣鈹佲攣鈹佲攣鈹佲攣鈹佲攣鈹佲攣鈹佲攣鈹佲攣鈹佲攣鈹佲攣鈹佲攣鈹佲攣鈹佲攣鈹佲攣鈹佲攣鈹佲攣鈹佲攣鈹佲攣鈹佲攣鈹佲攣 2.1/2.1 MB 32.1 MB/s  0:00:00
test (3.11)	Install dependencies	2026-02-15T14:57:33.3068709Z Downloading jinja2-3.1.6-py3-none-any.whl (134 kB)
test (3.11)	Install dependencies	2026-02-15T14:57:33.3206722Z Downloading apscheduler-3.11.2-py3-none-any.whl (64 kB)
test (3.11)	Install dependencies	2026-02-15T14:57:33.3334247Z Downloading alembic-1.18.4-py3-none-any.whl (263 kB)
test (3.11)	Install dependencies	2026-02-15T14:57:33.3497809Z Downloading openpyxl-3.1.5-py2.py3-none-any.whl (250 kB)
test (3.11)	Install dependencies	2026-02-15T14:57:33.3660008Z Downloading python_multipart-0.0.22-py3-none-any.whl (24 kB)
test (3.11)	Install dependencies	2026-02-15T14:57:33.3781445Z Downloading httpx-0.28.1-py3-none-any.whl (73 kB)
test (3.11)	Install dependencies	2026-02-15T14:57:33.3911592Z Downloading httpcore-1.0.9-py3-none-any.whl (78 kB)
test (3.11)	Install dependencies	2026-02-15T14:57:33.4035039Z Downloading pytest-9.0.2-py3-none-any.whl (374 kB)
test (3.11)	Install dependencies	2026-02-15T14:57:33.4241108Z Downloading pluggy-1.6.0-py3-none-any.whl (20 kB)
test (3.11)	Install dependencies	2026-02-15T14:57:33.4375615Z Downloading python_dotenv-1.2.1-py3-none-any.whl (21 kB)
test (3.11)	Install dependencies	2026-02-15T14:57:33.4494996Z Downloading passlib-1.7.4-py2.py3-none-any.whl (525 kB)
test (3.11)	Install dependencies	2026-02-15T14:57:33.4638864Z    鈹佲攣鈹佲攣鈹佲攣鈹佲攣鈹佲攣鈹佲攣鈹佲攣鈹佲攣鈹佲攣鈹佲攣鈹佲攣鈹佲攣鈹佲攣鈹佲攣鈹佲攣鈹佲攣鈹佲攣鈹佲攣鈹佲攣鈹佲攣 525.6/525.6 kB 27.9 MB/s  0:00:00
test (3.11)	Install dependencies	2026-02-15T14:57:33.4738729Z Downloading python_jose-3.5.0-py2.py3-none-any.whl (34 kB)
test (3.11)	Install dependencies	2026-02-15T14:57:33.4859936Z Downloading rsa-4.9.1-py3-none-any.whl (34 kB)
test (3.11)	Install dependencies	2026-02-15T14:57:33.4986818Z Downloading annotated_doc-0.0.4-py3-none-any.whl (5.3 kB)
test (3.11)	Install dependencies	2026-02-15T14:57:33.5109953Z Downloading annotated_types-0.7.0-py3-none-any.whl (13 kB)
test (3.11)	Install dependencies	2026-02-15T14:57:33.5230397Z Downloading click-8.3.1-py3-none-any.whl (108 kB)
test (3.11)	Install dependencies	2026-02-15T14:57:33.5363067Z Downloading ecdsa-0.19.1-py2.py3-none-any.whl (150 kB)
test (3.11)	Install dependencies	2026-02-15T14:57:33.5518220Z Downloading greenlet-3.3.1-cp311-cp311-manylinux_2_24_x86_64.manylinux_2_28_x86_64.whl (590 kB)
test (3.11)	Install dependencies	2026-02-15T14:57:33.5670402Z    鈹佲攣鈹佲攣鈹佲攣鈹佲攣鈹佲攣鈹佲攣鈹佲攣鈹佲攣鈹佲攣鈹佲攣鈹佲攣鈹佲攣鈹佲攣鈹佲攣鈹佲攣鈹佲攣鈹佲攣鈹佲攣鈹佲攣鈹佲攣 590.3/590.3 kB 32.5 MB/s  0:00:00
test (3.11)	Install dependencies	2026-02-15T14:57:33.5771210Z Downloading h11-0.16.0-py3-none-any.whl (37 kB)
test (3.11)	Install dependencies	2026-02-15T14:57:33.5894627Z Downloading idna-3.11-py3-none-any.whl (71 kB)
test (3.11)	Install dependencies	2026-02-15T14:57:33.6018833Z Downloading iniconfig-2.3.0-py3-none-any.whl (7.5 kB)
test (3.11)	Install dependencies	2026-02-15T14:57:33.6140781Z Downloading markupsafe-3.0.3-cp311-cp311-manylinux2014_x86_64.manylinux_2_17_x86_64.manylinux_2_28_x86_64.whl (22 kB)
test (3.11)	Install dependencies	2026-02-15T14:57:33.6261698Z Downloading packaging-26.0-py3-none-any.whl (74 kB)
test (3.11)	Install dependencies	2026-02-15T14:57:33.6388374Z Downloading bcrypt-5.0.0-cp39-abi3-manylinux_2_34_x86_64.whl (278 kB)
test (3.11)	Install dependencies	2026-02-15T14:57:33.6551112Z Downloading pyasn1-0.6.2-py3-none-any.whl (83 kB)
test (3.11)	Install dependencies	2026-02-15T14:57:33.6677410Z Downloading pygments-2.19.2-py3-none-any.whl (1.2 MB)
test (3.11)	Install dependencies	2026-02-15T14:57:33.6954688Z    鈹佲攣鈹佲攣鈹佲攣鈹佲攣鈹佲攣鈹佲攣鈹佲攣鈹佲攣鈹佲攣鈹佲攣鈹佲攣鈹佲攣鈹佲攣鈹佲攣鈹佲攣鈹佲攣鈹佲攣鈹佲攣鈹佲攣鈹佲攣 1.2/1.2 MB 41.8 MB/s  0:00:00
test (3.11)	Install dependencies	2026-02-15T14:57:33.7058647Z Downloading cryptography-46.0.5-cp311-abi3-manylinux_2_34_x86_64.whl (4.5 MB)
test (3.11)	Install dependencies	2026-02-15T14:57:33.7779877Z    鈹佲攣鈹佲攣鈹佲攣鈹佲攣鈹佲攣鈹佲攣鈹佲攣鈹佲攣鈹佲攣鈹佲攣鈹佲攣鈹佲攣鈹佲攣鈹佲攣鈹佲攣鈹佲攣鈹佲攣鈹佲攣鈹佲攣鈹佲攣 4.5/4.5 MB 61.7 MB/s  0:00:00
test (3.11)	Install dependencies	2026-02-15T14:57:33.7884978Z Downloading cffi-2.0.0-cp311-cp311-manylinux2014_x86_64.manylinux_2_17_x86_64.whl (215 kB)
test (3.11)	Install dependencies	2026-02-15T14:57:33.8027764Z Downloading six-1.17.0-py2.py3-none-any.whl (11 kB)
test (3.11)	Install dependencies	2026-02-15T14:57:33.8150449Z Downloading typing_extensions-4.15.0-py3-none-any.whl (44 kB)
test (3.11)	Install dependencies	2026-02-15T14:57:33.8274054Z Downloading typing_inspection-0.4.2-py3-none-any.whl (14 kB)
test (3.11)	Install dependencies	2026-02-15T14:57:33.8402612Z Downloading tzlocal-5.3.1-py3-none-any.whl (18 kB)
test (3.11)	Install dependencies	2026-02-15T14:57:33.8527221Z Downloading httptools-0.7.1-cp311-cp311-manylinux1_x86_64.manylinux_2_28_x86_64.manylinux_2_5_x86_64.whl (456 kB)
test (3.11)	Install dependencies	2026-02-15T14:57:33.8692576Z Downloading pyyaml-6.0.3-cp311-cp311-manylinux2014_x86_64.manylinux_2_17_x86_64.manylinux_2_28_x86_64.whl (806 kB)
test (3.11)	Install dependencies	2026-02-15T14:57:33.8832412Z    鈹佲攣鈹佲攣鈹佲攣鈹佲攣鈹佲攣鈹佲攣鈹佲攣鈹佲攣鈹佲攣鈹佲攣鈹佲攣鈹佲攣鈹佲攣鈹佲攣鈹佲攣鈹佲攣鈹佲攣鈹佲攣鈹佲攣鈹佲攣 806.6/806.6 kB 50.1 MB/s  0:00:00
test (3.11)	Install dependencies	2026-02-15T14:57:33.8935545Z Downloading uvloop-0.22.1-cp311-cp311-manylinux2014_x86_64.manylinux_2_17_x86_64.manylinux_2_28_x86_64.whl (3.8 MB)
test (3.11)	Install dependencies	2026-02-15T14:57:33.9389576Z    鈹佲攣鈹佲攣鈹佲攣鈹佲攣鈹佲攣鈹佲攣鈹佲攣鈹佲攣鈹佲攣鈹佲攣鈹佲攣鈹佲攣鈹佲攣鈹佲攣鈹佲攣鈹佲攣鈹佲攣鈹佲攣鈹佲攣鈹佲攣 3.8/3.8 MB 84.0 MB/s  0:00:00
test (3.11)	Install dependencies	2026-02-15T14:57:33.9490362Z Downloading watchfiles-1.1.1-cp311-cp311-manylinux_2_17_x86_64.manylinux2014_x86_64.whl (456 kB)
test (3.11)	Install dependencies	2026-02-15T14:57:33.9647925Z Downloading websockets-16.0-cp311-cp311-manylinux1_x86_64.manylinux_2_28_x86_64.manylinux_2_5_x86_64.whl (184 kB)
test (3.11)	Install dependencies	2026-02-15T14:57:33.9774613Z Downloading certifi-2026.1.4-py3-none-any.whl (152 kB)
test (3.11)	Install dependencies	2026-02-15T14:57:33.9925188Z Downloading et_xmlfile-2.0.0-py3-none-any.whl (18 kB)
test (3.11)	Install dependencies	2026-02-15T14:57:34.0049465Z Downloading mako-1.3.10-py3-none-any.whl (78 kB)
test (3.11)	Install dependencies	2026-02-15T14:57:34.0171819Z Downloading pycparser-3.0-py3-none-any.whl (48 kB)
test (3.11)	Install dependencies	2026-02-15T14:57:34.1317724Z Installing collected packages: passlib, websockets, uvloop, tzlocal, typing-extensions, six, pyyaml, python-multipart, python-dotenv, pygments, pycparser, pyasn1, pluggy, packaging, MarkupSafe, iniconfig, idna, httptools, h11, greenlet, et-xmlfile, click, certifi, bcrypt, annotated-types, annotated-doc, uvicorn, typing-inspection, SQLAlchemy, rsa, pytest, pydantic-core, openpyxl, Mako, jinja2, httpcore, ecdsa, cffi, apscheduler, anyio, watchfiles, starlette, python-jose, pydantic, httpx, cryptography, alembic, sqlmodel, fastapi
test (3.11)	Install dependencies	2026-02-15T14:57:37.9004822Z 
test (3.11)	Install dependencies	2026-02-15T14:57:37.9026951Z Successfully installed Mako-1.3.10 MarkupSafe-3.0.3 SQLAlchemy-2.0.46 alembic-1.18.4 annotated-doc-0.0.4 annotated-types-0.7.0 anyio-4.12.1 apscheduler-3.11.2 bcrypt-5.0.0 certifi-2026.1.4 cffi-2.0.0 click-8.3.1 cryptography-46.0.5 ecdsa-0.19.1 et-xmlfile-2.0.0 fastapi-0.129.0 greenlet-3.3.1 h11-0.16.0 httpcore-1.0.9 httptools-0.7.1 httpx-0.28.1 idna-3.11 iniconfig-2.3.0 jinja2-3.1.6 openpyxl-3.1.5 packaging-26.0 passlib-1.7.4 pluggy-1.6.0 pyasn1-0.6.2 pycparser-3.0 pydantic-2.12.5 pydantic-core-2.41.5 pygments-2.19.2 pytest-9.0.2 python-dotenv-1.2.1 python-jose-3.5.0 python-multipart-0.0.22 pyyaml-6.0.3 rsa-4.9.1 six-1.17.0 sqlmodel-0.0.32 starlette-0.52.1 typing-extensions-4.15.0 typing-inspection-0.4.2 tzlocal-5.3.1 uvicorn-0.40.0 uvloop-0.22.1 watchfiles-1.1.1 websockets-16.0
test (3.11)	Install dev tools	锘?026-02-15T14:57:38.2231330Z ##[group]Run python -m pip install ruff isort black
test (3.11)	Install dev tools	2026-02-15T14:57:38.2231704Z [36;1mpython -m pip install ruff isort black[0m
test (3.11)	Install dev tools	2026-02-15T14:57:38.2261261Z shell: /usr/bin/bash -e {0}
test (3.11)	Install dev tools	2026-02-15T14:57:38.2261508Z env:
test (3.11)	Install dev tools	2026-02-15T14:57:38.2261715Z   DATABASE_URL: sqlite:///./data/app.db
test (3.11)	Install dev tools	2026-02-15T14:57:38.2262010Z   PYTHONPATH: /home/runner/work/Apartment/Apartment
test (3.11)	Install dev tools	2026-02-15T14:57:38.2262741Z   CI_READ_TOKEN: ***
test (3.11)	Install dev tools	2026-02-15T14:57:38.2263006Z   pythonLocation: /opt/hostedtoolcache/Python/3.11.14/x64
test (3.11)	Install dev tools	2026-02-15T14:57:38.2263378Z   PKG_CONFIG_PATH: /opt/hostedtoolcache/Python/3.11.14/x64/lib/pkgconfig
test (3.11)	Install dev tools	2026-02-15T14:57:38.2263762Z   Python_ROOT_DIR: /opt/hostedtoolcache/Python/3.11.14/x64
test (3.11)	Install dev tools	2026-02-15T14:57:38.2264103Z   Python2_ROOT_DIR: /opt/hostedtoolcache/Python/3.11.14/x64
test (3.11)	Install dev tools	2026-02-15T14:57:38.2264434Z   Python3_ROOT_DIR: /opt/hostedtoolcache/Python/3.11.14/x64
test (3.11)	Install dev tools	2026-02-15T14:57:38.2264795Z   LD_LIBRARY_PATH: /opt/hostedtoolcache/Python/3.11.14/x64/lib
test (3.11)	Install dev tools	2026-02-15T14:57:38.2265083Z ##[endgroup]
test (3.11)	Install dev tools	2026-02-15T14:57:38.9318820Z Collecting ruff
test (3.11)	Install dev tools	2026-02-15T14:57:39.0042474Z   Downloading ruff-0.15.1-py3-none-manylinux_2_17_x86_64.manylinux2014_x86_64.whl.metadata (26 kB)
test (3.11)	Install dev tools	2026-02-15T14:57:39.0489460Z Collecting isort
test (3.11)	Install dev tools	2026-02-15T14:57:39.0590264Z   Downloading isort-7.0.0-py3-none-any.whl.metadata (11 kB)
test (3.11)	Install dev tools	2026-02-15T14:57:39.1097017Z Collecting black
test (3.11)	Install dev tools	2026-02-15T14:57:39.1198272Z   Downloading black-26.1.0-cp311-cp311-manylinux2014_x86_64.manylinux_2_17_x86_64.manylinux_2_28_x86_64.whl.metadata (88 kB)
test (3.11)	Install dev tools	2026-02-15T14:57:39.1411242Z Requirement already satisfied: click>=8.0.0 in /opt/hostedtoolcache/Python/3.11.14/x64/lib/python3.11/site-packages (from black) (8.3.1)
test (3.11)	Install dev tools	2026-02-15T14:57:39.1543024Z Collecting mypy-extensions>=0.4.3 (from black)
test (3.11)	Install dev tools	2026-02-15T14:57:39.1642236Z   Downloading mypy_extensions-1.1.0-py3-none-any.whl.metadata (1.1 kB)
test (3.11)	Install dev tools	2026-02-15T14:57:39.1677123Z Requirement already satisfied: packaging>=22.0 in /opt/hostedtoolcache/Python/3.11.14/x64/lib/python3.11/site-packages (from black) (26.0)
test (3.11)	Install dev tools	2026-02-15T14:57:39.1826361Z Collecting pathspec>=1.0.0 (from black)
test (3.11)	Install dev tools	2026-02-15T14:57:39.1923086Z   Downloading pathspec-1.0.4-py3-none-any.whl.metadata (13 kB)
test (3.11)	Install dev tools	2026-02-15T14:57:39.2185353Z Collecting platformdirs>=2 (from black)
test (3.11)	Install dev tools	2026-02-15T14:57:39.2282334Z   Downloading platformdirs-4.9.1-py3-none-any.whl.metadata (4.7 kB)
test (3.11)	Install dev tools	2026-02-15T14:57:39.2487007Z Collecting pytokens>=0.3.0 (from black)
test (3.11)	Install dev tools	2026-02-15T14:57:39.2584062Z   Downloading pytokens-0.4.1-cp311-cp311-manylinux2014_x86_64.manylinux_2_17_x86_64.manylinux_2_28_x86_64.whl.metadata (3.8 kB)
test (3.11)	Install dev tools	2026-02-15T14:57:39.2731172Z Downloading ruff-0.15.1-py3-none-manylinux_2_17_x86_64.manylinux2014_x86_64.whl (11.1 MB)
test (3.11)	Install dev tools	2026-02-15T14:57:39.3418186Z    鈹佲攣鈹佲攣鈹佲攣鈹佲攣鈹佲攣鈹佲攣鈹佲攣鈹佲攣鈹佲攣鈹佲攣鈹佲攣鈹佲攣鈹佲攣鈹佲攣鈹佲攣鈹佲攣鈹佲攣鈹佲攣鈹佲攣鈹佲攣 11.1/11.1 MB 189.1 MB/s  0:00:00
test (3.11)	Install dev tools	2026-02-15T14:57:39.3519927Z Downloading isort-7.0.0-py3-none-any.whl (94 kB)
test (3.11)	Install dev tools	2026-02-15T14:57:39.3654414Z Downloading black-26.1.0-cp311-cp311-manylinux2014_x86_64.manylinux_2_17_x86_64.manylinux_2_28_x86_64.whl (1.7 MB)
test (3.11)	Install dev tools	2026-02-15T14:57:39.3923176Z    鈹佲攣鈹佲攣鈹佲攣鈹佲攣鈹佲攣鈹佲攣鈹佲攣鈹佲攣鈹佲攣鈹佲攣鈹佲攣鈹佲攣鈹佲攣鈹佲攣鈹佲攣鈹佲攣鈹佲攣鈹佲攣鈹佲攣鈹佲攣 1.7/1.7 MB 59.6 MB/s  0:00:00
test (3.11)	Install dev tools	2026-02-15T14:57:39.4023830Z Downloading mypy_extensions-1.1.0-py3-none-any.whl (5.0 kB)
test (3.11)	Install dev tools	2026-02-15T14:57:39.4149987Z Downloading pathspec-1.0.4-py3-none-any.whl (55 kB)
test (3.11)	Install dev tools	2026-02-15T14:57:39.4279185Z Downloading platformdirs-4.9.1-py3-none-any.whl (21 kB)
test (3.11)	Install dev tools	2026-02-15T14:57:39.4398187Z Downloading pytokens-0.4.1-cp311-cp311-manylinux2014_x86_64.manylinux_2_17_x86_64.manylinux_2_28_x86_64.whl (260 kB)
test (3.11)	Install dev tools	2026-02-15T14:57:39.5017959Z Installing collected packages: ruff, pytokens, platformdirs, pathspec, mypy-extensions, isort, black
test (3.11)	Install dev tools	2026-02-15T14:57:39.8520574Z 
test (3.11)	Install dev tools	2026-02-15T14:57:39.8541588Z Successfully installed black-26.1.0 isort-7.0.0 mypy-extensions-1.1.0 pathspec-1.0.4 platformdirs-4.9.1 pytokens-0.4.1 ruff-0.15.1
test (3.11)	Run ruff	锘?026-02-15T14:57:39.9455010Z ##[group]Run ruff check .
test (3.11)	Run ruff	2026-02-15T14:57:39.9455385Z [36;1mruff check .[0m
test (3.11)	Run ruff	2026-02-15T14:57:39.9483143Z shell: /usr/bin/bash -e {0}
test (3.11)	Run ruff	2026-02-15T14:57:39.9483400Z env:
test (3.11)	Run ruff	2026-02-15T14:57:39.9483596Z   DATABASE_URL: sqlite:///./data/app.db
test (3.11)	Run ruff	2026-02-15T14:57:39.9483884Z   PYTHONPATH: /home/runner/work/Apartment/Apartment
test (3.11)	Run ruff	2026-02-15T14:57:39.9484579Z   CI_READ_TOKEN: ***
test (3.11)	Run ruff	2026-02-15T14:57:39.9484842Z   pythonLocation: /opt/hostedtoolcache/Python/3.11.14/x64
test (3.11)	Run ruff	2026-02-15T14:57:39.9485222Z   PKG_CONFIG_PATH: /opt/hostedtoolcache/Python/3.11.14/x64/lib/pkgconfig
test (3.11)	Run ruff	2026-02-15T14:57:39.9485609Z   Python_ROOT_DIR: /opt/hostedtoolcache/Python/3.11.14/x64
test (3.11)	Run ruff	2026-02-15T14:57:39.9485960Z   Python2_ROOT_DIR: /opt/hostedtoolcache/Python/3.11.14/x64
test (3.11)	Run ruff	2026-02-15T14:57:39.9486300Z   Python3_ROOT_DIR: /opt/hostedtoolcache/Python/3.11.14/x64
test (3.11)	Run ruff	2026-02-15T14:57:39.9486657Z   LD_LIBRARY_PATH: /opt/hostedtoolcache/Python/3.11.14/x64/lib
test (3.11)	Run ruff	2026-02-15T14:57:39.9486949Z ##[endgroup]
test (3.11)	Run ruff	2026-02-15T14:57:39.9632322Z All checks passed!
test (3.11)	Run isort check	锘?026-02-15T14:57:39.9661319Z ##[group]Run isort . --check-only
test (3.11)	Run isort check	2026-02-15T14:57:39.9661610Z [36;1misort . --check-only[0m
test (3.11)	Run isort check	2026-02-15T14:57:39.9688198Z shell: /usr/bin/bash -e {0}
test (3.11)	Run isort check	2026-02-15T14:57:39.9688447Z env:
test (3.11)	Run isort check	2026-02-15T14:57:39.9688638Z   DATABASE_URL: sqlite:///./data/app.db
test (3.11)	Run isort check	2026-02-15T14:57:39.9688930Z   PYTHONPATH: /home/runner/work/Apartment/Apartment
test (3.11)	Run isort check	2026-02-15T14:57:39.9689597Z   CI_READ_TOKEN: ***
test (3.11)	Run isort check	2026-02-15T14:57:39.9689862Z   pythonLocation: /opt/hostedtoolcache/Python/3.11.14/x64
test (3.11)	Run isort check	2026-02-15T14:57:39.9690249Z   PKG_CONFIG_PATH: /opt/hostedtoolcache/Python/3.11.14/x64/lib/pkgconfig
test (3.11)	Run isort check	2026-02-15T14:57:39.9690651Z   Python_ROOT_DIR: /opt/hostedtoolcache/Python/3.11.14/x64
test (3.11)	Run isort check	2026-02-15T14:57:39.9691002Z   Python2_ROOT_DIR: /opt/hostedtoolcache/Python/3.11.14/x64
test (3.11)	Run isort check	2026-02-15T14:57:39.9691345Z   Python3_ROOT_DIR: /opt/hostedtoolcache/Python/3.11.14/x64
test (3.11)	Run isort check	2026-02-15T14:57:39.9691702Z   LD_LIBRARY_PATH: /opt/hostedtoolcache/Python/3.11.14/x64/lib
test (3.11)	Run isort check	2026-02-15T14:57:39.9692001Z ##[endgroup]
test (3.11)	Run isort check	2026-02-15T14:57:40.1123228Z Skipped 1 files
test (3.11)	Run black check	锘?026-02-15T14:57:40.1261150Z ##[group]Run black --check .
test (3.11)	Run black check	2026-02-15T14:57:40.1261445Z [36;1mblack --check .[0m
test (3.11)	Run black check	2026-02-15T14:57:40.1289362Z shell: /usr/bin/bash -e {0}
test (3.11)	Run black check	2026-02-15T14:57:40.1289610Z env:
test (3.11)	Run black check	2026-02-15T14:57:40.1289798Z   DATABASE_URL: sqlite:///./data/app.db
test (3.11)	Run black check	2026-02-15T14:57:40.1290085Z   PYTHONPATH: /home/runner/work/Apartment/Apartment
test (3.11)	Run black check	2026-02-15T14:57:40.1290784Z   CI_READ_TOKEN: ***
test (3.11)	Run black check	2026-02-15T14:57:40.1291045Z   pythonLocation: /opt/hostedtoolcache/Python/3.11.14/x64
test (3.11)	Run black check	2026-02-15T14:57:40.1291423Z   PKG_CONFIG_PATH: /opt/hostedtoolcache/Python/3.11.14/x64/lib/pkgconfig
test (3.11)	Run black check	2026-02-15T14:57:40.1291815Z   Python_ROOT_DIR: /opt/hostedtoolcache/Python/3.11.14/x64
test (3.11)	Run black check	2026-02-15T14:57:40.1292164Z   Python2_ROOT_DIR: /opt/hostedtoolcache/Python/3.11.14/x64
test (3.11)	Run black check	2026-02-15T14:57:40.1292502Z   Python3_ROOT_DIR: /opt/hostedtoolcache/Python/3.11.14/x64
test (3.11)	Run black check	2026-02-15T14:57:40.1292855Z   LD_LIBRARY_PATH: /opt/hostedtoolcache/Python/3.11.14/x64/lib
test (3.11)	Run black check	2026-02-15T14:57:40.1293145Z ##[endgroup]
test (3.11)	Run black check	2026-02-15T14:57:40.7612421Z All done! 鉁?馃嵃 鉁?test (3.11)	Run black check	2026-02-15T14:57:40.7613093Z 32 files would be left unchanged.
test (3.11)	Prepare DB directory	锘?026-02-15T14:57:40.7884655Z ##[group]Run mkdir -p data
test (3.11)	Prepare DB directory	2026-02-15T14:57:40.7884927Z [36;1mmkdir -p data[0m
test (3.11)	Prepare DB directory	2026-02-15T14:57:40.7911775Z shell: /usr/bin/bash -e {0}
test (3.11)	Prepare DB directory	2026-02-15T14:57:40.7912026Z env:
test (3.11)	Prepare DB directory	2026-02-15T14:57:40.7912221Z   DATABASE_URL: sqlite:///./data/app.db
test (3.11)	Prepare DB directory	2026-02-15T14:57:40.7912512Z   PYTHONPATH: /home/runner/work/Apartment/Apartment
test (3.11)	Prepare DB directory	2026-02-15T14:57:40.7913226Z   CI_READ_TOKEN: ***
test (3.11)	Prepare DB directory	2026-02-15T14:57:40.7913494Z   pythonLocation: /opt/hostedtoolcache/Python/3.11.14/x64
test (3.11)	Prepare DB directory	2026-02-15T14:57:40.7913882Z   PKG_CONFIG_PATH: /opt/hostedtoolcache/Python/3.11.14/x64/lib/pkgconfig
test (3.11)	Prepare DB directory	2026-02-15T14:57:40.7914270Z   Python_ROOT_DIR: /opt/hostedtoolcache/Python/3.11.14/x64
test (3.11)	Prepare DB directory	2026-02-15T14:57:40.7914621Z   Python2_ROOT_DIR: /opt/hostedtoolcache/Python/3.11.14/x64
test (3.11)	Prepare DB directory	2026-02-15T14:57:40.7914958Z   Python3_ROOT_DIR: /opt/hostedtoolcache/Python/3.11.14/x64
test (3.11)	Prepare DB directory	2026-02-15T14:57:40.7915313Z   LD_LIBRARY_PATH: /opt/hostedtoolcache/Python/3.11.14/x64/lib
test (3.11)	Prepare DB directory	2026-02-15T14:57:40.7915601Z ##[endgroup]
test (3.11)	Run Alembic migrations	锘?026-02-15T14:57:40.7994710Z ##[group]Run alembic stamp 0003_merge_heads || true
test (3.11)	Run Alembic migrations	2026-02-15T14:57:40.7995060Z [36;1malembic stamp 0003_merge_heads || true[0m
test (3.11)	Run Alembic migrations	2026-02-15T14:57:40.7995345Z [36;1malembic upgrade head[0m
test (3.11)	Run Alembic migrations	2026-02-15T14:57:40.8018550Z shell: /usr/bin/bash -e {0}
test (3.11)	Run Alembic migrations	2026-02-15T14:57:40.8018793Z env:
test (3.11)	Run Alembic migrations	2026-02-15T14:57:40.8018975Z   DATABASE_URL: sqlite:///./data/app.db
test (3.11)	Run Alembic migrations	2026-02-15T14:57:40.8019273Z   PYTHONPATH: /home/runner/work/Apartment/Apartment
test (3.11)	Run Alembic migrations	2026-02-15T14:57:40.8019922Z   CI_READ_TOKEN: ***
test (3.11)	Run Alembic migrations	2026-02-15T14:57:40.8020176Z   pythonLocation: /opt/hostedtoolcache/Python/3.11.14/x64
test (3.11)	Run Alembic migrations	2026-02-15T14:57:40.8020567Z   PKG_CONFIG_PATH: /opt/hostedtoolcache/Python/3.11.14/x64/lib/pkgconfig
test (3.11)	Run Alembic migrations	2026-02-15T14:57:40.8020955Z   Python_ROOT_DIR: /opt/hostedtoolcache/Python/3.11.14/x64
test (3.11)	Run Alembic migrations	2026-02-15T14:57:40.8021291Z   Python2_ROOT_DIR: /opt/hostedtoolcache/Python/3.11.14/x64
test (3.11)	Run Alembic migrations	2026-02-15T14:57:40.8021637Z   Python3_ROOT_DIR: /opt/hostedtoolcache/Python/3.11.14/x64
test (3.11)	Run Alembic migrations	2026-02-15T14:57:40.8021990Z   LD_LIBRARY_PATH: /opt/hostedtoolcache/Python/3.11.14/x64/lib
test (3.11)	Run Alembic migrations	2026-02-15T14:57:40.8092114Z ##[endgroup]
test (3.11)	Run Alembic migrations	2026-02-15T14:57:41.3266055Z INFO  [alembic.runtime.migration] Context impl SQLiteImpl.
test (3.11)	Run Alembic migrations	2026-02-15T14:57:41.3266998Z INFO  [alembic.runtime.migration] Will assume non-transactional DDL.
test (3.11)	Run Alembic migrations	2026-02-15T14:57:41.3349801Z INFO  [alembic.runtime.migration] Running stamp_revision  -> 0003_merge_heads
test (3.11)	Run Alembic migrations	2026-02-15T14:57:41.8450909Z INFO  [alembic.runtime.migration] Context impl SQLiteImpl.
test (3.11)	Run Alembic migrations	2026-02-15T14:57:41.8451420Z INFO  [alembic.runtime.migration] Will assume non-transactional DDL.
test (3.11)	Run Alembic migrations	2026-02-15T14:57:41.8476881Z INFO  [alembic.runtime.migration] Running upgrade 0003_merge_heads -> 0004_add_meter_unique, add unique constraint for meter (unit_id, kind, slot)
test (3.11)	Run Alembic migrations	2026-02-15T14:57:41.8483986Z Traceback (most recent call last):
test (3.11)	Run Alembic migrations	2026-02-15T14:57:41.8492900Z   File "/opt/hostedtoolcache/Python/3.11.14/x64/lib/python3.11/site-packages/sqlalchemy/engine/base.py", line 1967, in _exec_single_context
test (3.11)	Run Alembic migrations	2026-02-15T14:57:41.8494158Z     self.dialect.do_execute(
test (3.11)	Run Alembic migrations	2026-02-15T14:57:41.8495165Z   File "/opt/hostedtoolcache/Python/3.11.14/x64/lib/python3.11/site-packages/sqlalchemy/engine/default.py", line 952, in do_execute
test (3.11)	Run Alembic migrations	2026-02-15T14:57:41.8496302Z     cursor.execute(statement, parameters)
test (3.11)	Run Alembic migrations	2026-02-15T14:57:41.8496839Z sqlite3.OperationalError: no such table: main.meter
test (3.11)	Run Alembic migrations	2026-02-15T14:57:41.8497205Z 
test (3.11)	Run Alembic migrations	2026-02-15T14:57:41.8497675Z The above exception was the direct cause of the following exception:
test (3.11)	Run Alembic migrations	2026-02-15T14:57:41.8498197Z 
test (3.11)	Run Alembic migrations	2026-02-15T14:57:41.8498369Z Traceback (most recent call last):
test (3.11)	Run Alembic migrations	2026-02-15T14:57:41.8499081Z   File "/opt/hostedtoolcache/Python/3.11.14/x64/bin/alembic", line 6, in <module>
test (3.11)	Run Alembic migrations	2026-02-15T14:57:41.8499783Z     sys.exit(main())
test (3.11)	Run Alembic migrations	2026-02-15T14:57:41.8500097Z              ^^^^^^
test (3.11)	Run Alembic migrations	2026-02-15T14:57:41.8500888Z   File "/opt/hostedtoolcache/Python/3.11.14/x64/lib/python3.11/site-packages/alembic/config.py", line 1047, in main
test (3.11)	Run Alembic migrations	2026-02-15T14:57:41.8501844Z     CommandLine(prog=prog).main(argv=argv)
test (3.11)	Run Alembic migrations	2026-02-15T14:57:41.8502743Z   File "/opt/hostedtoolcache/Python/3.11.14/x64/lib/python3.11/site-packages/alembic/config.py", line 1037, in main
test (3.11)	Run Alembic migrations	2026-02-15T14:57:41.8503651Z     self.run_cmd(cfg, options)
test (3.11)	Run Alembic migrations	2026-02-15T14:57:41.8504496Z   File "/opt/hostedtoolcache/Python/3.11.14/x64/lib/python3.11/site-packages/alembic/config.py", line 971, in run_cmd
test (3.11)	Run Alembic migrations	2026-02-15T14:57:41.8505344Z     fn(
test (3.11)	Run Alembic migrations	2026-02-15T14:57:41.8506180Z   File "/opt/hostedtoolcache/Python/3.11.14/x64/lib/python3.11/site-packages/alembic/command.py", line 483, in upgrade
test (3.11)	Run Alembic migrations	2026-02-15T14:57:41.8507086Z     script.run_env()
test (3.11)	Run Alembic migrations	2026-02-15T14:57:41.8508120Z   File "/opt/hostedtoolcache/Python/3.11.14/x64/lib/python3.11/site-packages/alembic/script/base.py", line 545, in run_env
test (3.11)	Run Alembic migrations	2026-02-15T14:57:41.8509066Z     util.load_python_file(self.dir, "env.py")
test (3.11)	Run Alembic migrations	2026-02-15T14:57:41.8510212Z   File "/opt/hostedtoolcache/Python/3.11.14/x64/lib/python3.11/site-packages/alembic/util/pyfiles.py", line 116, in load_python_file
test (3.11)	Run Alembic migrations	2026-02-15T14:57:41.8511317Z     module = load_module_py(module_id, path)
test (3.11)	Run Alembic migrations	2026-02-15T14:57:41.8512009Z              ^^^^^^^^^^^^^^^^^^^^^^^^^^^^^^^
test (3.11)	Run Alembic migrations	2026-02-15T14:57:41.8513193Z   File "/opt/hostedtoolcache/Python/3.11.14/x64/lib/python3.11/site-packages/alembic/util/pyfiles.py", line 136, in load_module_py
test (3.11)	Run Alembic migrations	2026-02-15T14:57:41.8514263Z     spec.loader.exec_module(module)  # type: ignore
test (3.11)	Run Alembic migrations	2026-02-15T14:57:41.8514768Z     ^^^^^^^^^^^^^^^^^^^^^^^^^^^^^^^
test (3.11)	Run Alembic migrations	2026-02-15T14:57:41.8515405Z   File "<frozen importlib._bootstrap_external>", line 940, in exec_module
test (3.11)	Run Alembic migrations	2026-02-15T14:57:41.8516291Z   File "<frozen importlib._bootstrap>", line 241, in _call_with_frames_removed
test (3.11)	Run Alembic migrations	2026-02-15T14:57:41.8517287Z   File "/home/runner/work/Apartment/Apartment/alembic/env.py", line 82, in <module>
test (3.11)	Run Alembic migrations	2026-02-15T14:57:41.8518170Z     run_migrations_online()
test (3.11)	Run Alembic migrations	2026-02-15T14:57:41.8518991Z   File "/home/runner/work/Apartment/Apartment/alembic/env.py", line 76, in run_migrations_online
test (3.11)	Run Alembic migrations	2026-02-15T14:57:41.8519814Z     context.run_migrations()
test (3.11)	Run Alembic migrations	2026-02-15T14:57:41.8520296Z   File "<string>", line 8, in run_migrations
test (3.11)	Run Alembic migrations	2026-02-15T14:57:41.8521455Z   File "/opt/hostedtoolcache/Python/3.11.14/x64/lib/python3.11/site-packages/alembic/runtime/environment.py", line 969, in run_migrations
test (3.11)	Run Alembic migrations	2026-02-15T14:57:41.8522620Z     self.get_context().run_migrations(**kw)
test (3.11)	Run Alembic migrations	2026-02-15T14:57:41.8523733Z   File "/opt/hostedtoolcache/Python/3.11.14/x64/lib/python3.11/site-packages/alembic/runtime/migration.py", line 626, in run_migrations
test (3.11)	Run Alembic migrations	2026-02-15T14:57:41.8524829Z     step.migration_fn(**kw)
test (3.11)	Run Alembic migrations	2026-02-15T14:57:41.8525737Z   File "/home/runner/work/Apartment/Apartment/alembic/versions/0004_add_meter_unique.py", line 18, in upgrade
test (3.11)	Run Alembic migrations	2026-02-15T14:57:41.8526643Z     op.create_index(
test (3.11)	Run Alembic migrations	2026-02-15T14:57:41.8527075Z   File "<string>", line 8, in create_index
test (3.11)	Run Alembic migrations	2026-02-15T14:57:41.8527790Z   File "<string>", line 3, in create_index
test (3.11)	Run Alembic migrations	2026-02-15T14:57:41.8528915Z   File "/opt/hostedtoolcache/Python/3.11.14/x64/lib/python3.11/site-packages/alembic/operations/ops.py", line 1012, in create_index
test (3.11)	Run Alembic migrations	2026-02-15T14:57:41.8529946Z     return operations.invoke(op)
test (3.11)	Run Alembic migrations	2026-02-15T14:57:41.8530366Z            ^^^^^^^^^^^^^^^^^^^^^
test (3.11)	Run Alembic migrations	2026-02-15T14:57:41.8531432Z   File "/opt/hostedtoolcache/Python/3.11.14/x64/lib/python3.11/site-packages/alembic/operations/base.py", line 452, in invoke
test (3.11)	Run Alembic migrations	2026-02-15T14:57:41.8532480Z     return fn(self, operation)
test (3.11)	Run Alembic migrations	2026-02-15T14:57:41.8532874Z            ^^^^^^^^^^^^^^^^^^^
test (3.11)	Run Alembic migrations	2026-02-15T14:57:41.8533921Z   File "/opt/hostedtoolcache/Python/3.11.14/x64/lib/python3.11/site-packages/alembic/operations/toimpl.py", line 117, in create_index
test (3.11)	Run Alembic migrations	2026-02-15T14:57:41.8534859Z     operations.impl.create_index(idx, **kw)
test (3.11)	Run Alembic migrations	2026-02-15T14:57:41.8535930Z   File "/opt/hostedtoolcache/Python/3.11.14/x64/lib/python3.11/site-packages/alembic/ddl/impl.py", line 471, in create_index
test (3.11)	Run Alembic migrations	2026-02-15T14:57:41.8536995Z     self._exec(schema.CreateIndex(index, **kw))
test (3.11)	Run Alembic migrations	2026-02-15T14:57:41.8538113Z   File "/opt/hostedtoolcache/Python/3.11.14/x64/lib/python3.11/site-packages/alembic/ddl/impl.py", line 256, in _exec
test (3.11)	Run Alembic migrations	2026-02-15T14:57:41.8538974Z     return conn.execute(construct, params)
test (3.11)	Run Alembic migrations	2026-02-15T14:57:41.8539455Z            ^^^^^^^^^^^^^^^^^^^^^^^^^^^^^^^
test (3.11)	Run Alembic migrations	2026-02-15T14:57:41.8540479Z   File "/opt/hostedtoolcache/Python/3.11.14/x64/lib/python3.11/site-packages/sqlalchemy/engine/base.py", line 1419, in execute
test (3.11)	Run Alembic migrations	2026-02-15T14:57:41.8541277Z     return meth(
test (3.11)	Run Alembic migrations	2026-02-15T14:57:41.8541650Z            ^^^^^
test (3.11)	Run Alembic migrations	2026-02-15T14:57:41.8543081Z   File "/opt/hostedtoolcache/Python/3.11.14/x64/lib/python3.11/site-packages/sqlalchemy/sql/ddl.py", line 187, in _execute_on_connection
test (3.11)	Run Alembic migrations	2026-02-15T14:57:41.8544704Z     return connection._execute_ddl(
test (3.11)	Run Alembic migrations	2026-02-15T14:57:41.8545323Z            ^^^^^^^^^^^^^^^^^^^^^^^^
test (3.11)	Run Alembic migrations	2026-02-15T14:57:41.8546848Z   File "/opt/hostedtoolcache/Python/3.11.14/x64/lib/python3.11/site-packages/sqlalchemy/engine/base.py", line 1530, in _execute_ddl
test (3.11)	Run Alembic migrations	2026-02-15T14:57:41.8548595Z     ret = self._execute_context(
test (3.11)	Run Alembic migrations	2026-02-15T14:57:41.8549228Z           ^^^^^^^^^^^^^^^^^^^^^^
test (3.11)	Run Alembic migrations	2026-02-15T14:57:41.8550769Z   File "/opt/hostedtoolcache/Python/3.11.14/x64/lib/python3.11/site-packages/sqlalchemy/engine/base.py", line 1846, in _execute_context
test (3.11)	Run Alembic migrations	2026-02-15T14:57:41.8552593Z     return self._exec_single_context(
test (3.11)	Run Alembic migrations	2026-02-15T14:57:41.8553349Z            ^^^^^^^^^^^^^^^^^^^^^^^^^^
test (3.11)	Run Alembic migrations	2026-02-15T14:57:41.8554983Z   File "/opt/hostedtoolcache/Python/3.11.14/x64/lib/python3.11/site-packages/sqlalchemy/engine/base.py", line 1986, in _exec_single_context
test (3.11)	Run Alembic migrations	2026-02-15T14:57:41.8556614Z     self._handle_dbapi_exception(
test (3.11)	Run Alembic migrations	2026-02-15T14:57:41.8558344Z   File "/opt/hostedtoolcache/Python/3.11.14/x64/lib/python3.11/site-packages/sqlalchemy/engine/base.py", line 2363, in _handle_dbapi_exception
test (3.11)	Run Alembic migrations	2026-02-15T14:57:41.8560310Z     raise sqlalchemy_exception.with_traceback(exc_info[2]) from e
test (3.11)	Run Alembic migrations	2026-02-15T14:57:41.8562206Z   File "/opt/hostedtoolcache/Python/3.11.14/x64/lib/python3.11/site-packages/sqlalchemy/engine/base.py", line 1967, in _exec_single_context
test (3.11)	Run Alembic migrations	2026-02-15T14:57:41.8563858Z     self.dialect.do_execute(
test (3.11)	Run Alembic migrations	2026-02-15T14:57:41.8565342Z   File "/opt/hostedtoolcache/Python/3.11.14/x64/lib/python3.11/site-packages/sqlalchemy/engine/default.py", line 952, in do_execute
test (3.11)	Run Alembic migrations	2026-02-15T14:57:41.8566935Z     cursor.execute(statement, parameters)
test (3.11)	Run Alembic migrations	2026-02-15T14:57:41.8568205Z sqlalchemy.exc.OperationalError: (sqlite3.OperationalError) no such table: main.meter
test (3.11)	Run Alembic migrations	2026-02-15T14:57:41.8569644Z [SQL: CREATE UNIQUE INDEX uq_meter_unit_kind_slot ON meter (unit_id, kind, slot)]
test (3.11)	Run Alembic migrations	2026-02-15T14:57:41.8570775Z (Background on this error at: https://sqlalche.me/e/20/e3q8)
test (3.11)	Run Alembic migrations	2026-02-15T14:57:41.9259579Z ##[error]Process completed with exit code 1.
test (3.11)	Post Checkout	锘?026-02-15T14:57:41.9362577Z Post job cleanup.
test (3.11)	Post Checkout	2026-02-15T14:57:42.0229853Z [command]/usr/bin/git version
test (3.11)	Post Checkout	2026-02-15T14:57:42.0261771Z git version 2.52.0
test (3.11)	Post Checkout	2026-02-15T14:57:42.0307197Z Temporarily overriding HOME='/home/runner/work/_temp/247aabf2-7510-4e58-b6c3-30e586510313' before making global git config changes
test (3.11)	Post Checkout	2026-02-15T14:57:42.0308207Z Adding repository directory to the temporary git global config as a safe directory
test (3.11)	Post Checkout	2026-02-15T14:57:42.0312424Z [command]/usr/bin/git config --global --add safe.directory /home/runner/work/Apartment/Apartment
test (3.11)	Post Checkout	2026-02-15T14:57:42.0342231Z [command]/usr/bin/git config --local --name-only --get-regexp core\.sshCommand
test (3.11)	Post Checkout	2026-02-15T14:57:42.0369120Z [command]/usr/bin/git submodule foreach --recursive sh -c "git config --local --name-only --get-regexp 'core\.sshCommand' && git config --local --unset-all 'core.sshCommand' || :"
test (3.11)	Post Checkout	2026-02-15T14:57:42.0553772Z [command]/usr/bin/git config --local --name-only --get-regexp http\.https\:\/\/github\.com\/\.extraheader
test (3.11)	Post Checkout	2026-02-15T14:57:42.0571609Z http.https://github.com/.extraheader
test (3.11)	Post Checkout	2026-02-15T14:57:42.0581993Z [command]/usr/bin/git config --local --unset-all http.https://github.com/.extraheader
test (3.11)	Post Checkout	2026-02-15T14:57:42.0606628Z [command]/usr/bin/git submodule foreach --recursive sh -c "git config --local --name-only --get-regexp 'http\.https\:\/\/github\.com\/\.extraheader' && git config --local --unset-all 'http.https://github.com/.extraheader' || :"
test (3.11)	Post Checkout	2026-02-15T14:57:42.0783099Z [command]/usr/bin/git config --local --name-only --get-regexp ^includeIf\.gitdir:
test (3.11)	Post Checkout	2026-02-15T14:57:42.0809659Z [command]/usr/bin/git submodule foreach --recursive git config --local --show-origin --name-only --get-regexp remote.origin.url
test (3.11)	Complete job	锘?026-02-15T14:57:42.1076249Z Cleaning up orphan processes
