test (3.11)	Set up job	锘?026-02-15T17:50:01.3107950Z Current runner version: '2.331.0'
test (3.11)	Set up job	2026-02-15T17:50:01.3133835Z ##[group]Runner Image Provisioner
test (3.11)	Set up job	2026-02-15T17:50:01.3134778Z Hosted Compute Agent
test (3.11)	Set up job	2026-02-15T17:50:01.3135379Z Version: 20260123.484
test (3.11)	Set up job	2026-02-15T17:50:01.3135982Z Commit: 6bd6555ca37d84114959e1c76d2c01448ff61c5d
test (3.11)	Set up job	2026-02-15T17:50:01.3136744Z Build Date: 2026-01-23T19:41:17Z
test (3.11)	Set up job	2026-02-15T17:50:01.3137415Z Worker ID: {63b100dc-be57-476d-b6b9-8f25e62aa7a1}
test (3.11)	Set up job	2026-02-15T17:50:01.3138060Z Azure Region: westus3
test (3.11)	Set up job	2026-02-15T17:50:01.3138642Z ##[endgroup]
test (3.11)	Set up job	2026-02-15T17:50:01.3139961Z ##[group]Operating System
test (3.11)	Set up job	2026-02-15T17:50:01.3140610Z Ubuntu
test (3.11)	Set up job	2026-02-15T17:50:01.3141144Z 24.04.3
test (3.11)	Set up job	2026-02-15T17:50:01.3142071Z LTS
test (3.11)	Set up job	2026-02-15T17:50:01.3142558Z ##[endgroup]
test (3.11)	Set up job	2026-02-15T17:50:01.3143004Z ##[group]Runner Image
test (3.11)	Set up job	2026-02-15T17:50:01.3143650Z Image: ubuntu-24.04
test (3.11)	Set up job	2026-02-15T17:50:01.3144202Z Version: 20260209.23.1
test (3.11)	Set up job	2026-02-15T17:50:01.3145145Z Included Software: https://github.com/actions/runner-images/blob/ubuntu24/20260209.23/images/ubuntu/Ubuntu2404-Readme.md
test (3.11)	Set up job	2026-02-15T17:50:01.3146863Z Image Release: https://github.com/actions/runner-images/releases/tag/ubuntu24%2F20260209.23
test (3.11)	Set up job	2026-02-15T17:50:01.3147807Z ##[endgroup]
test (3.11)	Set up job	2026-02-15T17:50:01.3148930Z ##[group]GITHUB_TOKEN Permissions
test (3.11)	Set up job	2026-02-15T17:50:01.3150732Z Contents: read
test (3.11)	Set up job	2026-02-15T17:50:01.3151610Z Metadata: read
test (3.11)	Set up job	2026-02-15T17:50:01.3152114Z Packages: read
test (3.11)	Set up job	2026-02-15T17:50:01.3152604Z ##[endgroup]
test (3.11)	Set up job	2026-02-15T17:50:01.3154799Z Secret source: Actions
test (3.11)	Set up job	2026-02-15T17:50:01.3155492Z Prepare workflow directory
test (3.11)	Set up job	2026-02-15T17:50:01.3742436Z Prepare all required actions
test (3.11)	Set up job	2026-02-15T17:50:01.3779580Z Getting action download info
test (3.11)	Set up job	2026-02-15T17:50:01.7445010Z Download action repository 'actions/checkout@v4' (SHA:34e114876b0b11c390a56381ad16ebd13914f8d5)
test (3.11)	Set up job	2026-02-15T17:50:01.8941122Z Download action repository 'actions/setup-python@v4' (SHA:7f4fc3e22c37d6ff65e88745f38bd3157c663f7c)
test (3.11)	Set up job	2026-02-15T17:50:02.1235602Z Complete job name: test (3.11)
test (3.11)	Checkout	锘?026-02-15T17:50:02.1924150Z ##[group]Run actions/checkout@v4
test (3.11)	Checkout	2026-02-15T17:50:02.1925047Z with:
test (3.11)	Checkout	2026-02-15T17:50:02.1925501Z   repository: liumem1976/Apartment
test (3.11)	Checkout	2026-02-15T17:50:02.1926229Z   token: ***
test (3.11)	Checkout	2026-02-15T17:50:02.1926600Z   ssh-strict: true
test (3.11)	Checkout	2026-02-15T17:50:02.1926990Z   ssh-user: git
test (3.11)	Checkout	2026-02-15T17:50:02.1927383Z   persist-credentials: true
test (3.11)	Checkout	2026-02-15T17:50:02.1927849Z   clean: true
test (3.11)	Checkout	2026-02-15T17:50:02.1928241Z   sparse-checkout-cone-mode: true
test (3.11)	Checkout	2026-02-15T17:50:02.1928708Z   fetch-depth: 1
test (3.11)	Checkout	2026-02-15T17:50:02.1929093Z   fetch-tags: false
test (3.11)	Checkout	2026-02-15T17:50:02.1929499Z   show-progress: true
test (3.11)	Checkout	2026-02-15T17:50:02.1929903Z   lfs: false
test (3.11)	Checkout	2026-02-15T17:50:02.1930259Z   submodules: false
test (3.11)	Checkout	2026-02-15T17:50:02.1930664Z   set-safe-directory: true
test (3.11)	Checkout	2026-02-15T17:50:02.1931346Z env:
test (3.11)	Checkout	2026-02-15T17:50:02.1931997Z   DATABASE_URL: sqlite:///./data/app.db
test (3.11)	Checkout	2026-02-15T17:50:02.1932579Z   PYTHONPATH: /home/runner/work/Apartment/Apartment
test (3.11)	Checkout	2026-02-15T17:50:02.1933671Z   CI_READ_TOKEN: ***
test (3.11)	Checkout	2026-02-15T17:50:02.1934054Z ##[endgroup]
test (3.11)	Checkout	2026-02-15T17:50:02.3068573Z Syncing repository: liumem1976/Apartment
test (3.11)	Checkout	2026-02-15T17:50:02.3070437Z ##[group]Getting Git version info
test (3.11)	Checkout	2026-02-15T17:50:02.3071149Z Working directory is '/home/runner/work/Apartment/Apartment'
test (3.11)	Checkout	2026-02-15T17:50:02.3072688Z [command]/usr/bin/git version
test (3.11)	Checkout	2026-02-15T17:50:02.3087236Z git version 2.52.0
test (3.11)	Checkout	2026-02-15T17:50:02.3113828Z ##[endgroup]
test (3.11)	Checkout	2026-02-15T17:50:02.3130056Z Temporarily overriding HOME='/home/runner/work/_temp/7ca526ad-ce13-4216-a0ec-c56edcb137fb' before making global git config changes
test (3.11)	Checkout	2026-02-15T17:50:02.3132660Z Adding repository directory to the temporary git global config as a safe directory
test (3.11)	Checkout	2026-02-15T17:50:02.3136854Z [command]/usr/bin/git config --global --add safe.directory /home/runner/work/Apartment/Apartment
test (3.11)	Checkout	2026-02-15T17:50:02.3181086Z Deleting the contents of '/home/runner/work/Apartment/Apartment'
test (3.11)	Checkout	2026-02-15T17:50:02.3185535Z ##[group]Initializing the repository
test (3.11)	Checkout	2026-02-15T17:50:02.3190504Z [command]/usr/bin/git init /home/runner/work/Apartment/Apartment
test (3.11)	Checkout	2026-02-15T17:50:02.3322558Z hint: Using 'master' as the name for the initial branch. This default branch name
test (3.11)	Checkout	2026-02-15T17:50:02.3324622Z hint: will change to "main" in Git 3.0. To configure the initial branch name
test (3.11)	Checkout	2026-02-15T17:50:02.3325661Z hint: to use in all of your new repositories, which will suppress this warning,
test (3.11)	Checkout	2026-02-15T17:50:02.3326964Z hint: call:
test (3.11)	Checkout	2026-02-15T17:50:02.3327548Z hint:
test (3.11)	Checkout	2026-02-15T17:50:02.3328111Z hint: 	git config --global init.defaultBranch <name>
test (3.11)	Checkout	2026-02-15T17:50:02.3329188Z hint:
test (3.11)	Checkout	2026-02-15T17:50:02.3330273Z hint: Names commonly chosen instead of 'master' are 'main', 'trunk' and
test (3.11)	Checkout	2026-02-15T17:50:02.3332293Z hint: 'development'. The just-created branch can be renamed via this command:
test (3.11)	Checkout	2026-02-15T17:50:02.3333561Z hint:
test (3.11)	Checkout	2026-02-15T17:50:02.3334270Z hint: 	git branch -m <name>
test (3.11)	Checkout	2026-02-15T17:50:02.3335080Z hint:
test (3.11)	Checkout	2026-02-15T17:50:02.3336103Z hint: Disable this message with "git config set advice.defaultBranchName false"
test (3.11)	Checkout	2026-02-15T17:50:02.3337789Z Initialized empty Git repository in /home/runner/work/Apartment/Apartment/.git/
test (3.11)	Checkout	2026-02-15T17:50:02.3342081Z [command]/usr/bin/git remote add origin https://github.com/liumem1976/Apartment
test (3.11)	Checkout	2026-02-15T17:50:02.3380589Z ##[endgroup]
test (3.11)	Checkout	2026-02-15T17:50:02.3382022Z ##[group]Disabling automatic garbage collection
test (3.11)	Checkout	2026-02-15T17:50:02.3385856Z [command]/usr/bin/git config --local gc.auto 0
test (3.11)	Checkout	2026-02-15T17:50:02.3417125Z ##[endgroup]
test (3.11)	Checkout	2026-02-15T17:50:02.3418335Z ##[group]Setting up auth
test (3.11)	Checkout	2026-02-15T17:50:02.3424970Z [command]/usr/bin/git config --local --name-only --get-regexp core\.sshCommand
test (3.11)	Checkout	2026-02-15T17:50:02.3457258Z [command]/usr/bin/git submodule foreach --recursive sh -c "git config --local --name-only --get-regexp 'core\.sshCommand' && git config --local --unset-all 'core.sshCommand' || :"
test (3.11)	Checkout	2026-02-15T17:50:02.3894799Z [command]/usr/bin/git config --local --name-only --get-regexp http\.https\:\/\/github\.com\/\.extraheader
test (3.11)	Checkout	2026-02-15T17:50:02.3929572Z [command]/usr/bin/git submodule foreach --recursive sh -c "git config --local --name-only --get-regexp 'http\.https\:\/\/github\.com\/\.extraheader' && git config --local --unset-all 'http.https://github.com/.extraheader' || :"
test (3.11)	Checkout	2026-02-15T17:50:02.4196850Z [command]/usr/bin/git config --local --name-only --get-regexp ^includeIf\.gitdir:
test (3.11)	Checkout	2026-02-15T17:50:02.4232494Z [command]/usr/bin/git submodule foreach --recursive git config --local --show-origin --name-only --get-regexp remote.origin.url
test (3.11)	Checkout	2026-02-15T17:50:02.4474660Z [command]/usr/bin/git config --local http.https://github.com/.extraheader AUTHORIZATION: basic ***
test (3.11)	Checkout	2026-02-15T17:50:02.4513361Z ##[endgroup]
test (3.11)	Checkout	2026-02-15T17:50:02.4514638Z ##[group]Fetching the repository
test (3.11)	Checkout	2026-02-15T17:50:02.4523608Z [command]/usr/bin/git -c protocol.version=2 fetch --no-tags --prune --no-recurse-submodules --depth=1 origin +b69f80013fa04199b412f666b63fa11ac1214788:refs/remotes/pull/4/merge
test (3.11)	Checkout	2026-02-15T17:50:03.1115017Z From https://github.com/liumem1976/Apartment
test (3.11)	Checkout	2026-02-15T17:50:03.1116865Z  * [new ref]         b69f80013fa04199b412f666b63fa11ac1214788 -> pull/4/merge
test (3.11)	Checkout	2026-02-15T17:50:03.1154986Z ##[endgroup]
test (3.11)	Checkout	2026-02-15T17:50:03.1156379Z ##[group]Determining the checkout info
test (3.11)	Checkout	2026-02-15T17:50:03.1157933Z ##[endgroup]
test (3.11)	Checkout	2026-02-15T17:50:03.1163573Z [command]/usr/bin/git sparse-checkout disable
test (3.11)	Checkout	2026-02-15T17:50:03.1211782Z [command]/usr/bin/git config --local --unset-all extensions.worktreeConfig
test (3.11)	Checkout	2026-02-15T17:50:03.1241287Z ##[group]Checking out the ref
test (3.11)	Checkout	2026-02-15T17:50:03.1246241Z [command]/usr/bin/git checkout --progress --force refs/remotes/pull/4/merge
test (3.11)	Checkout	2026-02-15T17:50:03.1550160Z Note: switching to 'refs/remotes/pull/4/merge'.
test (3.11)	Checkout	2026-02-15T17:50:03.1551278Z 
test (3.11)	Checkout	2026-02-15T17:50:03.1552465Z You are in 'detached HEAD' state. You can look around, make experimental
test (3.11)	Checkout	2026-02-15T17:50:03.1554542Z changes and commit them, and you can discard any commits you make in this
test (3.11)	Checkout	2026-02-15T17:50:03.1556117Z state without impacting any branches by switching back to a branch.
test (3.11)	Checkout	2026-02-15T17:50:03.1556879Z 
test (3.11)	Checkout	2026-02-15T17:50:03.1557366Z If you want to create a new branch to retain commits you create, you may
test (3.11)	Checkout	2026-02-15T17:50:03.1559140Z do so (now or later) by using -c with the switch command. Example:
test (3.11)	Checkout	2026-02-15T17:50:03.1560541Z 
test (3.11)	Checkout	2026-02-15T17:50:03.1560893Z   git switch -c <new-branch-name>
test (3.11)	Checkout	2026-02-15T17:50:03.1561728Z 
test (3.11)	Checkout	2026-02-15T17:50:03.1562091Z Or undo this operation with:
test (3.11)	Checkout	2026-02-15T17:50:03.1562511Z 
test (3.11)	Checkout	2026-02-15T17:50:03.1562699Z   git switch -
test (3.11)	Checkout	2026-02-15T17:50:03.1563005Z 
test (3.11)	Checkout	2026-02-15T17:50:03.1563653Z Turn off this advice by setting config variable advice.detachedHead to false
test (3.11)	Checkout	2026-02-15T17:50:03.1564620Z 
test (3.11)	Checkout	2026-02-15T17:50:03.1565558Z HEAD is now at b69f800 Merge 980a3f99aedb3aa9c8f259c758e7c9c9d1479009 into 21cadbdb645008ccf6c7f1434bed1e218b2e2eff
test (3.11)	Checkout	2026-02-15T17:50:03.1568017Z ##[endgroup]
test (3.11)	Checkout	2026-02-15T17:50:03.1599058Z [command]/usr/bin/git log -1 --format=%H
test (3.11)	Checkout	2026-02-15T17:50:03.1622356Z b69f80013fa04199b412f666b63fa11ac1214788
test (3.11)	Set up Python	锘?026-02-15T17:50:03.1880989Z ##[group]Run actions/setup-python@v4
test (3.11)	Set up Python	2026-02-15T17:50:03.1881828Z with:
test (3.11)	Set up Python	2026-02-15T17:50:03.1882224Z   python-version: 3.11
test (3.11)	Set up Python	2026-02-15T17:50:03.1882700Z   check-latest: false
test (3.11)	Set up Python	2026-02-15T17:50:03.1883337Z   token: ***
test (3.11)	Set up Python	2026-02-15T17:50:03.1883771Z   update-environment: true
test (3.11)	Set up Python	2026-02-15T17:50:03.1884299Z   allow-prereleases: false
test (3.11)	Set up Python	2026-02-15T17:50:03.1884798Z env:
test (3.11)	Set up Python	2026-02-15T17:50:03.1885220Z   DATABASE_URL: sqlite:///./data/app.db
test (3.11)	Set up Python	2026-02-15T17:50:03.1885922Z   PYTHONPATH: /home/runner/work/Apartment/Apartment
test (3.11)	Set up Python	2026-02-15T17:50:03.1887291Z   CI_READ_TOKEN: ***
test (3.11)	Set up Python	2026-02-15T17:50:03.1887726Z ##[endgroup]
test (3.11)	Set up Python	2026-02-15T17:50:03.3630102Z ##[group]Installed versions
test (3.11)	Set up Python	2026-02-15T17:50:03.3747912Z Successfully set up CPython (3.11.14)
test (3.11)	Set up Python	2026-02-15T17:50:03.3750296Z ##[endgroup]
test (3.11)	Install dependencies	锘?026-02-15T17:50:03.3905249Z ##[group]Run python -m pip install --upgrade pip
test (3.11)	Install dependencies	2026-02-15T17:50:03.3907055Z [36;1mpython -m pip install --upgrade pip[0m
test (3.11)	Install dependencies	2026-02-15T17:50:03.3909095Z [36;1mif [ -f requirements.txt ]; then pip install -r requirements.txt; fi[0m
test (3.11)	Install dependencies	2026-02-15T17:50:03.3979560Z shell: /usr/bin/bash -e {0}
test (3.11)	Install dependencies	2026-02-15T17:50:03.3980802Z env:
test (3.11)	Install dependencies	2026-02-15T17:50:03.4053000Z   DATABASE_URL: sqlite:///./data/app.db
test (3.11)	Install dependencies	2026-02-15T17:50:03.4054816Z   PYTHONPATH: /home/runner/work/Apartment/Apartment
test (3.11)	Install dependencies	2026-02-15T17:50:03.4058119Z   CI_READ_TOKEN: ***
test (3.11)	Install dependencies	2026-02-15T17:50:03.4059404Z   pythonLocation: /opt/hostedtoolcache/Python/3.11.14/x64
test (3.11)	Install dependencies	2026-02-15T17:50:03.4061568Z   PKG_CONFIG_PATH: /opt/hostedtoolcache/Python/3.11.14/x64/lib/pkgconfig
test (3.11)	Install dependencies	2026-02-15T17:50:03.4063617Z   Python_ROOT_DIR: /opt/hostedtoolcache/Python/3.11.14/x64
test (3.11)	Install dependencies	2026-02-15T17:50:03.4065475Z   Python2_ROOT_DIR: /opt/hostedtoolcache/Python/3.11.14/x64
test (3.11)	Install dependencies	2026-02-15T17:50:03.4067286Z   Python3_ROOT_DIR: /opt/hostedtoolcache/Python/3.11.14/x64
test (3.11)	Install dependencies	2026-02-15T17:50:03.4069115Z   LD_LIBRARY_PATH: /opt/hostedtoolcache/Python/3.11.14/x64/lib
test (3.11)	Install dependencies	2026-02-15T17:50:03.4070715Z ##[endgroup]
test (3.11)	Install dependencies	2026-02-15T17:50:04.2514494Z Requirement already satisfied: pip in /opt/hostedtoolcache/Python/3.11.14/x64/lib/python3.11/site-packages (26.0.1)
test (3.11)	Install dependencies	2026-02-15T17:50:05.0071216Z Collecting fastapi>=0.100.0 (from -r requirements.txt (line 1))
test (3.11)	Install dependencies	2026-02-15T17:50:05.0824758Z   Downloading fastapi-0.129.0-py3-none-any.whl.metadata (30 kB)
test (3.11)	Install dependencies	2026-02-15T17:50:05.1300627Z Collecting uvicorn>=0.22.0 (from uvicorn[standard]>=0.22.0->-r requirements.txt (line 2))
test (3.11)	Install dependencies	2026-02-15T17:50:05.1403246Z   Downloading uvicorn-0.40.0-py3-none-any.whl.metadata (6.7 kB)
test (3.11)	Install dependencies	2026-02-15T17:50:05.1633966Z Collecting sqlmodel==0.0.32 (from -r requirements.txt (line 3))
test (3.11)	Install dependencies	2026-02-15T17:50:05.1746793Z   Downloading sqlmodel-0.0.32-py3-none-any.whl.metadata (10 kB)
test (3.11)	Install dependencies	2026-02-15T17:50:05.3149062Z Collecting pydantic>=2.0 (from -r requirements.txt (line 4))
test (3.11)	Install dependencies	2026-02-15T17:50:05.3255760Z   Downloading pydantic-2.12.5-py3-none-any.whl.metadata (90 kB)
test (3.11)	Install dependencies	2026-02-15T17:50:05.3640124Z Collecting jinja2>=3.1.0 (from -r requirements.txt (line 5))
test (3.11)	Install dependencies	2026-02-15T17:50:05.3744920Z   Downloading jinja2-3.1.6-py3-none-any.whl.metadata (2.9 kB)
test (3.11)	Install dependencies	2026-02-15T17:50:05.4010634Z Collecting apscheduler>=3.10.0 (from -r requirements.txt (line 6))
test (3.11)	Install dependencies	2026-02-15T17:50:05.4129680Z   Downloading apscheduler-3.11.2-py3-none-any.whl.metadata (6.4 kB)
test (3.11)	Install dependencies	2026-02-15T17:50:05.4459347Z Collecting alembic>=1.11.0 (from -r requirements.txt (line 7))
test (3.11)	Install dependencies	2026-02-15T17:50:05.4570166Z   Downloading alembic-1.18.4-py3-none-any.whl.metadata (7.2 kB)
test (3.11)	Install dependencies	2026-02-15T17:50:05.4803416Z Collecting openpyxl>=3.1.0 (from -r requirements.txt (line 8))
test (3.11)	Install dependencies	2026-02-15T17:50:05.4905800Z   Downloading openpyxl-3.1.5-py2.py3-none-any.whl.metadata (2.5 kB)
test (3.11)	Install dependencies	2026-02-15T17:50:05.5094161Z Collecting python-multipart>=0.0.6 (from -r requirements.txt (line 9))
test (3.11)	Install dependencies	2026-02-15T17:50:05.5205420Z   Downloading python_multipart-0.0.22-py3-none-any.whl.metadata (1.8 kB)
test (3.11)	Install dependencies	2026-02-15T17:50:05.5452003Z Collecting httpx>=0.24.0 (from -r requirements.txt (line 10))
test (3.11)	Install dependencies	2026-02-15T17:50:05.5551210Z   Downloading httpx-0.28.1-py3-none-any.whl.metadata (7.1 kB)
test (3.11)	Install dependencies	2026-02-15T17:50:05.5918806Z Collecting pytest>=7.4.0 (from -r requirements.txt (line 11))
test (3.11)	Install dependencies	2026-02-15T17:50:05.6027328Z   Downloading pytest-9.0.2-py3-none-any.whl.metadata (7.6 kB)
test (3.11)	Install dependencies	2026-02-15T17:50:05.6255857Z Collecting python-dotenv>=1.2.0 (from -r requirements.txt (line 12))
test (3.11)	Install dependencies	2026-02-15T17:50:05.6357532Z   Downloading python_dotenv-1.2.1-py3-none-any.whl.metadata (25 kB)
test (3.11)	Install dependencies	2026-02-15T17:50:05.6585968Z Collecting passlib>=1.7.0 (from passlib[bcrypt]>=1.7.0->-r requirements.txt (line 13))
test (3.11)	Install dependencies	2026-02-15T17:50:05.6697327Z   Downloading passlib-1.7.4-py2.py3-none-any.whl.metadata (1.7 kB)
test (3.11)	Install dependencies	2026-02-15T17:50:05.6934906Z Collecting python-jose>=3.3.0 (from python-jose[cryptography]>=3.3.0->-r requirements.txt (line 14))
test (3.11)	Install dependencies	2026-02-15T17:50:05.7049842Z   Downloading python_jose-3.5.0-py2.py3-none-any.whl.metadata (5.5 kB)
test (3.11)	Install dependencies	2026-02-15T17:50:06.0213135Z Collecting SQLAlchemy<2.1.0,>=2.0.14 (from sqlmodel==0.0.32->-r requirements.txt (line 3))
test (3.11)	Install dependencies	2026-02-15T17:50:06.0319405Z   Downloading sqlalchemy-2.0.46-cp311-cp311-manylinux2014_x86_64.manylinux_2_17_x86_64.manylinux_2_28_x86_64.whl.metadata (9.5 kB)
test (3.11)	Install dependencies	2026-02-15T17:50:06.1741984Z Collecting greenlet>=1 (from SQLAlchemy<2.1.0,>=2.0.14->sqlmodel==0.0.32->-r requirements.txt (line 3))
test (3.11)	Install dependencies	2026-02-15T17:50:06.1882190Z   Downloading greenlet-3.3.1-cp311-cp311-manylinux_2_24_x86_64.manylinux_2_28_x86_64.whl.metadata (3.7 kB)
test (3.11)	Install dependencies	2026-02-15T17:50:06.2117783Z Collecting typing-extensions>=4.6.0 (from SQLAlchemy<2.1.0,>=2.0.14->sqlmodel==0.0.32->-r requirements.txt (line 3))
test (3.11)	Install dependencies	2026-02-15T17:50:06.2230606Z   Downloading typing_extensions-4.15.0-py3-none-any.whl.metadata (3.3 kB)
test (3.11)	Install dependencies	2026-02-15T17:50:06.2543980Z Collecting starlette<1.0.0,>=0.40.0 (from fastapi>=0.100.0->-r requirements.txt (line 1))
test (3.11)	Install dependencies	2026-02-15T17:50:06.2663701Z   Downloading starlette-0.52.1-py3-none-any.whl.metadata (6.3 kB)
test (3.11)	Install dependencies	2026-02-15T17:50:06.2873605Z Collecting typing-inspection>=0.4.2 (from fastapi>=0.100.0->-r requirements.txt (line 1))
test (3.11)	Install dependencies	2026-02-15T17:50:06.2975789Z   Downloading typing_inspection-0.4.2-py3-none-any.whl.metadata (2.6 kB)
test (3.11)	Install dependencies	2026-02-15T17:50:06.3143889Z Collecting annotated-doc>=0.0.2 (from fastapi>=0.100.0->-r requirements.txt (line 1))
test (3.11)	Install dependencies	2026-02-15T17:50:06.3243620Z   Downloading annotated_doc-0.0.4-py3-none-any.whl.metadata (6.6 kB)
test (3.11)	Install dependencies	2026-02-15T17:50:06.3494587Z Collecting anyio<5,>=3.6.2 (from starlette<1.0.0,>=0.40.0->fastapi>=0.100.0->-r requirements.txt (line 1))
test (3.11)	Install dependencies	2026-02-15T17:50:06.3602197Z   Downloading anyio-4.12.1-py3-none-any.whl.metadata (4.3 kB)
test (3.11)	Install dependencies	2026-02-15T17:50:06.3823509Z Collecting idna>=2.8 (from anyio<5,>=3.6.2->starlette<1.0.0,>=0.40.0->fastapi>=0.100.0->-r requirements.txt (line 1))
test (3.11)	Install dependencies	2026-02-15T17:50:06.3925706Z   Downloading idna-3.11-py3-none-any.whl.metadata (8.4 kB)
test (3.11)	Install dependencies	2026-02-15T17:50:06.4186867Z Collecting click>=7.0 (from uvicorn>=0.22.0->uvicorn[standard]>=0.22.0->-r requirements.txt (line 2))
test (3.11)	Install dependencies	2026-02-15T17:50:06.4290959Z   Downloading click-8.3.1-py3-none-any.whl.metadata (2.6 kB)
test (3.11)	Install dependencies	2026-02-15T17:50:06.4472357Z Collecting h11>=0.8 (from uvicorn>=0.22.0->uvicorn[standard]>=0.22.0->-r requirements.txt (line 2))
test (3.11)	Install dependencies	2026-02-15T17:50:06.4576564Z   Downloading h11-0.16.0-py3-none-any.whl.metadata (8.3 kB)
test (3.11)	Install dependencies	2026-02-15T17:50:06.4756529Z Collecting annotated-types>=0.6.0 (from pydantic>=2.0->-r requirements.txt (line 4))
test (3.11)	Install dependencies	2026-02-15T17:50:06.4865503Z   Downloading annotated_types-0.7.0-py3-none-any.whl.metadata (15 kB)
test (3.11)	Install dependencies	2026-02-15T17:50:07.1975560Z Collecting pydantic-core==2.41.5 (from pydantic>=2.0->-r requirements.txt (line 4))
test (3.11)	Install dependencies	2026-02-15T17:50:07.2079181Z   Downloading pydantic_core-2.41.5-cp311-cp311-manylinux_2_17_x86_64.manylinux2014_x86_64.whl.metadata (7.3 kB)
test (3.11)	Install dependencies	2026-02-15T17:50:07.2664575Z Collecting MarkupSafe>=2.0 (from jinja2>=3.1.0->-r requirements.txt (line 5))
test (3.11)	Install dependencies	2026-02-15T17:50:07.2768548Z   Downloading markupsafe-3.0.3-cp311-cp311-manylinux2014_x86_64.manylinux_2_17_x86_64.manylinux_2_28_x86_64.whl.metadata (2.7 kB)
test (3.11)	Install dependencies	2026-02-15T17:50:07.2983210Z Collecting tzlocal>=3.0 (from apscheduler>=3.10.0->-r requirements.txt (line 6))
test (3.11)	Install dependencies	2026-02-15T17:50:07.3087665Z   Downloading tzlocal-5.3.1-py3-none-any.whl.metadata (7.6 kB)
test (3.11)	Install dependencies	2026-02-15T17:50:07.3378376Z Collecting Mako (from alembic>=1.11.0->-r requirements.txt (line 7))
test (3.11)	Install dependencies	2026-02-15T17:50:07.3511874Z   Downloading mako-1.3.10-py3-none-any.whl.metadata (2.9 kB)
test (3.11)	Install dependencies	2026-02-15T17:50:07.3696834Z Collecting et-xmlfile (from openpyxl>=3.1.0->-r requirements.txt (line 8))
test (3.11)	Install dependencies	2026-02-15T17:50:07.3795369Z   Downloading et_xmlfile-2.0.0-py3-none-any.whl.metadata (2.7 kB)
test (3.11)	Install dependencies	2026-02-15T17:50:07.4075480Z Collecting certifi (from httpx>=0.24.0->-r requirements.txt (line 10))
test (3.11)	Install dependencies	2026-02-15T17:50:07.4180793Z   Downloading certifi-2026.1.4-py3-none-any.whl.metadata (2.5 kB)
test (3.11)	Install dependencies	2026-02-15T17:50:07.4421828Z Collecting httpcore==1.* (from httpx>=0.24.0->-r requirements.txt (line 10))
test (3.11)	Install dependencies	2026-02-15T17:50:07.4535268Z   Downloading httpcore-1.0.9-py3-none-any.whl.metadata (21 kB)
test (3.11)	Install dependencies	2026-02-15T17:50:07.4739063Z Collecting iniconfig>=1.0.1 (from pytest>=7.4.0->-r requirements.txt (line 11))
test (3.11)	Install dependencies	2026-02-15T17:50:07.4840608Z   Downloading iniconfig-2.3.0-py3-none-any.whl.metadata (2.5 kB)
test (3.11)	Install dependencies	2026-02-15T17:50:07.5058587Z Collecting packaging>=22 (from pytest>=7.4.0->-r requirements.txt (line 11))
test (3.11)	Install dependencies	2026-02-15T17:50:07.5160379Z   Downloading packaging-26.0-py3-none-any.whl.metadata (3.3 kB)
test (3.11)	Install dependencies	2026-02-15T17:50:07.5346021Z Collecting pluggy<2,>=1.5 (from pytest>=7.4.0->-r requirements.txt (line 11))
test (3.11)	Install dependencies	2026-02-15T17:50:07.5445880Z   Downloading pluggy-1.6.0-py3-none-any.whl.metadata (4.8 kB)
test (3.11)	Install dependencies	2026-02-15T17:50:07.5689630Z Collecting pygments>=2.7.2 (from pytest>=7.4.0->-r requirements.txt (line 11))
test (3.11)	Install dependencies	2026-02-15T17:50:07.5789889Z   Downloading pygments-2.19.2-py3-none-any.whl.metadata (2.5 kB)
test (3.11)	Install dependencies	2026-02-15T17:50:07.6005028Z Collecting ecdsa!=0.15 (from python-jose>=3.3.0->python-jose[cryptography]>=3.3.0->-r requirements.txt (line 14))
test (3.11)	Install dependencies	2026-02-15T17:50:07.6135340Z   Downloading ecdsa-0.19.1-py2.py3-none-any.whl.metadata (29 kB)
test (3.11)	Install dependencies	2026-02-15T17:50:07.6379774Z Collecting rsa!=4.1.1,!=4.4,<5.0,>=4.0 (from python-jose>=3.3.0->python-jose[cryptography]>=3.3.0->-r requirements.txt (line 14))
test (3.11)	Install dependencies	2026-02-15T17:50:07.6481710Z   Downloading rsa-4.9.1-py3-none-any.whl.metadata (5.6 kB)
test (3.11)	Install dependencies	2026-02-15T17:50:07.6748786Z Collecting pyasn1>=0.5.0 (from python-jose>=3.3.0->python-jose[cryptography]>=3.3.0->-r requirements.txt (line 14))
test (3.11)	Install dependencies	2026-02-15T17:50:07.6850764Z   Downloading pyasn1-0.6.2-py3-none-any.whl.metadata (8.4 kB)
test (3.11)	Install dependencies	2026-02-15T17:50:07.7089731Z Collecting six>=1.9.0 (from ecdsa!=0.15->python-jose>=3.3.0->python-jose[cryptography]>=3.3.0->-r requirements.txt (line 14))
test (3.11)	Install dependencies	2026-02-15T17:50:07.7192161Z   Downloading six-1.17.0-py2.py3-none-any.whl.metadata (1.7 kB)
test (3.11)	Install dependencies	2026-02-15T17:50:07.7675278Z Collecting bcrypt>=3.1.0 (from passlib[bcrypt]>=1.7.0->-r requirements.txt (line 13))
test (3.11)	Install dependencies	2026-02-15T17:50:07.7821675Z   Downloading bcrypt-5.0.0-cp39-abi3-manylinux_2_34_x86_64.whl.metadata (10 kB)
test (3.11)	Install dependencies	2026-02-15T17:50:07.9619475Z Collecting cryptography>=3.4.0 (from python-jose[cryptography]>=3.3.0->-r requirements.txt (line 14))
test (3.11)	Install dependencies	2026-02-15T17:50:07.9726946Z   Downloading cryptography-46.0.5-cp311-abi3-manylinux_2_34_x86_64.whl.metadata (5.7 kB)
test (3.11)	Install dependencies	2026-02-15T17:50:08.0804810Z Collecting cffi>=2.0.0 (from cryptography>=3.4.0->python-jose[cryptography]>=3.3.0->-r requirements.txt (line 14))
test (3.11)	Install dependencies	2026-02-15T17:50:08.0910945Z   Downloading cffi-2.0.0-cp311-cp311-manylinux2014_x86_64.manylinux_2_17_x86_64.whl.metadata (2.6 kB)
test (3.11)	Install dependencies	2026-02-15T17:50:08.1106813Z Collecting pycparser (from cffi>=2.0.0->cryptography>=3.4.0->python-jose[cryptography]>=3.3.0->-r requirements.txt (line 14))
test (3.11)	Install dependencies	2026-02-15T17:50:08.1205670Z   Downloading pycparser-3.0-py3-none-any.whl.metadata (8.2 kB)
test (3.11)	Install dependencies	2026-02-15T17:50:08.2204112Z Collecting httptools>=0.6.3 (from uvicorn[standard]>=0.22.0->-r requirements.txt (line 2))
test (3.11)	Install dependencies	2026-02-15T17:50:08.2313036Z   Downloading httptools-0.7.1-cp311-cp311-manylinux1_x86_64.manylinux_2_28_x86_64.manylinux_2_5_x86_64.whl.metadata (3.5 kB)
test (3.11)	Install dependencies	2026-02-15T17:50:08.2749515Z Collecting pyyaml>=5.1 (from uvicorn[standard]>=0.22.0->-r requirements.txt (line 2))
test (3.11)	Install dependencies	2026-02-15T17:50:08.2852683Z   Downloading pyyaml-6.0.3-cp311-cp311-manylinux2014_x86_64.manylinux_2_17_x86_64.manylinux_2_28_x86_64.whl.metadata (2.4 kB)
test (3.11)	Install dependencies	2026-02-15T17:50:08.3294920Z Collecting uvloop>=0.15.1 (from uvicorn[standard]>=0.22.0->-r requirements.txt (line 2))
test (3.11)	Install dependencies	2026-02-15T17:50:08.3400589Z   Downloading uvloop-0.22.1-cp311-cp311-manylinux2014_x86_64.manylinux_2_17_x86_64.manylinux_2_28_x86_64.whl.metadata (4.9 kB)
test (3.11)	Install dependencies	2026-02-15T17:50:08.4178409Z Collecting watchfiles>=0.13 (from uvicorn[standard]>=0.22.0->-r requirements.txt (line 2))
test (3.11)	Install dependencies	2026-02-15T17:50:08.4282399Z   Downloading watchfiles-1.1.1-cp311-cp311-manylinux_2_17_x86_64.manylinux2014_x86_64.whl.metadata (4.9 kB)
test (3.11)	Install dependencies	2026-02-15T17:50:08.5175182Z Collecting websockets>=10.4 (from uvicorn[standard]>=0.22.0->-r requirements.txt (line 2))
test (3.11)	Install dependencies	2026-02-15T17:50:08.5293652Z   Downloading websockets-16.0-cp311-cp311-manylinux1_x86_64.manylinux_2_28_x86_64.manylinux_2_5_x86_64.whl.metadata (6.8 kB)
test (3.11)	Install dependencies	2026-02-15T17:50:08.5527145Z Downloading sqlmodel-0.0.32-py3-none-any.whl (27 kB)
test (3.11)	Install dependencies	2026-02-15T17:50:08.5674538Z Downloading sqlalchemy-2.0.46-cp311-cp311-manylinux2014_x86_64.manylinux_2_17_x86_64.manylinux_2_28_x86_64.whl (3.3 MB)
test (3.11)	Install dependencies	2026-02-15T17:50:08.7989636Z    鈹佲攣鈹佲攣鈹佲攣鈹佲攣鈹佲攣鈹佲攣鈹佲攣鈹佲攣鈹佲攣鈹佲攣鈹佲攣鈹佲攣鈹佲攣鈹佲攣鈹佲攣鈹佲攣鈹佲攣鈹佲攣鈹佲攣鈹佲攣 3.3/3.3 MB 15.5 MB/s  0:00:00
test (3.11)	Install dependencies	2026-02-15T17:50:08.8096486Z Downloading fastapi-0.129.0-py3-none-any.whl (102 kB)
test (3.11)	Install dependencies	2026-02-15T17:50:08.8242572Z Downloading starlette-0.52.1-py3-none-any.whl (74 kB)
test (3.11)	Install dependencies	2026-02-15T17:50:08.8379085Z Downloading anyio-4.12.1-py3-none-any.whl (113 kB)
test (3.11)	Install dependencies	2026-02-15T17:50:08.8523580Z Downloading uvicorn-0.40.0-py3-none-any.whl (68 kB)
test (3.11)	Install dependencies	2026-02-15T17:50:08.8686121Z Downloading pydantic-2.12.5-py3-none-any.whl (463 kB)
test (3.11)	Install dependencies	2026-02-15T17:50:08.8994877Z Downloading pydantic_core-2.41.5-cp311-cp311-manylinux_2_17_x86_64.manylinux2014_x86_64.whl (2.1 MB)
test (3.11)	Install dependencies	2026-02-15T17:50:08.9653328Z    鈹佲攣鈹佲攣鈹佲攣鈹佲攣鈹佲攣鈹佲攣鈹佲攣鈹佲攣鈹佲攣鈹佲攣鈹佲攣鈹佲攣鈹佲攣鈹佲攣鈹佲攣鈹佲攣鈹佲攣鈹佲攣鈹佲攣鈹佲攣 2.1/2.1 MB 32.7 MB/s  0:00:00
test (3.11)	Install dependencies	2026-02-15T17:50:08.9765454Z Downloading jinja2-3.1.6-py3-none-any.whl (134 kB)
test (3.11)	Install dependencies	2026-02-15T17:50:08.9923335Z Downloading apscheduler-3.11.2-py3-none-any.whl (64 kB)
test (3.11)	Install dependencies	2026-02-15T17:50:09.0049060Z Downloading alembic-1.18.4-py3-none-any.whl (263 kB)
test (3.11)	Install dependencies	2026-02-15T17:50:09.0212731Z Downloading openpyxl-3.1.5-py2.py3-none-any.whl (250 kB)
test (3.11)	Install dependencies	2026-02-15T17:50:09.0376832Z Downloading python_multipart-0.0.22-py3-none-any.whl (24 kB)
test (3.11)	Install dependencies	2026-02-15T17:50:09.0496724Z Downloading httpx-0.28.1-py3-none-any.whl (73 kB)
test (3.11)	Install dependencies	2026-02-15T17:50:09.0625931Z Downloading httpcore-1.0.9-py3-none-any.whl (78 kB)
test (3.11)	Install dependencies	2026-02-15T17:50:09.0756630Z Downloading pytest-9.0.2-py3-none-any.whl (374 kB)
test (3.11)	Install dependencies	2026-02-15T17:50:09.0968456Z Downloading pluggy-1.6.0-py3-none-any.whl (20 kB)
test (3.11)	Install dependencies	2026-02-15T17:50:09.1092357Z Downloading python_dotenv-1.2.1-py3-none-any.whl (21 kB)
test (3.11)	Install dependencies	2026-02-15T17:50:09.1212635Z Downloading passlib-1.7.4-py2.py3-none-any.whl (525 kB)
test (3.11)	Install dependencies	2026-02-15T17:50:09.1359019Z    鈹佲攣鈹佲攣鈹佲攣鈹佲攣鈹佲攣鈹佲攣鈹佲攣鈹佲攣鈹佲攣鈹佲攣鈹佲攣鈹佲攣鈹佲攣鈹佲攣鈹佲攣鈹佲攣鈹佲攣鈹佲攣鈹佲攣鈹佲攣 525.6/525.6 kB 28.8 MB/s  0:00:00
test (3.11)	Install dependencies	2026-02-15T17:50:09.1469575Z Downloading python_jose-3.5.0-py2.py3-none-any.whl (34 kB)
test (3.11)	Install dependencies	2026-02-15T17:50:09.1591845Z Downloading rsa-4.9.1-py3-none-any.whl (34 kB)
test (3.11)	Install dependencies	2026-02-15T17:50:09.1716005Z Downloading annotated_doc-0.0.4-py3-none-any.whl (5.3 kB)
test (3.11)	Install dependencies	2026-02-15T17:50:09.1840145Z Downloading annotated_types-0.7.0-py3-none-any.whl (13 kB)
test (3.11)	Install dependencies	2026-02-15T17:50:09.1963327Z Downloading click-8.3.1-py3-none-any.whl (108 kB)
test (3.11)	Install dependencies	2026-02-15T17:50:09.2100095Z Downloading ecdsa-0.19.1-py2.py3-none-any.whl (150 kB)
test (3.11)	Install dependencies	2026-02-15T17:50:09.2255259Z Downloading greenlet-3.3.1-cp311-cp311-manylinux_2_24_x86_64.manylinux_2_28_x86_64.whl (590 kB)
test (3.11)	Install dependencies	2026-02-15T17:50:09.2411614Z    鈹佲攣鈹佲攣鈹佲攣鈹佲攣鈹佲攣鈹佲攣鈹佲攣鈹佲攣鈹佲攣鈹佲攣鈹佲攣鈹佲攣鈹佲攣鈹佲攣鈹佲攣鈹佲攣鈹佲攣鈹佲攣鈹佲攣鈹佲攣 590.3/590.3 kB 32.5 MB/s  0:00:00
test (3.11)	Install dependencies	2026-02-15T17:50:09.2513069Z Downloading h11-0.16.0-py3-none-any.whl (37 kB)
test (3.11)	Install dependencies	2026-02-15T17:50:09.2638590Z Downloading idna-3.11-py3-none-any.whl (71 kB)
test (3.11)	Install dependencies	2026-02-15T17:50:09.2760664Z Downloading iniconfig-2.3.0-py3-none-any.whl (7.5 kB)
test (3.11)	Install dependencies	2026-02-15T17:50:09.2888346Z Downloading markupsafe-3.0.3-cp311-cp311-manylinux2014_x86_64.manylinux_2_17_x86_64.manylinux_2_28_x86_64.whl (22 kB)
test (3.11)	Install dependencies	2026-02-15T17:50:09.3012870Z Downloading packaging-26.0-py3-none-any.whl (74 kB)
test (3.11)	Install dependencies	2026-02-15T17:50:09.3185906Z Downloading bcrypt-5.0.0-cp39-abi3-manylinux_2_34_x86_64.whl (278 kB)
test (3.11)	Install dependencies	2026-02-15T17:50:09.3350047Z Downloading pyasn1-0.6.2-py3-none-any.whl (83 kB)
test (3.11)	Install dependencies	2026-02-15T17:50:09.3477705Z Downloading pygments-2.19.2-py3-none-any.whl (1.2 MB)
test (3.11)	Install dependencies	2026-02-15T17:50:09.3743018Z    鈹佲攣鈹佲攣鈹佲攣鈹佲攣鈹佲攣鈹佲攣鈹佲攣鈹佲攣鈹佲攣鈹佲攣鈹佲攣鈹佲攣鈹佲攣鈹佲攣鈹佲攣鈹佲攣鈹佲攣鈹佲攣鈹佲攣鈹佲攣 1.2/1.2 MB 45.1 MB/s  0:00:00
test (3.11)	Install dependencies	2026-02-15T17:50:09.3848727Z Downloading cryptography-46.0.5-cp311-abi3-manylinux_2_34_x86_64.whl (4.5 MB)
test (3.11)	Install dependencies	2026-02-15T17:50:09.4614112Z    鈹佲攣鈹佲攣鈹佲攣鈹佲攣鈹佲攣鈹佲攣鈹佲攣鈹佲攣鈹佲攣鈹佲攣鈹佲攣鈹佲攣鈹佲攣鈹佲攣鈹佲攣鈹佲攣鈹佲攣鈹佲攣鈹佲攣鈹佲攣 4.5/4.5 MB 58.4 MB/s  0:00:00
test (3.11)	Install dependencies	2026-02-15T17:50:09.4719960Z Downloading cffi-2.0.0-cp311-cp311-manylinux2014_x86_64.manylinux_2_17_x86_64.whl (215 kB)
test (3.11)	Install dependencies	2026-02-15T17:50:09.4860209Z Downloading six-1.17.0-py2.py3-none-any.whl (11 kB)
test (3.11)	Install dependencies	2026-02-15T17:50:09.4985310Z Downloading typing_extensions-4.15.0-py3-none-any.whl (44 kB)
test (3.11)	Install dependencies	2026-02-15T17:50:09.5116334Z Downloading typing_inspection-0.4.2-py3-none-any.whl (14 kB)
test (3.11)	Install dependencies	2026-02-15T17:50:09.5244489Z Downloading tzlocal-5.3.1-py3-none-any.whl (18 kB)
test (3.11)	Install dependencies	2026-02-15T17:50:09.5378120Z Downloading httptools-0.7.1-cp311-cp311-manylinux1_x86_64.manylinux_2_28_x86_64.manylinux_2_5_x86_64.whl (456 kB)
test (3.11)	Install dependencies	2026-02-15T17:50:09.5549742Z Downloading pyyaml-6.0.3-cp311-cp311-manylinux2014_x86_64.manylinux_2_17_x86_64.manylinux_2_28_x86_64.whl (806 kB)
test (3.11)	Install dependencies	2026-02-15T17:50:09.5688227Z    鈹佲攣鈹佲攣鈹佲攣鈹佲攣鈹佲攣鈹佲攣鈹佲攣鈹佲攣鈹佲攣鈹佲攣鈹佲攣鈹佲攣鈹佲攣鈹佲攣鈹佲攣鈹佲攣鈹佲攣鈹佲攣鈹佲攣鈹佲攣 806.6/806.6 kB 51.6 MB/s  0:00:00
test (3.11)	Install dependencies	2026-02-15T17:50:09.5793417Z Downloading uvloop-0.22.1-cp311-cp311-manylinux2014_x86_64.manylinux_2_17_x86_64.manylinux_2_28_x86_64.whl (3.8 MB)
test (3.11)	Install dependencies	2026-02-15T17:50:09.6257382Z    鈹佲攣鈹佲攣鈹佲攣鈹佲攣鈹佲攣鈹佲攣鈹佲攣鈹佲攣鈹佲攣鈹佲攣鈹佲攣鈹佲攣鈹佲攣鈹佲攣鈹佲攣鈹佲攣鈹佲攣鈹佲攣鈹佲攣鈹佲攣 3.8/3.8 MB 82.6 MB/s  0:00:00
test (3.11)	Install dependencies	2026-02-15T17:50:09.6359109Z Downloading watchfiles-1.1.1-cp311-cp311-manylinux_2_17_x86_64.manylinux2014_x86_64.whl (456 kB)
test (3.11)	Install dependencies	2026-02-15T17:50:09.6545315Z Downloading websockets-16.0-cp311-cp311-manylinux1_x86_64.manylinux_2_28_x86_64.manylinux_2_5_x86_64.whl (184 kB)
test (3.11)	Install dependencies	2026-02-15T17:50:09.6681775Z Downloading certifi-2026.1.4-py3-none-any.whl (152 kB)
test (3.11)	Install dependencies	2026-02-15T17:50:09.6813813Z Downloading et_xmlfile-2.0.0-py3-none-any.whl (18 kB)
test (3.11)	Install dependencies	2026-02-15T17:50:09.6939172Z Downloading mako-1.3.10-py3-none-any.whl (78 kB)
test (3.11)	Install dependencies	2026-02-15T17:50:09.7064361Z Downloading pycparser-3.0-py3-none-any.whl (48 kB)
test (3.11)	Install dependencies	2026-02-15T17:50:09.8272075Z Installing collected packages: passlib, websockets, uvloop, tzlocal, typing-extensions, six, pyyaml, python-multipart, python-dotenv, pygments, pycparser, pyasn1, pluggy, packaging, MarkupSafe, iniconfig, idna, httptools, h11, greenlet, et-xmlfile, click, certifi, bcrypt, annotated-types, annotated-doc, uvicorn, typing-inspection, SQLAlchemy, rsa, pytest, pydantic-core, openpyxl, Mako, jinja2, httpcore, ecdsa, cffi, apscheduler, anyio, watchfiles, starlette, python-jose, pydantic, httpx, cryptography, alembic, sqlmodel, fastapi
test (3.11)	Install dependencies	2026-02-15T17:50:14.2060470Z 
test (3.11)	Install dependencies	2026-02-15T17:50:14.2086225Z Successfully installed Mako-1.3.10 MarkupSafe-3.0.3 SQLAlchemy-2.0.46 alembic-1.18.4 annotated-doc-0.0.4 annotated-types-0.7.0 anyio-4.12.1 apscheduler-3.11.2 bcrypt-5.0.0 certifi-2026.1.4 cffi-2.0.0 click-8.3.1 cryptography-46.0.5 ecdsa-0.19.1 et-xmlfile-2.0.0 fastapi-0.129.0 greenlet-3.3.1 h11-0.16.0 httpcore-1.0.9 httptools-0.7.1 httpx-0.28.1 idna-3.11 iniconfig-2.3.0 jinja2-3.1.6 openpyxl-3.1.5 packaging-26.0 passlib-1.7.4 pluggy-1.6.0 pyasn1-0.6.2 pycparser-3.0 pydantic-2.12.5 pydantic-core-2.41.5 pygments-2.19.2 pytest-9.0.2 python-dotenv-1.2.1 python-jose-3.5.0 python-multipart-0.0.22 pyyaml-6.0.3 rsa-4.9.1 six-1.17.0 sqlmodel-0.0.32 starlette-0.52.1 typing-extensions-4.15.0 typing-inspection-0.4.2 tzlocal-5.3.1 uvicorn-0.40.0 uvloop-0.22.1 watchfiles-1.1.1 websockets-16.0
test (3.11)	Install dev tools	锘?026-02-15T17:50:14.6600019Z ##[group]Run python -m pip install ruff isort black
test (3.11)	Install dev tools	2026-02-15T17:50:14.6600421Z [36;1mpython -m pip install ruff isort black[0m
test (3.11)	Install dev tools	2026-02-15T17:50:14.6652031Z shell: /usr/bin/bash -e {0}
test (3.11)	Install dev tools	2026-02-15T17:50:14.6652264Z env:
test (3.11)	Install dev tools	2026-02-15T17:50:14.6652462Z   DATABASE_URL: sqlite:///./data/app.db
test (3.11)	Install dev tools	2026-02-15T17:50:14.6652779Z   PYTHONPATH: /home/runner/work/Apartment/Apartment
test (3.11)	Install dev tools	2026-02-15T17:50:14.6653517Z   CI_READ_TOKEN: ***
test (3.11)	Install dev tools	2026-02-15T17:50:14.6653792Z   pythonLocation: /opt/hostedtoolcache/Python/3.11.14/x64
test (3.11)	Install dev tools	2026-02-15T17:50:14.6654197Z   PKG_CONFIG_PATH: /opt/hostedtoolcache/Python/3.11.14/x64/lib/pkgconfig
test (3.11)	Install dev tools	2026-02-15T17:50:14.6654591Z   Python_ROOT_DIR: /opt/hostedtoolcache/Python/3.11.14/x64
test (3.11)	Install dev tools	2026-02-15T17:50:14.6654953Z   Python2_ROOT_DIR: /opt/hostedtoolcache/Python/3.11.14/x64
test (3.11)	Install dev tools	2026-02-15T17:50:14.6655311Z   Python3_ROOT_DIR: /opt/hostedtoolcache/Python/3.11.14/x64
test (3.11)	Install dev tools	2026-02-15T17:50:14.6655708Z   LD_LIBRARY_PATH: /opt/hostedtoolcache/Python/3.11.14/x64/lib
test (3.11)	Install dev tools	2026-02-15T17:50:14.6656012Z ##[endgroup]
test (3.11)	Install dev tools	2026-02-15T17:50:15.4762147Z Collecting ruff
test (3.11)	Install dev tools	2026-02-15T17:50:15.5521010Z   Downloading ruff-0.15.1-py3-none-manylinux_2_17_x86_64.manylinux2014_x86_64.whl.metadata (26 kB)
test (3.11)	Install dev tools	2026-02-15T17:50:15.5975997Z Collecting isort
test (3.11)	Install dev tools	2026-02-15T17:50:15.6083962Z   Downloading isort-7.0.0-py3-none-any.whl.metadata (11 kB)
test (3.11)	Install dev tools	2026-02-15T17:50:15.6691957Z Collecting black
test (3.11)	Install dev tools	2026-02-15T17:50:15.6812152Z   Downloading black-26.1.0-cp311-cp311-manylinux2014_x86_64.manylinux_2_17_x86_64.manylinux_2_28_x86_64.whl.metadata (88 kB)
test (3.11)	Install dev tools	2026-02-15T17:50:15.7018419Z Requirement already satisfied: click>=8.0.0 in /opt/hostedtoolcache/Python/3.11.14/x64/lib/python3.11/site-packages (from black) (8.3.1)
test (3.11)	Install dev tools	2026-02-15T17:50:15.7162158Z Collecting mypy-extensions>=0.4.3 (from black)
test (3.11)	Install dev tools	2026-02-15T17:50:15.7267209Z   Downloading mypy_extensions-1.1.0-py3-none-any.whl.metadata (1.1 kB)
test (3.11)	Install dev tools	2026-02-15T17:50:15.7302024Z Requirement already satisfied: packaging>=22.0 in /opt/hostedtoolcache/Python/3.11.14/x64/lib/python3.11/site-packages (from black) (26.0)
test (3.11)	Install dev tools	2026-02-15T17:50:15.7458530Z Collecting pathspec>=1.0.0 (from black)
test (3.11)	Install dev tools	2026-02-15T17:50:15.7562055Z   Downloading pathspec-1.0.4-py3-none-any.whl.metadata (13 kB)
test (3.11)	Install dev tools	2026-02-15T17:50:15.7828165Z Collecting platformdirs>=2 (from black)
test (3.11)	Install dev tools	2026-02-15T17:50:15.7932514Z   Downloading platformdirs-4.9.1-py3-none-any.whl.metadata (4.7 kB)
test (3.11)	Install dev tools	2026-02-15T17:50:15.8152662Z Collecting pytokens>=0.3.0 (from black)
test (3.11)	Install dev tools	2026-02-15T17:50:15.8280367Z   Downloading pytokens-0.4.1-cp311-cp311-manylinux2014_x86_64.manylinux_2_17_x86_64.manylinux_2_28_x86_64.whl.metadata (3.8 kB)
test (3.11)	Install dev tools	2026-02-15T17:50:15.8448785Z Downloading ruff-0.15.1-py3-none-manylinux_2_17_x86_64.manylinux2014_x86_64.whl (11.1 MB)
test (3.11)	Install dev tools	2026-02-15T17:50:15.9243184Z    鈹佲攣鈹佲攣鈹佲攣鈹佲攣鈹佲攣鈹佲攣鈹佲攣鈹佲攣鈹佲攣鈹佲攣鈹佲攣鈹佲攣鈹佲攣鈹佲攣鈹佲攣鈹佲攣鈹佲攣鈹佲攣鈹佲攣鈹佲攣 11.1/11.1 MB 162.4 MB/s  0:00:00
test (3.11)	Install dev tools	2026-02-15T17:50:15.9358878Z Downloading isort-7.0.0-py3-none-any.whl (94 kB)
test (3.11)	Install dev tools	2026-02-15T17:50:15.9502286Z Downloading black-26.1.0-cp311-cp311-manylinux2014_x86_64.manylinux_2_17_x86_64.manylinux_2_28_x86_64.whl (1.7 MB)
test (3.11)	Install dev tools	2026-02-15T17:50:15.9693581Z    鈹佲攣鈹佲攣鈹佲攣鈹佲攣鈹佲攣鈹佲攣鈹佲攣鈹佲攣鈹佲攣鈹佲攣鈹佲攣鈹佲攣鈹佲攣鈹佲攣鈹佲攣鈹佲攣鈹佲攣鈹佲攣鈹佲攣鈹佲攣 1.7/1.7 MB 101.8 MB/s  0:00:00
test (3.11)	Install dev tools	2026-02-15T17:50:15.9800645Z Downloading mypy_extensions-1.1.0-py3-none-any.whl (5.0 kB)
test (3.11)	Install dev tools	2026-02-15T17:50:15.9930788Z Downloading pathspec-1.0.4-py3-none-any.whl (55 kB)
test (3.11)	Install dev tools	2026-02-15T17:50:16.0061180Z Downloading platformdirs-4.9.1-py3-none-any.whl (21 kB)
test (3.11)	Install dev tools	2026-02-15T17:50:16.0202534Z Downloading pytokens-0.4.1-cp311-cp311-manylinux2014_x86_64.manylinux_2_17_x86_64.manylinux_2_28_x86_64.whl (260 kB)
test (3.11)	Install dev tools	2026-02-15T17:50:16.0882613Z Installing collected packages: ruff, pytokens, platformdirs, pathspec, mypy-extensions, isort, black
test (3.11)	Install dev tools	2026-02-15T17:50:16.4703030Z 
test (3.11)	Install dev tools	2026-02-15T17:50:16.4727081Z Successfully installed black-26.1.0 isort-7.0.0 mypy-extensions-1.1.0 pathspec-1.0.4 platformdirs-4.9.1 pytokens-0.4.1 ruff-0.15.1
test (3.11)	Run ruff	锘?026-02-15T17:50:16.5770889Z ##[group]Run ruff check .
test (3.11)	Run ruff	2026-02-15T17:50:16.5771314Z [36;1mruff check .[0m
test (3.11)	Run ruff	2026-02-15T17:50:16.5821066Z shell: /usr/bin/bash -e {0}
test (3.11)	Run ruff	2026-02-15T17:50:16.5821302Z env:
test (3.11)	Run ruff	2026-02-15T17:50:16.5821730Z   DATABASE_URL: sqlite:///./data/app.db
test (3.11)	Run ruff	2026-02-15T17:50:16.5822046Z   PYTHONPATH: /home/runner/work/Apartment/Apartment
test (3.11)	Run ruff	2026-02-15T17:50:16.5822751Z   CI_READ_TOKEN: ***
test (3.11)	Run ruff	2026-02-15T17:50:16.5823031Z   pythonLocation: /opt/hostedtoolcache/Python/3.11.14/x64
test (3.11)	Run ruff	2026-02-15T17:50:16.5823442Z   PKG_CONFIG_PATH: /opt/hostedtoolcache/Python/3.11.14/x64/lib/pkgconfig
test (3.11)	Run ruff	2026-02-15T17:50:16.5823842Z   Python_ROOT_DIR: /opt/hostedtoolcache/Python/3.11.14/x64
test (3.11)	Run ruff	2026-02-15T17:50:16.5824202Z   Python2_ROOT_DIR: /opt/hostedtoolcache/Python/3.11.14/x64
test (3.11)	Run ruff	2026-02-15T17:50:16.5824554Z   Python3_ROOT_DIR: /opt/hostedtoolcache/Python/3.11.14/x64
test (3.11)	Run ruff	2026-02-15T17:50:16.5824915Z   LD_LIBRARY_PATH: /opt/hostedtoolcache/Python/3.11.14/x64/lib
test (3.11)	Run ruff	2026-02-15T17:50:16.5825216Z ##[endgroup]
test (3.11)	Run ruff	2026-02-15T17:50:16.5993309Z All checks passed!
test (3.11)	Run isort check	锘?026-02-15T17:50:16.6030935Z ##[group]Run isort . --check-only
test (3.11)	Run isort check	2026-02-15T17:50:16.6031248Z [36;1misort . --check-only[0m
test (3.11)	Run isort check	2026-02-15T17:50:16.6080653Z shell: /usr/bin/bash -e {0}
test (3.11)	Run isort check	2026-02-15T17:50:16.6080891Z env:
test (3.11)	Run isort check	2026-02-15T17:50:16.6081081Z   DATABASE_URL: sqlite:///./data/app.db
test (3.11)	Run isort check	2026-02-15T17:50:16.6081598Z   PYTHONPATH: /home/runner/work/Apartment/Apartment
test (3.11)	Run isort check	2026-02-15T17:50:16.6082323Z   CI_READ_TOKEN: ***
test (3.11)	Run isort check	2026-02-15T17:50:16.6082596Z   pythonLocation: /opt/hostedtoolcache/Python/3.11.14/x64
test (3.11)	Run isort check	2026-02-15T17:50:16.6083014Z   PKG_CONFIG_PATH: /opt/hostedtoolcache/Python/3.11.14/x64/lib/pkgconfig
test (3.11)	Run isort check	2026-02-15T17:50:16.6083417Z   Python_ROOT_DIR: /opt/hostedtoolcache/Python/3.11.14/x64
test (3.11)	Run isort check	2026-02-15T17:50:16.6083772Z   Python2_ROOT_DIR: /opt/hostedtoolcache/Python/3.11.14/x64
test (3.11)	Run isort check	2026-02-15T17:50:16.6084143Z   Python3_ROOT_DIR: /opt/hostedtoolcache/Python/3.11.14/x64
test (3.11)	Run isort check	2026-02-15T17:50:16.6084527Z   LD_LIBRARY_PATH: /opt/hostedtoolcache/Python/3.11.14/x64/lib
test (3.11)	Run isort check	2026-02-15T17:50:16.6084852Z ##[endgroup]
test (3.11)	Run isort check	2026-02-15T17:50:16.7799483Z Skipped 1 files
test (3.11)	Run black check	锘?026-02-15T17:50:16.7959393Z ##[group]Run black --check .
test (3.11)	Run black check	2026-02-15T17:50:16.7959724Z [36;1mblack --check .[0m
test (3.11)	Run black check	2026-02-15T17:50:16.8008583Z shell: /usr/bin/bash -e {0}
test (3.11)	Run black check	2026-02-15T17:50:16.8008825Z env:
test (3.11)	Run black check	2026-02-15T17:50:16.8009011Z   DATABASE_URL: sqlite:///./data/app.db
test (3.11)	Run black check	2026-02-15T17:50:16.8009331Z   PYTHONPATH: /home/runner/work/Apartment/Apartment
test (3.11)	Run black check	2026-02-15T17:50:16.8010057Z   CI_READ_TOKEN: ***
test (3.11)	Run black check	2026-02-15T17:50:16.8010328Z   pythonLocation: /opt/hostedtoolcache/Python/3.11.14/x64
test (3.11)	Run black check	2026-02-15T17:50:16.8010748Z   PKG_CONFIG_PATH: /opt/hostedtoolcache/Python/3.11.14/x64/lib/pkgconfig
test (3.11)	Run black check	2026-02-15T17:50:16.8011149Z   Python_ROOT_DIR: /opt/hostedtoolcache/Python/3.11.14/x64
test (3.11)	Run black check	2026-02-15T17:50:16.8011732Z   Python2_ROOT_DIR: /opt/hostedtoolcache/Python/3.11.14/x64
test (3.11)	Run black check	2026-02-15T17:50:16.8012113Z   Python3_ROOT_DIR: /opt/hostedtoolcache/Python/3.11.14/x64
test (3.11)	Run black check	2026-02-15T17:50:16.8012482Z   LD_LIBRARY_PATH: /opt/hostedtoolcache/Python/3.11.14/x64/lib
test (3.11)	Run black check	2026-02-15T17:50:16.8012786Z ##[endgroup]
test (3.11)	Run black check	2026-02-15T17:50:17.3247735Z All done! 鉁?馃嵃 鉁?test (3.11)	Run black check	2026-02-15T17:50:17.3248293Z 32 files would be left unchanged.
test (3.11)	Prepare DB directory	锘?026-02-15T17:50:17.3552440Z ##[group]Run mkdir -p data
test (3.11)	Prepare DB directory	2026-02-15T17:50:17.3552729Z [36;1mmkdir -p data[0m
test (3.11)	Prepare DB directory	2026-02-15T17:50:17.3601020Z shell: /usr/bin/bash -e {0}
test (3.11)	Prepare DB directory	2026-02-15T17:50:17.3601267Z env:
test (3.11)	Prepare DB directory	2026-02-15T17:50:17.3601652Z   DATABASE_URL: sqlite:///./data/app.db
test (3.11)	Prepare DB directory	2026-02-15T17:50:17.3601975Z   PYTHONPATH: /home/runner/work/Apartment/Apartment
test (3.11)	Prepare DB directory	2026-02-15T17:50:17.3602681Z   CI_READ_TOKEN: ***
test (3.11)	Prepare DB directory	2026-02-15T17:50:17.3602944Z   pythonLocation: /opt/hostedtoolcache/Python/3.11.14/x64
test (3.11)	Prepare DB directory	2026-02-15T17:50:17.3603350Z   PKG_CONFIG_PATH: /opt/hostedtoolcache/Python/3.11.14/x64/lib/pkgconfig
test (3.11)	Prepare DB directory	2026-02-15T17:50:17.3603753Z   Python_ROOT_DIR: /opt/hostedtoolcache/Python/3.11.14/x64
test (3.11)	Prepare DB directory	2026-02-15T17:50:17.3604110Z   Python2_ROOT_DIR: /opt/hostedtoolcache/Python/3.11.14/x64
test (3.11)	Prepare DB directory	2026-02-15T17:50:17.3604463Z   Python3_ROOT_DIR: /opt/hostedtoolcache/Python/3.11.14/x64
test (3.11)	Prepare DB directory	2026-02-15T17:50:17.3604814Z   LD_LIBRARY_PATH: /opt/hostedtoolcache/Python/3.11.14/x64/lib
test (3.11)	Prepare DB directory	2026-02-15T17:50:17.3605110Z ##[endgroup]
test (3.11)	Run Alembic migrations	锘?026-02-15T17:50:17.3713352Z ##[group]Run alembic stamp 0003_merge_heads || true
test (3.11)	Run Alembic migrations	2026-02-15T17:50:17.3713724Z [36;1malembic stamp 0003_merge_heads || true[0m
test (3.11)	Run Alembic migrations	2026-02-15T17:50:17.3714008Z [36;1malembic upgrade head[0m
test (3.11)	Run Alembic migrations	2026-02-15T17:50:17.3759233Z shell: /usr/bin/bash -e {0}
test (3.11)	Run Alembic migrations	2026-02-15T17:50:17.3759474Z env:
test (3.11)	Run Alembic migrations	2026-02-15T17:50:17.3759658Z   DATABASE_URL: sqlite:///./data/app.db
test (3.11)	Run Alembic migrations	2026-02-15T17:50:17.3759967Z   PYTHONPATH: /home/runner/work/Apartment/Apartment
test (3.11)	Run Alembic migrations	2026-02-15T17:50:17.3760691Z   CI_READ_TOKEN: ***
test (3.11)	Run Alembic migrations	2026-02-15T17:50:17.3760961Z   pythonLocation: /opt/hostedtoolcache/Python/3.11.14/x64
test (3.11)	Run Alembic migrations	2026-02-15T17:50:17.3761378Z   PKG_CONFIG_PATH: /opt/hostedtoolcache/Python/3.11.14/x64/lib/pkgconfig
test (3.11)	Run Alembic migrations	2026-02-15T17:50:17.3761897Z   Python_ROOT_DIR: /opt/hostedtoolcache/Python/3.11.14/x64
test (3.11)	Run Alembic migrations	2026-02-15T17:50:17.3762246Z   Python2_ROOT_DIR: /opt/hostedtoolcache/Python/3.11.14/x64
test (3.11)	Run Alembic migrations	2026-02-15T17:50:17.3762597Z   Python3_ROOT_DIR: /opt/hostedtoolcache/Python/3.11.14/x64
test (3.11)	Run Alembic migrations	2026-02-15T17:50:17.3762959Z   LD_LIBRARY_PATH: /opt/hostedtoolcache/Python/3.11.14/x64/lib
test (3.11)	Run Alembic migrations	2026-02-15T17:50:17.3763298Z ##[endgroup]
test (3.11)	Run Alembic migrations	2026-02-15T17:50:17.8868988Z INFO  [alembic.runtime.migration] Context impl SQLiteImpl.
test (3.11)	Run Alembic migrations	2026-02-15T17:50:17.8870322Z INFO  [alembic.runtime.migration] Will assume non-transactional DDL.
test (3.11)	Run Alembic migrations	2026-02-15T17:50:17.8937045Z INFO  [alembic.runtime.migration] Running stamp_revision  -> 0003_merge_heads
test (3.11)	Run Alembic migrations	2026-02-15T17:50:18.4650328Z INFO  [alembic.runtime.migration] Context impl SQLiteImpl.
test (3.11)	Run Alembic migrations	2026-02-15T17:50:18.4651910Z INFO  [alembic.runtime.migration] Will assume non-transactional DDL.
test (3.11)	Run Alembic migrations	2026-02-15T17:50:18.4682714Z INFO  [alembic.runtime.migration] Running upgrade 0003_merge_heads -> 0004_add_meter_unique, add unique constraint for meter (unit_id, kind, slot)
test (3.11)	Run Alembic migrations	2026-02-15T17:50:18.4690098Z Traceback (most recent call last):
test (3.11)	Run Alembic migrations	2026-02-15T17:50:18.4700399Z   File "/opt/hostedtoolcache/Python/3.11.14/x64/lib/python3.11/site-packages/sqlalchemy/engine/base.py", line 1967, in _exec_single_context
test (3.11)	Run Alembic migrations	2026-02-15T17:50:18.4701769Z     self.dialect.do_execute(
test (3.11)	Run Alembic migrations	2026-02-15T17:50:18.4702903Z   File "/opt/hostedtoolcache/Python/3.11.14/x64/lib/python3.11/site-packages/sqlalchemy/engine/default.py", line 952, in do_execute
test (3.11)	Run Alembic migrations	2026-02-15T17:50:18.4703981Z     cursor.execute(statement, parameters)
test (3.11)	Run Alembic migrations	2026-02-15T17:50:18.4704538Z sqlite3.OperationalError: no such table: main.meter
test (3.11)	Run Alembic migrations	2026-02-15T17:50:18.4704928Z 
test (3.11)	Run Alembic migrations	2026-02-15T17:50:18.4705246Z The above exception was the direct cause of the following exception:
test (3.11)	Run Alembic migrations	2026-02-15T17:50:18.4705769Z 
test (3.11)	Run Alembic migrations	2026-02-15T17:50:18.4705937Z Traceback (most recent call last):
test (3.11)	Run Alembic migrations	2026-02-15T17:50:18.4706644Z   File "/opt/hostedtoolcache/Python/3.11.14/x64/bin/alembic", line 6, in <module>
test (3.11)	Run Alembic migrations	2026-02-15T17:50:18.4707353Z     sys.exit(main())
test (3.11)	Run Alembic migrations	2026-02-15T17:50:18.4707663Z              ^^^^^^
test (3.11)	Run Alembic migrations	2026-02-15T17:50:18.4708494Z   File "/opt/hostedtoolcache/Python/3.11.14/x64/lib/python3.11/site-packages/alembic/config.py", line 1047, in main
test (3.11)	Run Alembic migrations	2026-02-15T17:50:18.4709454Z     CommandLine(prog=prog).main(argv=argv)
test (3.11)	Run Alembic migrations	2026-02-15T17:50:18.4710428Z   File "/opt/hostedtoolcache/Python/3.11.14/x64/lib/python3.11/site-packages/alembic/config.py", line 1037, in main
test (3.11)	Run Alembic migrations	2026-02-15T17:50:18.4711607Z     self.run_cmd(cfg, options)
test (3.11)	Run Alembic migrations	2026-02-15T17:50:18.4712573Z   File "/opt/hostedtoolcache/Python/3.11.14/x64/lib/python3.11/site-packages/alembic/config.py", line 971, in run_cmd
test (3.11)	Run Alembic migrations	2026-02-15T17:50:18.4713511Z     fn(
test (3.11)	Run Alembic migrations	2026-02-15T17:50:18.4714352Z   File "/opt/hostedtoolcache/Python/3.11.14/x64/lib/python3.11/site-packages/alembic/command.py", line 483, in upgrade
test (3.11)	Run Alembic migrations	2026-02-15T17:50:18.4715297Z     script.run_env()
test (3.11)	Run Alembic migrations	2026-02-15T17:50:18.4716211Z   File "/opt/hostedtoolcache/Python/3.11.14/x64/lib/python3.11/site-packages/alembic/script/base.py", line 545, in run_env
test (3.11)	Run Alembic migrations	2026-02-15T17:50:18.4717226Z     util.load_python_file(self.dir, "env.py")
test (3.11)	Run Alembic migrations	2026-02-15T17:50:18.4718360Z   File "/opt/hostedtoolcache/Python/3.11.14/x64/lib/python3.11/site-packages/alembic/util/pyfiles.py", line 116, in load_python_file
test (3.11)	Run Alembic migrations	2026-02-15T17:50:18.4719446Z     module = load_module_py(module_id, path)
test (3.11)	Run Alembic migrations	2026-02-15T17:50:18.4720216Z              ^^^^^^^^^^^^^^^^^^^^^^^^^^^^^^^
test (3.11)	Run Alembic migrations	2026-02-15T17:50:18.4721748Z   File "/opt/hostedtoolcache/Python/3.11.14/x64/lib/python3.11/site-packages/alembic/util/pyfiles.py", line 136, in load_module_py
test (3.11)	Run Alembic migrations	2026-02-15T17:50:18.4722855Z     spec.loader.exec_module(module)  # type: ignore
test (3.11)	Run Alembic migrations	2026-02-15T17:50:18.4723352Z     ^^^^^^^^^^^^^^^^^^^^^^^^^^^^^^^
test (3.11)	Run Alembic migrations	2026-02-15T17:50:18.4724022Z   File "<frozen importlib._bootstrap_external>", line 940, in exec_module
test (3.11)	Run Alembic migrations	2026-02-15T17:50:18.4724991Z   File "<frozen importlib._bootstrap>", line 241, in _call_with_frames_removed
test (3.11)	Run Alembic migrations	2026-02-15T17:50:18.4725972Z   File "/home/runner/work/Apartment/Apartment/alembic/env.py", line 82, in <module>
test (3.11)	Run Alembic migrations	2026-02-15T17:50:18.4726693Z     run_migrations_online()
test (3.11)	Run Alembic migrations	2026-02-15T17:50:18.4727537Z   File "/home/runner/work/Apartment/Apartment/alembic/env.py", line 76, in run_migrations_online
test (3.11)	Run Alembic migrations	2026-02-15T17:50:18.4728365Z     context.run_migrations()
test (3.11)	Run Alembic migrations	2026-02-15T17:50:18.4728866Z   File "<string>", line 8, in run_migrations
test (3.11)	Run Alembic migrations	2026-02-15T17:50:18.4729989Z   File "/opt/hostedtoolcache/Python/3.11.14/x64/lib/python3.11/site-packages/alembic/runtime/environment.py", line 969, in run_migrations
test (3.11)	Run Alembic migrations	2026-02-15T17:50:18.4731107Z     self.get_context().run_migrations(**kw)
test (3.11)	Run Alembic migrations	2026-02-15T17:50:18.4732424Z   File "/opt/hostedtoolcache/Python/3.11.14/x64/lib/python3.11/site-packages/alembic/runtime/migration.py", line 626, in run_migrations
test (3.11)	Run Alembic migrations	2026-02-15T17:50:18.4733493Z     step.migration_fn(**kw)
test (3.11)	Run Alembic migrations	2026-02-15T17:50:18.4734374Z   File "/home/runner/work/Apartment/Apartment/alembic/versions/0004_add_meter_unique.py", line 18, in upgrade
test (3.11)	Run Alembic migrations	2026-02-15T17:50:18.4735261Z     op.create_index(
test (3.11)	Run Alembic migrations	2026-02-15T17:50:18.4735669Z   File "<string>", line 8, in create_index
test (3.11)	Run Alembic migrations	2026-02-15T17:50:18.4736195Z   File "<string>", line 3, in create_index
test (3.11)	Run Alembic migrations	2026-02-15T17:50:18.4737238Z   File "/opt/hostedtoolcache/Python/3.11.14/x64/lib/python3.11/site-packages/alembic/operations/ops.py", line 1012, in create_index
test (3.11)	Run Alembic migrations	2026-02-15T17:50:18.4738308Z     return operations.invoke(op)
test (3.11)	Run Alembic migrations	2026-02-15T17:50:18.4738692Z            ^^^^^^^^^^^^^^^^^^^^^
test (3.11)	Run Alembic migrations	2026-02-15T17:50:18.4739629Z   File "/opt/hostedtoolcache/Python/3.11.14/x64/lib/python3.11/site-packages/alembic/operations/base.py", line 452, in invoke
test (3.11)	Run Alembic migrations	2026-02-15T17:50:18.4740613Z     return fn(self, operation)
test (3.11)	Run Alembic migrations	2026-02-15T17:50:18.4740973Z            ^^^^^^^^^^^^^^^^^^^
test (3.11)	Run Alembic migrations	2026-02-15T17:50:18.4742151Z   File "/opt/hostedtoolcache/Python/3.11.14/x64/lib/python3.11/site-packages/alembic/operations/toimpl.py", line 117, in create_index
test (3.11)	Run Alembic migrations	2026-02-15T17:50:18.4743221Z     operations.impl.create_index(idx, **kw)
test (3.11)	Run Alembic migrations	2026-02-15T17:50:18.4744230Z   File "/opt/hostedtoolcache/Python/3.11.14/x64/lib/python3.11/site-packages/alembic/ddl/impl.py", line 471, in create_index
test (3.11)	Run Alembic migrations	2026-02-15T17:50:18.4745232Z     self._exec(schema.CreateIndex(index, **kw))
test (3.11)	Run Alembic migrations	2026-02-15T17:50:18.4746199Z   File "/opt/hostedtoolcache/Python/3.11.14/x64/lib/python3.11/site-packages/alembic/ddl/impl.py", line 256, in _exec
test (3.11)	Run Alembic migrations	2026-02-15T17:50:18.4747119Z     return conn.execute(construct, params)
test (3.11)	Run Alembic migrations	2026-02-15T17:50:18.4747561Z            ^^^^^^^^^^^^^^^^^^^^^^^^^^^^^^^
test (3.11)	Run Alembic migrations	2026-02-15T17:50:18.4748561Z   File "/opt/hostedtoolcache/Python/3.11.14/x64/lib/python3.11/site-packages/sqlalchemy/engine/base.py", line 1419, in execute
test (3.11)	Run Alembic migrations	2026-02-15T17:50:18.4749528Z     return meth(
test (3.11)	Run Alembic migrations	2026-02-15T17:50:18.4749820Z            ^^^^^
test (3.11)	Run Alembic migrations	2026-02-15T17:50:18.4750773Z   File "/opt/hostedtoolcache/Python/3.11.14/x64/lib/python3.11/site-packages/sqlalchemy/sql/ddl.py", line 187, in _execute_on_connection
test (3.11)	Run Alembic migrations	2026-02-15T17:50:18.4752050Z     return connection._execute_ddl(
test (3.11)	Run Alembic migrations	2026-02-15T17:50:18.4752470Z            ^^^^^^^^^^^^^^^^^^^^^^^^
test (3.11)	Run Alembic migrations	2026-02-15T17:50:18.4753513Z   File "/opt/hostedtoolcache/Python/3.11.14/x64/lib/python3.11/site-packages/sqlalchemy/engine/base.py", line 1530, in _execute_ddl
test (3.11)	Run Alembic migrations	2026-02-15T17:50:18.4754669Z     ret = self._execute_context(
test (3.11)	Run Alembic migrations	2026-02-15T17:50:18.4755081Z           ^^^^^^^^^^^^^^^^^^^^^^
test (3.11)	Run Alembic migrations	2026-02-15T17:50:18.4756056Z   File "/opt/hostedtoolcache/Python/3.11.14/x64/lib/python3.11/site-packages/sqlalchemy/engine/base.py", line 1846, in _execute_context
test (3.11)	Run Alembic migrations	2026-02-15T17:50:18.4757286Z     return self._exec_single_context(
test (3.11)	Run Alembic migrations	2026-02-15T17:50:18.4757859Z            ^^^^^^^^^^^^^^^^^^^^^^^^^^
test (3.11)	Run Alembic migrations	2026-02-15T17:50:18.4758839Z   File "/opt/hostedtoolcache/Python/3.11.14/x64/lib/python3.11/site-packages/sqlalchemy/engine/base.py", line 1986, in _exec_single_context
test (3.11)	Run Alembic migrations	2026-02-15T17:50:18.4759795Z     self._handle_dbapi_exception(
test (3.11)	Run Alembic migrations	2026-02-15T17:50:18.4760749Z   File "/opt/hostedtoolcache/Python/3.11.14/x64/lib/python3.11/site-packages/sqlalchemy/engine/base.py", line 2363, in _handle_dbapi_exception
test (3.11)	Run Alembic migrations	2026-02-15T17:50:18.4762091Z     raise sqlalchemy_exception.with_traceback(exc_info[2]) from e
test (3.11)	Run Alembic migrations	2026-02-15T17:50:18.4763171Z   File "/opt/hostedtoolcache/Python/3.11.14/x64/lib/python3.11/site-packages/sqlalchemy/engine/base.py", line 1967, in _exec_single_context
test (3.11)	Run Alembic migrations	2026-02-15T17:50:18.4764128Z     self.dialect.do_execute(
test (3.11)	Run Alembic migrations	2026-02-15T17:50:18.4764978Z   File "/opt/hostedtoolcache/Python/3.11.14/x64/lib/python3.11/site-packages/sqlalchemy/engine/default.py", line 952, in do_execute
test (3.11)	Run Alembic migrations	2026-02-15T17:50:18.4765921Z     cursor.execute(statement, parameters)
test (3.11)	Run Alembic migrations	2026-02-15T17:50:18.4766595Z sqlalchemy.exc.OperationalError: (sqlite3.OperationalError) no such table: main.meter
test (3.11)	Run Alembic migrations	2026-02-15T17:50:18.4767465Z [SQL: CREATE UNIQUE INDEX uq_meter_unit_kind_slot ON meter (unit_id, kind, slot)]
test (3.11)	Run Alembic migrations	2026-02-15T17:50:18.4768202Z (Background on this error at: https://sqlalche.me/e/20/e3q8)
test (3.11)	Run Alembic migrations	2026-02-15T17:50:18.5768170Z ##[error]Process completed with exit code 1.
test (3.11)	Post Checkout	锘?026-02-15T17:50:18.5878332Z Post job cleanup.
test (3.11)	Post Checkout	2026-02-15T17:50:18.6837831Z [command]/usr/bin/git version
test (3.11)	Post Checkout	2026-02-15T17:50:18.6882741Z git version 2.52.0
test (3.11)	Post Checkout	2026-02-15T17:50:18.6925395Z Temporarily overriding HOME='/home/runner/work/_temp/32a31e9f-cc19-4912-bf13-3107aa2c6fd1' before making global git config changes
test (3.11)	Post Checkout	2026-02-15T17:50:18.6926661Z Adding repository directory to the temporary git global config as a safe directory
test (3.11)	Post Checkout	2026-02-15T17:50:18.6930592Z [command]/usr/bin/git config --global --add safe.directory /home/runner/work/Apartment/Apartment
test (3.11)	Post Checkout	2026-02-15T17:50:18.6966604Z [command]/usr/bin/git config --local --name-only --get-regexp core\.sshCommand
test (3.11)	Post Checkout	2026-02-15T17:50:18.7000075Z [command]/usr/bin/git submodule foreach --recursive sh -c "git config --local --name-only --get-regexp 'core\.sshCommand' && git config --local --unset-all 'core.sshCommand' || :"
test (3.11)	Post Checkout	2026-02-15T17:50:18.7249408Z [command]/usr/bin/git config --local --name-only --get-regexp http\.https\:\/\/github\.com\/\.extraheader
test (3.11)	Post Checkout	2026-02-15T17:50:18.7271602Z http.https://github.com/.extraheader
test (3.11)	Post Checkout	2026-02-15T17:50:18.7284477Z [command]/usr/bin/git config --local --unset-all http.https://github.com/.extraheader
test (3.11)	Post Checkout	2026-02-15T17:50:18.7316806Z [command]/usr/bin/git submodule foreach --recursive sh -c "git config --local --name-only --get-regexp 'http\.https\:\/\/github\.com\/\.extraheader' && git config --local --unset-all 'http.https://github.com/.extraheader' || :"
test (3.11)	Post Checkout	2026-02-15T17:50:18.7558077Z [command]/usr/bin/git config --local --name-only --get-regexp ^includeIf\.gitdir:
test (3.11)	Post Checkout	2026-02-15T17:50:18.7591588Z [command]/usr/bin/git submodule foreach --recursive git config --local --show-origin --name-only --get-regexp remote.origin.url
test (3.11)	Complete job	锘?026-02-15T17:50:18.7949452Z Cleaning up orphan processes
