2026-02-10T21:11:38.5653665Z Current runner version: '2.331.0'
2026-02-10T21:11:38.5680063Z ##[group]Runner Image Provisioner
2026-02-10T21:11:38.5681027Z Hosted Compute Agent
2026-02-10T21:11:38.5681559Z Version: 20260123.484
2026-02-10T21:11:38.5682171Z Commit: 6bd6555ca37d84114959e1c76d2c01448ff61c5d
2026-02-10T21:11:38.5682938Z Build Date: 2026-01-23T19:41:17Z
2026-02-10T21:11:38.5683573Z Worker ID: {ad8e1521-6acf-44eb-82a2-afdd0c0d1425}
2026-02-10T21:11:38.5684299Z Azure Region: westus
2026-02-10T21:11:38.5684888Z ##[endgroup]
2026-02-10T21:11:38.5686275Z ##[group]Operating System
2026-02-10T21:11:38.5686858Z Ubuntu
2026-02-10T21:11:38.5687355Z 24.04.3
2026-02-10T21:11:38.5687887Z LTS
2026-02-10T21:11:38.5688384Z ##[endgroup]
2026-02-10T21:11:38.5688889Z ##[group]Runner Image
2026-02-10T21:11:38.5689465Z Image: ubuntu-24.04
2026-02-10T21:11:38.5690351Z Version: 20260201.15.1
2026-02-10T21:11:38.5691570Z Included Software: https://github.com/actions/runner-images/blob/ubuntu24/20260201.15/images/ubuntu/Ubuntu2404-Readme.md
2026-02-10T21:11:38.5693006Z Image Release: https://github.com/actions/runner-images/releases/tag/ubuntu24%2F20260201.15
2026-02-10T21:11:38.5693945Z ##[endgroup]
2026-02-10T21:11:38.5694998Z ##[group]GITHUB_TOKEN Permissions
2026-02-10T21:11:38.5697133Z Contents: read
2026-02-10T21:11:38.5697700Z Metadata: read
2026-02-10T21:11:38.5698177Z Packages: read
2026-02-10T21:11:38.5698723Z ##[endgroup]
2026-02-10T21:11:38.5701094Z Secret source: Actions
2026-02-10T21:11:38.5701786Z Prepare workflow directory
2026-02-10T21:11:38.6233574Z Prepare all required actions
2026-02-10T21:11:38.6271906Z Getting action download info
2026-02-10T21:11:39.0408220Z Download action repository 'actions/checkout@v4' (SHA:34e114876b0b11c390a56381ad16ebd13914f8d5)
2026-02-10T21:11:39.1549961Z Download action repository 'actions/setup-python@v4' (SHA:7f4fc3e22c37d6ff65e88745f38bd3157c663f7c)
2026-02-10T21:11:39.3731812Z Complete job name: test (3.11)
2026-02-10T21:11:39.4390491Z ##[group]Run actions/checkout@v4
2026-02-10T21:11:39.4391405Z with:
2026-02-10T21:11:39.4391836Z   repository: liumem1976/Apartment
2026-02-10T21:11:39.4392522Z   token: ***
2026-02-10T21:11:39.4392912Z   ssh-strict: true
2026-02-10T21:11:39.4393293Z   ssh-user: git
2026-02-10T21:11:39.4393693Z   persist-credentials: true
2026-02-10T21:11:39.4394130Z   clean: true
2026-02-10T21:11:39.4394515Z   sparse-checkout-cone-mode: true
2026-02-10T21:11:39.4394997Z   fetch-depth: 1
2026-02-10T21:11:39.4395379Z   fetch-tags: false
2026-02-10T21:11:39.4395787Z   show-progress: true
2026-02-10T21:11:39.4396200Z   lfs: false
2026-02-10T21:11:39.4396567Z   submodules: false
2026-02-10T21:11:39.4396975Z   set-safe-directory: true
2026-02-10T21:11:39.4397629Z env:
2026-02-10T21:11:39.4398033Z   DATABASE_URL: sqlite:///./data/app.db
2026-02-10T21:11:39.4398617Z   PYTHONPATH: /home/runner/work/Apartment/Apartment
2026-02-10T21:11:39.4400032Z   CI_READ_TOKEN: ***
2026-02-10T21:11:39.4400640Z ##[endgroup]
2026-02-10T21:11:39.5514466Z Syncing repository: liumem1976/Apartment
2026-02-10T21:11:39.5516171Z ##[group]Getting Git version info
2026-02-10T21:11:39.5516882Z Working directory is '/home/runner/work/Apartment/Apartment'
2026-02-10T21:11:39.5517803Z [command]/usr/bin/git version
2026-02-10T21:11:39.5596205Z git version 2.52.0
2026-02-10T21:11:39.5623020Z ##[endgroup]
2026-02-10T21:11:39.5637667Z Temporarily overriding HOME='/home/runner/work/_temp/40e12ba5-17f1-4938-b2ef-01fc70827535' before making global git config changes
2026-02-10T21:11:39.5639017Z Adding repository directory to the temporary git global config as a safe directory
2026-02-10T21:11:39.5651554Z [command]/usr/bin/git config --global --add safe.directory /home/runner/work/Apartment/Apartment
2026-02-10T21:11:39.5695757Z Deleting the contents of '/home/runner/work/Apartment/Apartment'
2026-02-10T21:11:39.5699330Z ##[group]Initializing the repository
2026-02-10T21:11:39.5703991Z [command]/usr/bin/git init /home/runner/work/Apartment/Apartment
2026-02-10T21:11:39.5833273Z hint: Using 'master' as the name for the initial branch. This default branch name
2026-02-10T21:11:39.5835837Z hint: will change to "main" in Git 3.0. To configure the initial branch name
2026-02-10T21:11:39.5837750Z hint: to use in all of your new repositories, which will suppress this warning,
2026-02-10T21:11:39.5839254Z hint: call:
2026-02-10T21:11:39.5840035Z hint:
2026-02-10T21:11:39.5840615Z hint: 	git config --global init.defaultBranch <name>
2026-02-10T21:11:39.5841309Z hint:
2026-02-10T21:11:39.5842000Z hint: Names commonly chosen instead of 'master' are 'main', 'trunk' and
2026-02-10T21:11:39.5843010Z hint: 'development'. The just-created branch can be renamed via this command:
2026-02-10T21:11:39.5843700Z hint:
2026-02-10T21:11:39.5844229Z hint: 	git branch -m <name>
2026-02-10T21:11:39.5844935Z hint:
2026-02-10T21:11:39.5845577Z hint: Disable this message with "git config set advice.defaultBranchName false"
2026-02-10T21:11:39.5846536Z Initialized empty Git repository in /home/runner/work/Apartment/Apartment/.git/
2026-02-10T21:11:39.5850793Z [command]/usr/bin/git remote add origin https://github.com/liumem1976/Apartment
2026-02-10T21:11:39.5883830Z ##[endgroup]
2026-02-10T21:11:39.5884548Z ##[group]Disabling automatic garbage collection
2026-02-10T21:11:39.5887771Z [command]/usr/bin/git config --local gc.auto 0
2026-02-10T21:11:39.5915989Z ##[endgroup]
2026-02-10T21:11:39.5916656Z ##[group]Setting up auth
2026-02-10T21:11:39.5922772Z [command]/usr/bin/git config --local --name-only --get-regexp core\.sshCommand
2026-02-10T21:11:39.5953639Z [command]/usr/bin/git submodule foreach --recursive sh -c "git config --local --name-only --get-regexp 'core\.sshCommand' && git config --local --unset-all 'core.sshCommand' || :"
2026-02-10T21:11:39.6327436Z [command]/usr/bin/git config --local --name-only --get-regexp http\.https\:\/\/github\.com\/\.extraheader
2026-02-10T21:11:39.6362905Z [command]/usr/bin/git submodule foreach --recursive sh -c "git config --local --name-only --get-regexp 'http\.https\:\/\/github\.com\/\.extraheader' && git config --local --unset-all 'http.https://github.com/.extraheader' || :"
2026-02-10T21:11:39.6611632Z [command]/usr/bin/git config --local --name-only --get-regexp ^includeIf\.gitdir:
2026-02-10T21:11:39.6649060Z [command]/usr/bin/git submodule foreach --recursive git config --local --show-origin --name-only --get-regexp remote.origin.url
2026-02-10T21:11:39.6886523Z [command]/usr/bin/git config --local http.https://github.com/.extraheader AUTHORIZATION: basic ***
2026-02-10T21:11:39.6921005Z ##[endgroup]
2026-02-10T21:11:39.6921802Z ##[group]Fetching the repository
2026-02-10T21:11:39.6929200Z [command]/usr/bin/git -c protocol.version=2 fetch --no-tags --prune --no-recurse-submodules --depth=1 origin +21cadbdb645008ccf6c7f1434bed1e218b2e2eff:refs/remotes/origin/main
2026-02-10T21:11:40.3899448Z From https://github.com/liumem1976/Apartment
2026-02-10T21:11:40.3901696Z  * [new ref]         21cadbdb645008ccf6c7f1434bed1e218b2e2eff -> origin/main
2026-02-10T21:11:40.3937786Z ##[endgroup]
2026-02-10T21:11:40.3939122Z ##[group]Determining the checkout info
2026-02-10T21:11:40.3941179Z ##[endgroup]
2026-02-10T21:11:40.3945004Z [command]/usr/bin/git sparse-checkout disable
2026-02-10T21:11:40.3990947Z [command]/usr/bin/git config --local --unset-all extensions.worktreeConfig
2026-02-10T21:11:40.4024282Z ##[group]Checking out the ref
2026-02-10T21:11:40.4027571Z [command]/usr/bin/git checkout --progress --force -B main refs/remotes/origin/main
2026-02-10T21:11:40.4332838Z Switched to a new branch 'main'
2026-02-10T21:11:40.4334340Z branch 'main' set up to track 'origin/main'.
2026-02-10T21:11:40.4343295Z ##[endgroup]
2026-02-10T21:11:40.4382748Z [command]/usr/bin/git log -1 --format=%H
2026-02-10T21:11:40.4407421Z 21cadbdb645008ccf6c7f1434bed1e218b2e2eff
2026-02-10T21:11:40.4732684Z ##[group]Run actions/setup-python@v4
2026-02-10T21:11:40.4733909Z with:
2026-02-10T21:11:40.4734731Z   python-version: 3.11
2026-02-10T21:11:40.4735686Z   check-latest: false
2026-02-10T21:11:40.4736967Z   token: ***
2026-02-10T21:11:40.4737862Z   update-environment: true
2026-02-10T21:11:40.4739380Z   allow-prereleases: false
2026-02-10T21:11:40.4740669Z env:
2026-02-10T21:11:40.4741641Z   DATABASE_URL: sqlite:///./data/app.db
2026-02-10T21:11:40.4743167Z   PYTHONPATH: /home/runner/work/Apartment/Apartment
2026-02-10T21:11:40.4745790Z   CI_READ_TOKEN: ***
2026-02-10T21:11:40.4746705Z ##[endgroup]
2026-02-10T21:11:40.6541157Z ##[group]Installed versions
2026-02-10T21:11:40.6660778Z Successfully set up CPython (3.11.14)
2026-02-10T21:11:40.6662910Z ##[endgroup]
2026-02-10T21:11:40.6786094Z ##[group]Run python -m pip install --upgrade pip
2026-02-10T21:11:40.6787154Z [36;1mpython -m pip install --upgrade pip[0m
2026-02-10T21:11:40.6788173Z [36;1mif [ -f requirements.txt ]; then pip install -r requirements.txt; fi[0m
2026-02-10T21:11:40.6836034Z shell: /usr/bin/bash -e {0}
2026-02-10T21:11:40.6836789Z env:
2026-02-10T21:11:40.6837487Z   DATABASE_URL: sqlite:///./data/app.db
2026-02-10T21:11:40.6838358Z   PYTHONPATH: /home/runner/work/Apartment/Apartment
2026-02-10T21:11:40.6840023Z   CI_READ_TOKEN: ***
2026-02-10T21:11:40.6840852Z   pythonLocation: /opt/hostedtoolcache/Python/3.11.14/x64
2026-02-10T21:11:40.6841890Z   PKG_CONFIG_PATH: /opt/hostedtoolcache/Python/3.11.14/x64/lib/pkgconfig
2026-02-10T21:11:40.6842898Z   Python_ROOT_DIR: /opt/hostedtoolcache/Python/3.11.14/x64
2026-02-10T21:11:40.6843860Z   Python2_ROOT_DIR: /opt/hostedtoolcache/Python/3.11.14/x64
2026-02-10T21:11:40.6844800Z   Python3_ROOT_DIR: /opt/hostedtoolcache/Python/3.11.14/x64
2026-02-10T21:11:40.6845777Z   LD_LIBRARY_PATH: /opt/hostedtoolcache/Python/3.11.14/x64/lib
2026-02-10T21:11:40.6846617Z ##[endgroup]
2026-02-10T21:11:41.4851312Z Requirement already satisfied: pip in /opt/hostedtoolcache/Python/3.11.14/x64/lib/python3.11/site-packages (26.0)
2026-02-10T21:11:41.5775791Z Collecting pip
2026-02-10T21:11:41.6320923Z   Downloading pip-26.0.1-py3-none-any.whl.metadata (4.7 kB)
2026-02-10T21:11:41.6393296Z Downloading pip-26.0.1-py3-none-any.whl (1.8 MB)
2026-02-10T21:11:41.6869470Z    ━━━━━━━━━━━━━━━━━━━━━━━━━━━━━━━━━━━━━━━━ 1.8/1.8 MB 104.8 MB/s  0:00:00
2026-02-10T21:11:41.7094571Z Installing collected packages: pip
2026-02-10T21:11:41.7095684Z   Attempting uninstall: pip
2026-02-10T21:11:41.7111539Z     Found existing installation: pip 26.0
2026-02-10T21:11:41.7641620Z     Uninstalling pip-26.0:
2026-02-10T21:11:41.7701259Z       Successfully uninstalled pip-26.0
2026-02-10T21:11:42.5751579Z Successfully installed pip-26.0.1
2026-02-10T21:11:43.1312710Z Collecting fastapi>=0.100.0 (from -r requirements.txt (line 1))
2026-02-10T21:11:43.1871703Z   Downloading fastapi-0.128.7-py3-none-any.whl.metadata (30 kB)
2026-02-10T21:11:43.2185799Z Collecting uvicorn>=0.22.0 (from uvicorn[standard]>=0.22.0->-r requirements.txt (line 2))
2026-02-10T21:11:43.2223589Z   Downloading uvicorn-0.40.0-py3-none-any.whl.metadata (6.7 kB)
2026-02-10T21:11:43.2373023Z Collecting sqlmodel==0.0.32 (from -r requirements.txt (line 3))
2026-02-10T21:11:43.2416337Z   Downloading sqlmodel-0.0.32-py3-none-any.whl.metadata (10 kB)
2026-02-10T21:11:43.3543958Z Collecting pydantic>=2.0 (from -r requirements.txt (line 4))
2026-02-10T21:11:43.3606735Z   Downloading pydantic-2.12.5-py3-none-any.whl.metadata (90 kB)
2026-02-10T21:11:43.3864360Z Collecting jinja2>=3.1.0 (from -r requirements.txt (line 5))
2026-02-10T21:11:43.3900732Z   Downloading jinja2-3.1.6-py3-none-any.whl.metadata (2.9 kB)
2026-02-10T21:11:43.4082806Z Collecting apscheduler>=3.10.0 (from -r requirements.txt (line 6))
2026-02-10T21:11:43.4120288Z   Downloading apscheduler-3.11.2-py3-none-any.whl.metadata (6.4 kB)
2026-02-10T21:11:43.4338980Z Collecting alembic>=1.11.0 (from -r requirements.txt (line 7))
2026-02-10T21:11:43.4375378Z   Downloading alembic-1.18.4-py3-none-any.whl.metadata (7.2 kB)
2026-02-10T21:11:43.4523444Z Collecting openpyxl>=3.1.0 (from -r requirements.txt (line 8))
2026-02-10T21:11:43.4559342Z   Downloading openpyxl-3.1.5-py2.py3-none-any.whl.metadata (2.5 kB)
2026-02-10T21:11:43.4735657Z Collecting python-multipart>=0.0.6 (from -r requirements.txt (line 9))
2026-02-10T21:11:43.4770740Z   Downloading python_multipart-0.0.22-py3-none-any.whl.metadata (1.8 kB)
2026-02-10T21:11:43.4931405Z Collecting httpx>=0.24.0 (from -r requirements.txt (line 10))
2026-02-10T21:11:43.4965763Z   Downloading httpx-0.28.1-py3-none-any.whl.metadata (7.1 kB)
2026-02-10T21:11:43.5241639Z Collecting pytest>=7.4.0 (from -r requirements.txt (line 11))
2026-02-10T21:11:43.5282182Z   Downloading pytest-9.0.2-py3-none-any.whl.metadata (7.6 kB)
2026-02-10T21:11:43.5433498Z Collecting python-dotenv>=1.2.0 (from -r requirements.txt (line 12))
2026-02-10T21:11:43.5473153Z   Downloading python_dotenv-1.2.1-py3-none-any.whl.metadata (25 kB)
2026-02-10T21:11:43.5595377Z Collecting passlib>=1.7.0 (from passlib[bcrypt]>=1.7.0->-r requirements.txt (line 13))
2026-02-10T21:11:43.5630755Z   Downloading passlib-1.7.4-py2.py3-none-any.whl.metadata (1.7 kB)
2026-02-10T21:11:43.5753318Z Collecting python-jose>=3.3.0 (from python-jose[cryptography]>=3.3.0->-r requirements.txt (line 14))
2026-02-10T21:11:43.5806000Z   Downloading python_jose-3.5.0-py2.py3-none-any.whl.metadata (5.5 kB)
2026-02-10T21:11:43.8322204Z Collecting SQLAlchemy<2.1.0,>=2.0.14 (from sqlmodel==0.0.32->-r requirements.txt (line 3))
2026-02-10T21:11:43.8357189Z   Downloading sqlalchemy-2.0.46-cp311-cp311-manylinux2014_x86_64.manylinux_2_17_x86_64.manylinux_2_28_x86_64.whl.metadata (9.5 kB)
2026-02-10T21:11:43.9556229Z Collecting greenlet>=1 (from SQLAlchemy<2.1.0,>=2.0.14->sqlmodel==0.0.32->-r requirements.txt (line 3))
2026-02-10T21:11:43.9594327Z   Downloading greenlet-3.3.1-cp311-cp311-manylinux_2_24_x86_64.manylinux_2_28_x86_64.whl.metadata (3.7 kB)
2026-02-10T21:11:43.9760163Z Collecting typing-extensions>=4.6.0 (from SQLAlchemy<2.1.0,>=2.0.14->sqlmodel==0.0.32->-r requirements.txt (line 3))
2026-02-10T21:11:43.9797647Z   Downloading typing_extensions-4.15.0-py3-none-any.whl.metadata (3.3 kB)
2026-02-10T21:11:44.0031083Z Collecting starlette<1.0.0,>=0.40.0 (from fastapi>=0.100.0->-r requirements.txt (line 1))
2026-02-10T21:11:44.0066662Z   Downloading starlette-0.52.1-py3-none-any.whl.metadata (6.3 kB)
2026-02-10T21:11:44.0198996Z Collecting typing-inspection>=0.4.2 (from fastapi>=0.100.0->-r requirements.txt (line 1))
2026-02-10T21:11:44.0237726Z   Downloading typing_inspection-0.4.2-py3-none-any.whl.metadata (2.6 kB)
2026-02-10T21:11:44.0341597Z Collecting annotated-doc>=0.0.2 (from fastapi>=0.100.0->-r requirements.txt (line 1))
2026-02-10T21:11:44.0384347Z   Downloading annotated_doc-0.0.4-py3-none-any.whl.metadata (6.6 kB)
2026-02-10T21:11:44.0548398Z Collecting anyio<5,>=3.6.2 (from starlette<1.0.0,>=0.40.0->fastapi>=0.100.0->-r requirements.txt (line 1))
2026-02-10T21:11:44.0581111Z   Downloading anyio-4.12.1-py3-none-any.whl.metadata (4.3 kB)
2026-02-10T21:11:44.0728366Z Collecting idna>=2.8 (from anyio<5,>=3.6.2->starlette<1.0.0,>=0.40.0->fastapi>=0.100.0->-r requirements.txt (line 1))
2026-02-10T21:11:44.0762978Z   Downloading idna-3.11-py3-none-any.whl.metadata (8.4 kB)
2026-02-10T21:11:44.0950510Z Collecting click>=7.0 (from uvicorn>=0.22.0->uvicorn[standard]>=0.22.0->-r requirements.txt (line 2))
2026-02-10T21:11:44.0988222Z   Downloading click-8.3.1-py3-none-any.whl.metadata (2.6 kB)
2026-02-10T21:11:44.1103757Z Collecting h11>=0.8 (from uvicorn>=0.22.0->uvicorn[standard]>=0.22.0->-r requirements.txt (line 2))
2026-02-10T21:11:44.1138350Z   Downloading h11-0.16.0-py3-none-any.whl.metadata (8.3 kB)
2026-02-10T21:11:44.1249362Z Collecting annotated-types>=0.6.0 (from pydantic>=2.0->-r requirements.txt (line 4))
2026-02-10T21:11:44.1287115Z   Downloading annotated_types-0.7.0-py3-none-any.whl.metadata (15 kB)
2026-02-10T21:11:44.7216384Z Collecting pydantic-core==2.41.5 (from pydantic>=2.0->-r requirements.txt (line 4))
2026-02-10T21:11:44.7260520Z   Downloading pydantic_core-2.41.5-cp311-cp311-manylinux_2_17_x86_64.manylinux2014_x86_64.whl.metadata (7.3 kB)
2026-02-10T21:11:44.8167206Z Collecting MarkupSafe>=2.0 (from jinja2>=3.1.0->-r requirements.txt (line 5))
2026-02-10T21:11:44.8210178Z   Downloading markupsafe-3.0.3-cp311-cp311-manylinux2014_x86_64.manylinux_2_17_x86_64.manylinux_2_28_x86_64.whl.metadata (2.7 kB)
2026-02-10T21:11:44.8349524Z Collecting tzlocal>=3.0 (from apscheduler>=3.10.0->-r requirements.txt (line 6))
2026-02-10T21:11:44.8383623Z   Downloading tzlocal-5.3.1-py3-none-any.whl.metadata (7.6 kB)
2026-02-10T21:11:44.8592211Z Collecting Mako (from alembic>=1.11.0->-r requirements.txt (line 7))
2026-02-10T21:11:44.8625850Z   Downloading mako-1.3.10-py3-none-any.whl.metadata (2.9 kB)
2026-02-10T21:11:44.8732326Z Collecting et-xmlfile (from openpyxl>=3.1.0->-r requirements.txt (line 8))
2026-02-10T21:11:44.8844133Z   Downloading et_xmlfile-2.0.0-py3-none-any.whl.metadata (2.7 kB)
2026-02-10T21:11:44.8962228Z Collecting certifi (from httpx>=0.24.0->-r requirements.txt (line 10))
2026-02-10T21:11:44.8995832Z   Downloading certifi-2026.1.4-py3-none-any.whl.metadata (2.5 kB)
2026-02-10T21:11:44.9144120Z Collecting httpcore==1.* (from httpx>=0.24.0->-r requirements.txt (line 10))
2026-02-10T21:11:44.9178815Z   Downloading httpcore-1.0.9-py3-none-any.whl.metadata (21 kB)
2026-02-10T21:11:44.9346073Z Collecting iniconfig>=1.0.1 (from pytest>=7.4.0->-r requirements.txt (line 11))
2026-02-10T21:11:44.9380620Z   Downloading iniconfig-2.3.0-py3-none-any.whl.metadata (2.5 kB)
2026-02-10T21:11:44.9522063Z Collecting packaging>=22 (from pytest>=7.4.0->-r requirements.txt (line 11))
2026-02-10T21:11:44.9557503Z   Downloading packaging-26.0-py3-none-any.whl.metadata (3.3 kB)
2026-02-10T21:11:44.9670846Z Collecting pluggy<2,>=1.5 (from pytest>=7.4.0->-r requirements.txt (line 11))
2026-02-10T21:11:44.9706128Z   Downloading pluggy-1.6.0-py3-none-any.whl.metadata (4.8 kB)
2026-02-10T21:11:44.9881938Z Collecting pygments>=2.7.2 (from pytest>=7.4.0->-r requirements.txt (line 11))
2026-02-10T21:11:44.9928819Z   Downloading pygments-2.19.2-py3-none-any.whl.metadata (2.5 kB)
2026-02-10T21:11:45.0074746Z Collecting ecdsa!=0.15 (from python-jose>=3.3.0->python-jose[cryptography]>=3.3.0->-r requirements.txt (line 14))
2026-02-10T21:11:45.0111223Z   Downloading ecdsa-0.19.1-py2.py3-none-any.whl.metadata (29 kB)
2026-02-10T21:11:45.0264733Z Collecting rsa!=4.1.1,!=4.4,<5.0,>=4.0 (from python-jose>=3.3.0->python-jose[cryptography]>=3.3.0->-r requirements.txt (line 14))
2026-02-10T21:11:45.0300382Z   Downloading rsa-4.9.1-py3-none-any.whl.metadata (5.6 kB)
2026-02-10T21:11:45.0523532Z Collecting pyasn1>=0.5.0 (from python-jose>=3.3.0->python-jose[cryptography]>=3.3.0->-r requirements.txt (line 14))
2026-02-10T21:11:45.0559180Z   Downloading pyasn1-0.6.2-py3-none-any.whl.metadata (8.4 kB)
2026-02-10T21:11:45.0716398Z Collecting six>=1.9.0 (from ecdsa!=0.15->python-jose>=3.3.0->python-jose[cryptography]>=3.3.0->-r requirements.txt (line 14))
2026-02-10T21:11:45.0752502Z   Downloading six-1.17.0-py2.py3-none-any.whl.metadata (1.7 kB)
2026-02-10T21:11:45.1181488Z Collecting bcrypt>=3.1.0 (from passlib[bcrypt]>=1.7.0->-r requirements.txt (line 13))
2026-02-10T21:11:45.1217053Z   Downloading bcrypt-5.0.0-cp39-abi3-manylinux_2_34_x86_64.whl.metadata (10 kB)
2026-02-10T21:11:45.2838746Z Collecting cryptography>=3.4.0 (from python-jose[cryptography]>=3.3.0->-r requirements.txt (line 14))
2026-02-10T21:11:45.2881308Z   Downloading cryptography-46.0.5-cp311-abi3-manylinux_2_34_x86_64.whl.metadata (5.7 kB)
2026-02-10T21:11:45.3840969Z Collecting cffi>=2.0.0 (from cryptography>=3.4.0->python-jose[cryptography]>=3.3.0->-r requirements.txt (line 14))
2026-02-10T21:11:45.3884266Z   Downloading cffi-2.0.0-cp311-cp311-manylinux2014_x86_64.manylinux_2_17_x86_64.whl.metadata (2.6 kB)
2026-02-10T21:11:45.4185613Z Collecting pycparser (from cffi>=2.0.0->cryptography>=3.4.0->python-jose[cryptography]>=3.3.0->-r requirements.txt (line 14))
2026-02-10T21:11:45.4220259Z   Downloading pycparser-3.0-py3-none-any.whl.metadata (8.2 kB)
2026-02-10T21:11:45.5157545Z Collecting httptools>=0.6.3 (from uvicorn[standard]>=0.22.0->-r requirements.txt (line 2))
2026-02-10T21:11:45.5197074Z   Downloading httptools-0.7.1-cp311-cp311-manylinux1_x86_64.manylinux_2_28_x86_64.manylinux_2_5_x86_64.whl.metadata (3.5 kB)
2026-02-10T21:11:45.5573354Z Collecting pyyaml>=5.1 (from uvicorn[standard]>=0.22.0->-r requirements.txt (line 2))
2026-02-10T21:11:45.5613399Z   Downloading pyyaml-6.0.3-cp311-cp311-manylinux2014_x86_64.manylinux_2_17_x86_64.manylinux_2_28_x86_64.whl.metadata (2.4 kB)
2026-02-10T21:11:45.6006146Z Collecting uvloop>=0.15.1 (from uvicorn[standard]>=0.22.0->-r requirements.txt (line 2))
2026-02-10T21:11:45.6046717Z   Downloading uvloop-0.22.1-cp311-cp311-manylinux2014_x86_64.manylinux_2_17_x86_64.manylinux_2_28_x86_64.whl.metadata (4.9 kB)
2026-02-10T21:11:45.6737055Z Collecting watchfiles>=0.13 (from uvicorn[standard]>=0.22.0->-r requirements.txt (line 2))
2026-02-10T21:11:45.6774259Z   Downloading watchfiles-1.1.1-cp311-cp311-manylinux_2_17_x86_64.manylinux2014_x86_64.whl.metadata (4.9 kB)
2026-02-10T21:11:45.7593833Z Collecting websockets>=10.4 (from uvicorn[standard]>=0.22.0->-r requirements.txt (line 2))
2026-02-10T21:11:45.7632698Z   Downloading websockets-16.0-cp311-cp311-manylinux1_x86_64.manylinux_2_28_x86_64.manylinux_2_5_x86_64.whl.metadata (6.8 kB)
2026-02-10T21:11:45.7784784Z Downloading sqlmodel-0.0.32-py3-none-any.whl (27 kB)
2026-02-10T21:11:45.7866239Z Downloading sqlalchemy-2.0.46-cp311-cp311-manylinux2014_x86_64.manylinux_2_17_x86_64.manylinux_2_28_x86_64.whl (3.3 MB)
2026-02-10T21:11:45.8318188Z    ━━━━━━━━━━━━━━━━━━━━━━━━━━━━━━━━━━━━━━━━ 3.3/3.3 MB 75.7 MB/s  0:00:00
2026-02-10T21:11:45.8355656Z Downloading fastapi-0.128.7-py3-none-any.whl (103 kB)
2026-02-10T21:11:45.8423981Z Downloading starlette-0.52.1-py3-none-any.whl (74 kB)
2026-02-10T21:11:45.8490321Z Downloading anyio-4.12.1-py3-none-any.whl (113 kB)
2026-02-10T21:11:45.8556846Z Downloading uvicorn-0.40.0-py3-none-any.whl (68 kB)
2026-02-10T21:11:45.8627586Z Downloading pydantic-2.12.5-py3-none-any.whl (463 kB)
2026-02-10T21:11:45.8705388Z Downloading pydantic_core-2.41.5-cp311-cp311-manylinux_2_17_x86_64.manylinux2014_x86_64.whl (2.1 MB)
2026-02-10T21:11:45.8836649Z    ━━━━━━━━━━━━━━━━━━━━━━━━━━━━━━━━━━━━━━━━ 2.1/2.1 MB 171.5 MB/s  0:00:00
2026-02-10T21:11:45.8873193Z Downloading jinja2-3.1.6-py3-none-any.whl (134 kB)
2026-02-10T21:11:45.8944337Z Downloading apscheduler-3.11.2-py3-none-any.whl (64 kB)
2026-02-10T21:11:45.9018227Z Downloading alembic-1.18.4-py3-none-any.whl (263 kB)
2026-02-10T21:11:45.9086197Z Downloading openpyxl-3.1.5-py2.py3-none-any.whl (250 kB)
2026-02-10T21:11:45.9156292Z Downloading python_multipart-0.0.22-py3-none-any.whl (24 kB)
2026-02-10T21:11:45.9232224Z Downloading httpx-0.28.1-py3-none-any.whl (73 kB)
2026-02-10T21:11:45.9289194Z Downloading httpcore-1.0.9-py3-none-any.whl (78 kB)
2026-02-10T21:11:45.9350998Z Downloading pytest-9.0.2-py3-none-any.whl (374 kB)
2026-02-10T21:11:45.9436810Z Downloading pluggy-1.6.0-py3-none-any.whl (20 kB)
2026-02-10T21:11:45.9496563Z Downloading python_dotenv-1.2.1-py3-none-any.whl (21 kB)
2026-02-10T21:11:45.9555631Z Downloading passlib-1.7.4-py2.py3-none-any.whl (525 kB)
2026-02-10T21:11:45.9622534Z    ━━━━━━━━━━━━━━━━━━━━━━━━━━━━━━━━━━━━━━━━ 525.6/525.6 kB 76.1 MB/s  0:00:00
2026-02-10T21:11:45.9658303Z Downloading python_jose-3.5.0-py2.py3-none-any.whl (34 kB)
2026-02-10T21:11:45.9721122Z Downloading rsa-4.9.1-py3-none-any.whl (34 kB)
2026-02-10T21:11:45.9776972Z Downloading annotated_doc-0.0.4-py3-none-any.whl (5.3 kB)
2026-02-10T21:11:45.9836545Z Downloading annotated_types-0.7.0-py3-none-any.whl (13 kB)
2026-02-10T21:11:45.9894482Z Downloading click-8.3.1-py3-none-any.whl (108 kB)
2026-02-10T21:11:45.9961502Z Downloading ecdsa-0.19.1-py2.py3-none-any.whl (150 kB)
2026-02-10T21:11:46.0030614Z Downloading greenlet-3.3.1-cp311-cp311-manylinux_2_24_x86_64.manylinux_2_28_x86_64.whl (590 kB)
2026-02-10T21:11:46.0121972Z    ━━━━━━━━━━━━━━━━━━━━━━━━━━━━━━━━━━━━━━━━ 590.3/590.3 kB 76.7 MB/s  0:00:00
2026-02-10T21:11:46.0159874Z Downloading h11-0.16.0-py3-none-any.whl (37 kB)
2026-02-10T21:11:46.0226379Z Downloading idna-3.11-py3-none-any.whl (71 kB)
2026-02-10T21:11:46.0288586Z Downloading iniconfig-2.3.0-py3-none-any.whl (7.5 kB)
2026-02-10T21:11:46.0354187Z Downloading markupsafe-3.0.3-cp311-cp311-manylinux2014_x86_64.manylinux_2_17_x86_64.manylinux_2_28_x86_64.whl (22 kB)
2026-02-10T21:11:46.0413726Z Downloading packaging-26.0-py3-none-any.whl (74 kB)
2026-02-10T21:11:46.0509936Z Downloading bcrypt-5.0.0-cp39-abi3-manylinux_2_34_x86_64.whl (278 kB)
2026-02-10T21:11:46.0578106Z Downloading pyasn1-0.6.2-py3-none-any.whl (83 kB)
2026-02-10T21:11:46.0688076Z Downloading pygments-2.19.2-py3-none-any.whl (1.2 MB)
2026-02-10T21:11:46.0799089Z    ━━━━━━━━━━━━━━━━━━━━━━━━━━━━━━━━━━━━━━━━ 1.2/1.2 MB 121.3 MB/s  0:00:00
2026-02-10T21:11:46.0916809Z Downloading cryptography-46.0.5-cp311-abi3-manylinux_2_34_x86_64.whl (4.5 MB)
2026-02-10T21:11:46.1155083Z    ━━━━━━━━━━━━━━━━━━━━━━━━━━━━━━━━━━━━━━━━ 4.5/4.5 MB 195.6 MB/s  0:00:00
2026-02-10T21:11:46.1195236Z Downloading cffi-2.0.0-cp311-cp311-manylinux2014_x86_64.manylinux_2_17_x86_64.whl (215 kB)
2026-02-10T21:11:46.1262012Z Downloading six-1.17.0-py2.py3-none-any.whl (11 kB)
2026-02-10T21:11:46.1318382Z Downloading typing_extensions-4.15.0-py3-none-any.whl (44 kB)
2026-02-10T21:11:46.1393263Z Downloading typing_inspection-0.4.2-py3-none-any.whl (14 kB)
2026-02-10T21:11:46.1451740Z Downloading tzlocal-5.3.1-py3-none-any.whl (18 kB)
2026-02-10T21:11:46.1518384Z Downloading httptools-0.7.1-cp311-cp311-manylinux1_x86_64.manylinux_2_28_x86_64.manylinux_2_5_x86_64.whl (456 kB)
2026-02-10T21:11:46.1611999Z Downloading pyyaml-6.0.3-cp311-cp311-manylinux2014_x86_64.manylinux_2_17_x86_64.manylinux_2_28_x86_64.whl (806 kB)
2026-02-10T21:11:46.1692508Z    ━━━━━━━━━━━━━━━━━━━━━━━━━━━━━━━━━━━━━━━━ 806.6/806.6 kB 96.1 MB/s  0:00:00
2026-02-10T21:11:46.1733475Z Downloading uvloop-0.22.1-cp311-cp311-manylinux2014_x86_64.manylinux_2_17_x86_64.manylinux_2_28_x86_64.whl (3.8 MB)
2026-02-10T21:11:46.2017633Z    ━━━━━━━━━━━━━━━━━━━━━━━━━━━━━━━━━━━━━━━━ 3.8/3.8 MB 152.2 MB/s  0:00:00
2026-02-10T21:11:46.2073160Z Downloading watchfiles-1.1.1-cp311-cp311-manylinux_2_17_x86_64.manylinux2014_x86_64.whl (456 kB)
2026-02-10T21:11:46.2164055Z Downloading websockets-16.0-cp311-cp311-manylinux1_x86_64.manylinux_2_28_x86_64.manylinux_2_5_x86_64.whl (184 kB)
2026-02-10T21:11:46.2228875Z Downloading certifi-2026.1.4-py3-none-any.whl (152 kB)
2026-02-10T21:11:46.2293920Z Downloading et_xmlfile-2.0.0-py3-none-any.whl (18 kB)
2026-02-10T21:11:46.2353600Z Downloading mako-1.3.10-py3-none-any.whl (78 kB)
2026-02-10T21:11:46.2413119Z Downloading pycparser-3.0-py3-none-any.whl (48 kB)
2026-02-10T21:11:46.3584740Z Installing collected packages: passlib, websockets, uvloop, tzlocal, typing-extensions, six, pyyaml, python-multipart, python-dotenv, pygments, pycparser, pyasn1, pluggy, packaging, MarkupSafe, iniconfig, idna, httptools, h11, greenlet, et-xmlfile, click, certifi, bcrypt, annotated-types, annotated-doc, uvicorn, typing-inspection, SQLAlchemy, rsa, pytest, pydantic-core, openpyxl, Mako, jinja2, httpcore, ecdsa, cffi, apscheduler, anyio, watchfiles, starlette, python-jose, pydantic, httpx, cryptography, alembic, sqlmodel, fastapi
2026-02-10T21:11:50.7737728Z 
2026-02-10T21:11:50.7764291Z Successfully installed Mako-1.3.10 MarkupSafe-3.0.3 SQLAlchemy-2.0.46 alembic-1.18.4 annotated-doc-0.0.4 annotated-types-0.7.0 anyio-4.12.1 apscheduler-3.11.2 bcrypt-5.0.0 certifi-2026.1.4 cffi-2.0.0 click-8.3.1 cryptography-46.0.5 ecdsa-0.19.1 et-xmlfile-2.0.0 fastapi-0.128.7 greenlet-3.3.1 h11-0.16.0 httpcore-1.0.9 httptools-0.7.1 httpx-0.28.1 idna-3.11 iniconfig-2.3.0 jinja2-3.1.6 openpyxl-3.1.5 packaging-26.0 passlib-1.7.4 pluggy-1.6.0 pyasn1-0.6.2 pycparser-3.0 pydantic-2.12.5 pydantic-core-2.41.5 pygments-2.19.2 pytest-9.0.2 python-dotenv-1.2.1 python-jose-3.5.0 python-multipart-0.0.22 pyyaml-6.0.3 rsa-4.9.1 six-1.17.0 sqlmodel-0.0.32 starlette-0.52.1 typing-extensions-4.15.0 typing-inspection-0.4.2 tzlocal-5.3.1 uvicorn-0.40.0 uvloop-0.22.1 watchfiles-1.1.1 websockets-16.0
2026-02-10T21:11:51.2292620Z ##[group]Run python -m pip install ruff isort black
2026-02-10T21:11:51.2293009Z [36;1mpython -m pip install ruff isort black[0m
2026-02-10T21:11:51.2327253Z shell: /usr/bin/bash -e {0}
2026-02-10T21:11:51.2327681Z env:
2026-02-10T21:11:51.2327887Z   DATABASE_URL: sqlite:///./data/app.db
2026-02-10T21:11:51.2328203Z   PYTHONPATH: /home/runner/work/Apartment/Apartment
2026-02-10T21:11:51.2328953Z   CI_READ_TOKEN: ***
2026-02-10T21:11:51.2329238Z   pythonLocation: /opt/hostedtoolcache/Python/3.11.14/x64
2026-02-10T21:11:51.2330145Z   PKG_CONFIG_PATH: /opt/hostedtoolcache/Python/3.11.14/x64/lib/pkgconfig
2026-02-10T21:11:51.2330592Z   Python_ROOT_DIR: /opt/hostedtoolcache/Python/3.11.14/x64
2026-02-10T21:11:51.2330973Z   Python2_ROOT_DIR: /opt/hostedtoolcache/Python/3.11.14/x64
2026-02-10T21:11:51.2331342Z   Python3_ROOT_DIR: /opt/hostedtoolcache/Python/3.11.14/x64
2026-02-10T21:11:51.2331726Z   LD_LIBRARY_PATH: /opt/hostedtoolcache/Python/3.11.14/x64/lib
2026-02-10T21:11:51.2332084Z ##[endgroup]
2026-02-10T21:11:51.9636279Z Collecting ruff
2026-02-10T21:11:52.0192990Z   Downloading ruff-0.15.0-py3-none-manylinux_2_17_x86_64.manylinux2014_x86_64.whl.metadata (26 kB)
2026-02-10T21:11:52.0588071Z Collecting isort
2026-02-10T21:11:52.0622764Z   Downloading isort-7.0.0-py3-none-any.whl.metadata (11 kB)
2026-02-10T21:11:52.1102818Z Collecting black
2026-02-10T21:11:52.1138452Z   Downloading black-26.1.0-cp311-cp311-manylinux2014_x86_64.manylinux_2_17_x86_64.manylinux_2_28_x86_64.whl.metadata (88 kB)
2026-02-10T21:11:52.1353348Z Requirement already satisfied: click>=8.0.0 in /opt/hostedtoolcache/Python/3.11.14/x64/lib/python3.11/site-packages (from black) (8.3.1)
2026-02-10T21:11:52.1441719Z Collecting mypy-extensions>=0.4.3 (from black)
2026-02-10T21:11:52.1475665Z   Downloading mypy_extensions-1.1.0-py3-none-any.whl.metadata (1.1 kB)
2026-02-10T21:11:52.1510204Z Requirement already satisfied: packaging>=22.0 in /opt/hostedtoolcache/Python/3.11.14/x64/lib/python3.11/site-packages (from black) (26.0)
2026-02-10T21:11:52.1604205Z Collecting pathspec>=1.0.0 (from black)
2026-02-10T21:11:52.1649950Z   Downloading pathspec-1.0.4-py3-none-any.whl.metadata (13 kB)
2026-02-10T21:11:52.1825824Z Collecting platformdirs>=2 (from black)
2026-02-10T21:11:52.1866927Z   Downloading platformdirs-4.5.1-py3-none-any.whl.metadata (12 kB)
2026-02-10T21:11:52.2046042Z Collecting pytokens>=0.3.0 (from black)
2026-02-10T21:11:52.2077275Z   Downloading pytokens-0.4.1-cp311-cp311-manylinux2014_x86_64.manylinux_2_17_x86_64.manylinux_2_28_x86_64.whl.metadata (3.8 kB)
2026-02-10T21:11:52.2168377Z Downloading ruff-0.15.0-py3-none-manylinux_2_17_x86_64.manylinux2014_x86_64.whl (11.1 MB)
2026-02-10T21:11:52.2824436Z    ━━━━━━━━━━━━━━━━━━━━━━━━━━━━━━━━━━━━━━━━ 11.1/11.1 MB 182.4 MB/s  0:00:00
2026-02-10T21:11:52.2859551Z Downloading isort-7.0.0-py3-none-any.whl (94 kB)
2026-02-10T21:11:52.2912859Z Downloading black-26.1.0-cp311-cp311-manylinux2014_x86_64.manylinux_2_17_x86_64.manylinux_2_28_x86_64.whl (1.7 MB)
2026-02-10T21:11:52.3053416Z    ━━━━━━━━━━━━━━━━━━━━━━━━━━━━━━━━━━━━━━━━ 1.7/1.7 MB 157.8 MB/s  0:00:00
2026-02-10T21:11:52.3084558Z Downloading mypy_extensions-1.1.0-py3-none-any.whl (5.0 kB)
2026-02-10T21:11:52.3137108Z Downloading pathspec-1.0.4-py3-none-any.whl (55 kB)
2026-02-10T21:11:52.3194888Z Downloading platformdirs-4.5.1-py3-none-any.whl (18 kB)
2026-02-10T21:11:52.3246991Z Downloading pytokens-0.4.1-cp311-cp311-manylinux2014_x86_64.manylinux_2_17_x86_64.manylinux_2_28_x86_64.whl (260 kB)
2026-02-10T21:11:52.3936109Z Installing collected packages: ruff, pytokens, platformdirs, pathspec, mypy-extensions, isort, black
2026-02-10T21:11:52.7788977Z 
2026-02-10T21:11:52.7813047Z Successfully installed black-26.1.0 isort-7.0.0 mypy-extensions-1.1.0 pathspec-1.0.4 platformdirs-4.5.1 pytokens-0.4.1 ruff-0.15.0
2026-02-10T21:11:52.8846974Z ##[group]Run ruff check .
2026-02-10T21:11:52.8847231Z [36;1mruff check .[0m
2026-02-10T21:11:52.8879515Z shell: /usr/bin/bash -e {0}
2026-02-10T21:11:52.8879922Z env:
2026-02-10T21:11:52.8880112Z   DATABASE_URL: sqlite:///./data/app.db
2026-02-10T21:11:52.8880415Z   PYTHONPATH: /home/runner/work/Apartment/Apartment
2026-02-10T21:11:52.8881104Z   CI_READ_TOKEN: ***
2026-02-10T21:11:52.8881380Z   pythonLocation: /opt/hostedtoolcache/Python/3.11.14/x64
2026-02-10T21:11:52.8881980Z   PKG_CONFIG_PATH: /opt/hostedtoolcache/Python/3.11.14/x64/lib/pkgconfig
2026-02-10T21:11:52.8882381Z   Python_ROOT_DIR: /opt/hostedtoolcache/Python/3.11.14/x64
2026-02-10T21:11:52.8882733Z   Python2_ROOT_DIR: /opt/hostedtoolcache/Python/3.11.14/x64
2026-02-10T21:11:52.8883081Z   Python3_ROOT_DIR: /opt/hostedtoolcache/Python/3.11.14/x64
2026-02-10T21:11:52.8883431Z   LD_LIBRARY_PATH: /opt/hostedtoolcache/Python/3.11.14/x64/lib
2026-02-10T21:11:52.8883723Z ##[endgroup]
2026-02-10T21:11:52.9034800Z All checks passed!
2026-02-10T21:11:52.9071026Z ##[group]Run isort . --check-only
2026-02-10T21:11:52.9071316Z [36;1misort . --check-only[0m
2026-02-10T21:11:52.9103977Z shell: /usr/bin/bash -e {0}
2026-02-10T21:11:52.9104203Z env:
2026-02-10T21:11:52.9104393Z   DATABASE_URL: sqlite:///./data/app.db
2026-02-10T21:11:52.9104698Z   PYTHONPATH: /home/runner/work/Apartment/Apartment
2026-02-10T21:11:52.9105385Z   CI_READ_TOKEN: ***
2026-02-10T21:11:52.9105673Z   pythonLocation: /opt/hostedtoolcache/Python/3.11.14/x64
2026-02-10T21:11:52.9106081Z   PKG_CONFIG_PATH: /opt/hostedtoolcache/Python/3.11.14/x64/lib/pkgconfig
2026-02-10T21:11:52.9106498Z   Python_ROOT_DIR: /opt/hostedtoolcache/Python/3.11.14/x64
2026-02-10T21:11:52.9106858Z   Python2_ROOT_DIR: /opt/hostedtoolcache/Python/3.11.14/x64
2026-02-10T21:11:52.9107246Z   Python3_ROOT_DIR: /opt/hostedtoolcache/Python/3.11.14/x64
2026-02-10T21:11:52.9107605Z   LD_LIBRARY_PATH: /opt/hostedtoolcache/Python/3.11.14/x64/lib
2026-02-10T21:11:52.9107899Z ##[endgroup]
2026-02-10T21:11:53.0783581Z Skipped 1 files
2026-02-10T21:11:53.0938820Z ##[group]Run black --check .
2026-02-10T21:11:53.0939112Z [36;1mblack --check .[0m
2026-02-10T21:11:53.0971025Z shell: /usr/bin/bash -e {0}
2026-02-10T21:11:53.0971256Z env:
2026-02-10T21:11:53.0971447Z   DATABASE_URL: sqlite:///./data/app.db
2026-02-10T21:11:53.0971751Z   PYTHONPATH: /home/runner/work/Apartment/Apartment
2026-02-10T21:11:53.0972452Z   CI_READ_TOKEN: ***
2026-02-10T21:11:53.0972741Z   pythonLocation: /opt/hostedtoolcache/Python/3.11.14/x64
2026-02-10T21:11:53.0973149Z   PKG_CONFIG_PATH: /opt/hostedtoolcache/Python/3.11.14/x64/lib/pkgconfig
2026-02-10T21:11:53.0973547Z   Python_ROOT_DIR: /opt/hostedtoolcache/Python/3.11.14/x64
2026-02-10T21:11:53.0973899Z   Python2_ROOT_DIR: /opt/hostedtoolcache/Python/3.11.14/x64
2026-02-10T21:11:53.0974246Z   Python3_ROOT_DIR: /opt/hostedtoolcache/Python/3.11.14/x64
2026-02-10T21:11:53.0974602Z   LD_LIBRARY_PATH: /opt/hostedtoolcache/Python/3.11.14/x64/lib
2026-02-10T21:11:53.0974901Z ##[endgroup]
2026-02-10T21:11:53.7041941Z All done! ✨ 🍰 ✨
2026-02-10T21:11:53.7042590Z 29 files would be left unchanged.
2026-02-10T21:11:53.7326684Z ##[group]Run mkdir -p data
2026-02-10T21:11:53.7326967Z [36;1mmkdir -p data[0m
2026-02-10T21:11:53.7358323Z shell: /usr/bin/bash -e {0}
2026-02-10T21:11:53.7358563Z env:
2026-02-10T21:11:53.7358754Z   DATABASE_URL: sqlite:///./data/app.db
2026-02-10T21:11:53.7359060Z   PYTHONPATH: /home/runner/work/Apartment/Apartment
2026-02-10T21:11:53.7359998Z   CI_READ_TOKEN: ***
2026-02-10T21:11:53.7360281Z   pythonLocation: /opt/hostedtoolcache/Python/3.11.14/x64
2026-02-10T21:11:53.7360688Z   PKG_CONFIG_PATH: /opt/hostedtoolcache/Python/3.11.14/x64/lib/pkgconfig
2026-02-10T21:11:53.7361096Z   Python_ROOT_DIR: /opt/hostedtoolcache/Python/3.11.14/x64
2026-02-10T21:11:53.7361458Z   Python2_ROOT_DIR: /opt/hostedtoolcache/Python/3.11.14/x64
2026-02-10T21:11:53.7361812Z   Python3_ROOT_DIR: /opt/hostedtoolcache/Python/3.11.14/x64
2026-02-10T21:11:53.7362175Z   LD_LIBRARY_PATH: /opt/hostedtoolcache/Python/3.11.14/x64/lib
2026-02-10T21:11:53.7362488Z ##[endgroup]
2026-02-10T21:11:53.7448481Z ##[group]Run alembic stamp 0003_merge_heads || true
2026-02-10T21:11:53.7448828Z [36;1malembic stamp 0003_merge_heads || true[0m
2026-02-10T21:11:53.7449097Z [36;1malembic upgrade head[0m
2026-02-10T21:11:53.7477426Z shell: /usr/bin/bash -e {0}
2026-02-10T21:11:53.7477648Z env:
2026-02-10T21:11:53.7477834Z   DATABASE_URL: sqlite:///./data/app.db
2026-02-10T21:11:53.7478322Z   PYTHONPATH: /home/runner/work/Apartment/Apartment
2026-02-10T21:11:53.7479014Z   CI_READ_TOKEN: ***
2026-02-10T21:11:53.7479284Z   pythonLocation: /opt/hostedtoolcache/Python/3.11.14/x64
2026-02-10T21:11:53.7479952Z   PKG_CONFIG_PATH: /opt/hostedtoolcache/Python/3.11.14/x64/lib/pkgconfig
2026-02-10T21:11:53.7480366Z   Python_ROOT_DIR: /opt/hostedtoolcache/Python/3.11.14/x64
2026-02-10T21:11:53.7480719Z   Python2_ROOT_DIR: /opt/hostedtoolcache/Python/3.11.14/x64
2026-02-10T21:11:53.7481073Z   Python3_ROOT_DIR: /opt/hostedtoolcache/Python/3.11.14/x64
2026-02-10T21:11:53.7481467Z   LD_LIBRARY_PATH: /opt/hostedtoolcache/Python/3.11.14/x64/lib
2026-02-10T21:11:53.7481793Z ##[endgroup]
2026-02-10T21:11:54.3656943Z INFO  [alembic.runtime.migration] Context impl SQLiteImpl.
2026-02-10T21:11:54.3657670Z INFO  [alembic.runtime.migration] Will assume non-transactional DDL.
2026-02-10T21:11:54.3723703Z INFO  [alembic.runtime.migration] Running stamp_revision  -> 0003_merge_heads
2026-02-10T21:11:54.9613338Z INFO  [alembic.runtime.migration] Context impl SQLiteImpl.
2026-02-10T21:11:54.9614104Z INFO  [alembic.runtime.migration] Will assume non-transactional DDL.
2026-02-10T21:11:55.0711682Z ##[group]Run pytest -q
2026-02-10T21:11:55.0712119Z [36;1mpytest -q[0m
2026-02-10T21:11:55.0759199Z shell: /usr/bin/bash -e {0}
2026-02-10T21:11:55.0759796Z env:
2026-02-10T21:11:55.0760121Z   DATABASE_URL: sqlite:///./data/app.db
2026-02-10T21:11:55.0760646Z   PYTHONPATH: /home/runner/work/Apartment/Apartment
2026-02-10T21:11:55.0762109Z   CI_READ_TOKEN: ***
2026-02-10T21:11:55.0762648Z   pythonLocation: /opt/hostedtoolcache/Python/3.11.14/x64
2026-02-10T21:11:55.0763399Z   PKG_CONFIG_PATH: /opt/hostedtoolcache/Python/3.11.14/x64/lib/pkgconfig
2026-02-10T21:11:55.0764360Z   Python_ROOT_DIR: /opt/hostedtoolcache/Python/3.11.14/x64
2026-02-10T21:11:55.0765032Z   Python2_ROOT_DIR: /opt/hostedtoolcache/Python/3.11.14/x64
2026-02-10T21:11:55.0765679Z   Python3_ROOT_DIR: /opt/hostedtoolcache/Python/3.11.14/x64
2026-02-10T21:11:55.0766363Z   LD_LIBRARY_PATH: /opt/hostedtoolcache/Python/3.11.14/x64/lib
2026-02-10T21:11:55.0766911Z ##[endgroup]
2026-02-10T21:11:56.9712520Z .........                                                                [100%]
2026-02-10T21:11:56.9713266Z =============================== warnings summary ===============================
2026-02-10T21:11:56.9714337Z ../../../../../opt/hostedtoolcache/Python/3.11.14/x64/lib/python3.11/site-packages/passlib/utils/__init__.py:854
2026-02-10T21:11:56.9716252Z   /opt/hostedtoolcache/Python/3.11.14/x64/lib/python3.11/site-packages/passlib/utils/__init__.py:854: DeprecationWarning: 'crypt' is deprecated and slated for removal in Python 3.13
2026-02-10T21:11:56.9717229Z     from crypt import crypt as _crypt
2026-02-10T21:11:56.9717459Z 
2026-02-10T21:11:56.9717557Z app/main.py:47
2026-02-10T21:11:56.9717988Z   /home/runner/work/Apartment/Apartment/app/main.py:47: DeprecationWarning: 
2026-02-10T21:11:56.9718503Z           on_event is deprecated, use lifespan event handlers instead.
2026-02-10T21:11:56.9718871Z   
2026-02-10T21:11:56.9719049Z           Read more about it in the
2026-02-10T21:11:56.9719502Z           [FastAPI docs for Lifespan Events](https://fastapi.tiangolo.com/advanced/events/).
2026-02-10T21:11:56.9720175Z           
2026-02-10T21:11:56.9720366Z     @app.on_event("startup")
2026-02-10T21:11:56.9720529Z 
2026-02-10T21:11:56.9720869Z ../../../../../opt/hostedtoolcache/Python/3.11.14/x64/lib/python3.11/site-packages/fastapi/applications.py:4579
2026-02-10T21:11:56.9721704Z   /opt/hostedtoolcache/Python/3.11.14/x64/lib/python3.11/site-packages/fastapi/applications.py:4579: DeprecationWarning: 
2026-02-10T21:11:56.9722380Z           on_event is deprecated, use lifespan event handlers instead.
2026-02-10T21:11:56.9722722Z   
2026-02-10T21:11:56.9722897Z           Read more about it in the
2026-02-10T21:11:56.9723339Z           [FastAPI docs for Lifespan Events](https://fastapi.tiangolo.com/advanced/events/).
2026-02-10T21:11:56.9724168Z           
2026-02-10T21:11:56.9724372Z     return self.router.on_event(event_type)
2026-02-10T21:11:56.9724585Z 
2026-02-10T21:11:56.9724800Z -- Docs: https://docs.pytest.org/en/stable/how-to/capture-warnings.html
2026-02-10T21:11:56.9725279Z 9 passed, 3 warnings in 1.16s
2026-02-10T21:11:57.1205730Z Post job cleanup.
2026-02-10T21:11:57.2902508Z Post job cleanup.
2026-02-10T21:11:57.3865617Z [command]/usr/bin/git version
2026-02-10T21:11:57.3903613Z git version 2.52.0
2026-02-10T21:11:57.3947940Z Temporarily overriding HOME='/home/runner/work/_temp/c343509e-6903-43c5-8ece-55c56108445d' before making global git config changes
2026-02-10T21:11:57.3949269Z Adding repository directory to the temporary git global config as a safe directory
2026-02-10T21:11:57.3954160Z [command]/usr/bin/git config --global --add safe.directory /home/runner/work/Apartment/Apartment
2026-02-10T21:11:57.3999967Z [command]/usr/bin/git config --local --name-only --get-regexp core\.sshCommand
2026-02-10T21:11:57.4034620Z [command]/usr/bin/git submodule foreach --recursive sh -c "git config --local --name-only --get-regexp 'core\.sshCommand' && git config --local --unset-all 'core.sshCommand' || :"
2026-02-10T21:11:57.4269378Z [command]/usr/bin/git config --local --name-only --get-regexp http\.https\:\/\/github\.com\/\.extraheader
2026-02-10T21:11:57.4292479Z http.https://github.com/.extraheader
2026-02-10T21:11:57.4305240Z [command]/usr/bin/git config --local --unset-all http.https://github.com/.extraheader
2026-02-10T21:11:57.4337620Z [command]/usr/bin/git submodule foreach --recursive sh -c "git config --local --name-only --get-regexp 'http\.https\:\/\/github\.com\/\.extraheader' && git config --local --unset-all 'http.https://github.com/.extraheader' || :"
2026-02-10T21:11:57.4568139Z [command]/usr/bin/git config --local --name-only --get-regexp ^includeIf\.gitdir:
2026-02-10T21:11:57.4600807Z [command]/usr/bin/git submodule foreach --recursive git config --local --show-origin --name-only --get-regexp remote.origin.url
2026-02-10T21:11:57.4939255Z Cleaning up orphan processes
